[{"stream_name":"stderr","time":6.946330447,"data":"0.00s - Debugger warning: It seems that frozen modules are being used, which may\n"}
,{"stream_name":"stderr","time":6.946376142,"data":"0.00s - make the debugger miss breakpoints. Please pass -Xfrozen_modules=off\n"}
,{"stream_name":"stderr","time":6.946381325,"data":"0.00s - to python to disable frozen modules.\n"}
,{"stream_name":"stderr","time":6.946397942,"data":"0.00s - Note: Debugging will proceed. Set PYDEVD_DISABLE_FILE_VALIDATION=1 to disable this validation.\n"}
,{"stream_name":"stderr","time":7.587688196,"data":"0.00s - Debugger warning: It seems that frozen modules are being used, which may\n"}
,{"stream_name":"stderr","time":7.587720754,"data":"0.00s - make the debugger miss breakpoints. Please pass -Xfrozen_modules=off\n"}
,{"stream_name":"stderr","time":7.587729439,"data":"0.00s - to python to disable frozen modules.\n"}
,{"stream_name":"stderr","time":7.58773225,"data":"0.00s - Note: Debugging will proceed. Set PYDEVD_DISABLE_FILE_VALIDATION=1 to disable this validation.\n"}
,{"stream_name":"stdout","time":332.52375869,"data":"/usr/local/lib/python3.13/dist-packages/mistune.py:435: SyntaxWarning: invalid escape sequence '\\|'\n"}
,{"stream_name":"stdout","time":332.523805474,"data":"  cells[i][c] = re.sub('\\\\\\\\\\|', '|', cell)\n"}
,{"stream_name":"stdout","time":332.52381242,"data":"/usr/local/lib/python3.13/dist-packages/nbconvert/filters/filter_links.py:36: SyntaxWarning: invalid escape sequence '\\_'\n"}
,{"stream_name":"stdout","time":332.523817791,"data":"  text = re.sub(r'_', '\\_', text) # Escape underscores in display text\n"}
,{"stream_name":"stdout","time":332.523822826,"data":"[NbConvertApp] Converting notebook /tmp/e9_afriberta_010.ipynb to notebook\n"}
,{"stream_name":"stdout","time":332.52382768,"data":"0.00s - Debugger warning: It seems that frozen modules are being used, which may\n"}
,{"stream_name":"stdout","time":332.523832595,"data":"0.00s - make the debugger miss breakpoints. Please pass -Xfrozen_modules=off\n"}
,{"stream_name":"stdout","time":332.523837454,"data":"0.00s - to python to disable frozen modules.\n"}
,{"stream_name":"stdout","time":332.523842099,"data":"0.00s - Note: Debugging will proceed. Set PYDEVD_DISABLE_FILE_VALIDATION=1 to disable this validation.\n"}
,{"stream_name":"stdout","time":332.523847123,"data":"0.00s - Debugger warning: It seems that frozen modules are being used, which may\n"}
,{"stream_name":"stdout","time":332.523853926,"data":"0.00s - make the debugger miss breakpoints. Please pass -Xfrozen_modules=off\n"}
,{"stream_name":"stdout","time":332.52386326,"data":"0.00s - to python to disable frozen modules.\n"}
,{"stream_name":"stdout","time":332.523866686,"data":"0.00s - Note: Debugging will proceed. Set PYDEVD_DISABLE_FILE_VALIDATION=1 to disable this validation.\n"}
,{"stream_name":"stdout","time":332.523871205,"data":"[NbConvertApp] Writing 42388 bytes to /kaggle/working/e9_afriberta_010.ipynb\n"}
,{"stream_name":"stdout","time":332.523891057,"data":"\n"}
,{"stream_name":"stdout","time":332.523897302,"data":"# E9 learning curve: AfriBERTa (E4 settings) trained on a random 10% of the training tweets (852); a different subset per seed\n"}
,{"stream_name":"stdout","time":332.52390334,"data":"model_name: castorini/afriberta_large\n"}
,{"stream_name":"stdout","time":332.523908706,"data":"learning_rate: 3.0e-5\n"}
,{"stream_name":"stdout","time":332.523913406,"data":"batch_size: 32\n"}
,{"stream_name":"stdout","time":332.523917949,"data":"epochs: 20\n"}
,{"stream_name":"stdout","time":332.523922439,"data":"early_stopping_patience: 3\n"}
,{"stream_name":"stdout","time":332.523927155,"data":"train_subset: 852\n"}
,{"stream_name":"stdout","time":332.523931774,"data":"eval_diacritics: [original]\n"}
,{"stream_name":"stdout","time":332.523947317,"data":"\n"}
,{"stream_name":"stdout","time":332.523951304,"data":"\n"}
,{"stream_name":"stdout","time":332.523954924,"data":"4', 'eval_precision_positive': '0.7416', 'eval_recall_positive': '0.7174', 'eval_f1_positive': '0.7293', 'eval_runtime': '1.629', 'eval_samples_per_second': '1116', 'eval_steps_per_second': '17.81', 'epoch': '15'}\n"}
,{"stream_name":"stdout","time":332.523960944,"data":"[seed 42 | gpu 0] \n"}
,{"stream_name":"stdout","time":332.523966567,"data":"[seed 44 | gpu 1] \n"}
,{"stream_name":"stdout","time":332.523987336,"data":"[seed 42 | gpu 0] {'eval_loss': '2.153', 'eval_accuracy': '0.6593', 'eval_macro_f1': '0.6278', 'eval_weighted_f1': '0.6558', 'eval_precision_negative': '0.5179', 'eval_recall_negative': '0.4473', 'eval_f1_negative': '0.48', 'eval_precision_neutral': '0.6742', 'eval_recall_neutral': '0.6773', 'eval_f1_neutral': '0.6757', 'eval_precision_positive': '0.7054', 'eval_recall_positive': '0.7513', 'eval_f1_positive': '0.7276', 'eval_runtime': '1.642', 'eval_samples_per_second': '1107', 'eval_steps_per_second': '17.67', 'epoch': '16'}\n"}
,{"stream_name":"stdout","time":332.523994701,"data":"[seed 42 | gpu 0] \n"}
,{"stream_name":"stdout","time":332.523999473,"data":"[seed 44 | gpu 1] {'eval_loss': '1.531', 'eval_accuracy': '0.6516', 'eval_macro_f1': '0.628', 'eval_weighted_f1': '0.6506', 'eval_precision_negative': '0.5131', 'eval_recall_negative': '0.5039', 'eval_f1_negative': '0.5084', 'eval_precision_neutral': '0.6934', 'eval_recall_neutral': '0.6409', 'eval_f1_neutral': '0.6661', 'eval_precision_positive': '0.6848', 'eval_recall_positive': '0.7357', 'eval_f1_positive': '0.7094', 'eval_runtime': '1.568', 'eval_samples_per_second': '1159', 'eval_steps_per_second': '18.5', 'epoch': '7'}\n"}
,{"stream_name":"stdout","time":332.524006114,"data":"[seed 44 | gpu 1] \n"}
,{"stream_name":"stdout","time":332.52401006,"data":"[seed 42 | gpu 0] {'loss': '0.0007656', 'grad_norm': '0.01444', 'learning_rate': '5.617e-06', 'epoch': '16.67'}\n"}
,{"stream_name":"stdout","time":332.524014087,"data":"[seed 44 | gpu 1] {'loss': '0.05725', 'grad_norm': '0.3719', 'learning_rate': '2.105e-05', 'epoch': '7.407'}\n"}
,{"stream_name":"stdout","time":332.524018147,"data":"[seed 42 | gpu 0] {'eval_loss': '2.163', 'eval_accuracy': '0.6637', 'eval_macro_f1': '0.6334', 'eval_weighted_f1': '0.661', 'eval_precision_negative': '0.5269', 'eval_recall_negative': '0.4524', 'eval_f1_negative': '0.4869', 'eval_precision_neutral': '0.6498', 'eval_recall_neutral': '0.7197', 'eval_f1_neutral': '0.683', 'eval_precision_positive': '0.738', 'eval_recall_positive': '0.7227', 'eval_f1_positive': '0.7303', 'eval_runtime': '1.643', 'eval_samples_per_second': '1106', 'eval_steps_per_second': '17.65', 'epoch': '17'}\n"}
,{"stream_name":"stdout","time":332.524023654,"data":"[seed 42 | gpu 0] \n"}
,{"stream_name":"stdout","time":332.524027409,"data":"[seed 44 | gpu 1] {'eval_loss': '1.754', 'eval_accuracy': '0.6423', 'eval_macro_f1': '0.6263', 'eval_weighted_f1': '0.6456', 'eval_precision_negative': '0.4642', 'eval_recall_negative': '0.617', 'eval_f1_negative': '0.5298', 'eval_precision_neutral': '0.741', 'eval_recall_neutral': '0.5636', 'eval_f1_neutral': '0.6403', 'eval_precision_positive': '0.6955', 'eval_recall_positive': '0.7227', 'eval_f1_positive': '0.7088', 'eval_runtime': '1.587', 'eval_samples_per_second': '1145', 'eval_steps_per_second': '18.28', 'epoch': '8'}\n"}
,{"stream_name":"stdout","time":332.524032928,"data":"[seed 44 | gpu 1] \n"}
,{"stream_name":"stdout","time":332.524037214,"data":"[seed 44 | gpu 1] Writing model shards: 100%|██████████| 1/1 [00:10\u003c00:00, 10.35s/it]\n"}
,{"stream_name":"stdout","time":332.524042648,"data":"[seed 44 | gpu 1] Writing model shards: 100%|██████████| 1/1 [00:10\u003c00:00, 10.35s/it]\n"}
,{"stream_name":"stdout","time":332.524050977,"data":"[seed 42 | gpu 0] {'train_runtime': '237.7', 'train_samples_per_second': '71.7', 'train_steps_per_second': '2.272', 'train_loss': '0.2157', 'epoch': '17'}\n"}
,{"stream_name":"stdout","time":332.524055249,"data":"[seed 44 | gpu 1] {'eval_loss': '1.857', 'eval_accuracy': '0.656', 'eval_macro_f1': '0.6381', 'eval_weighted_f1': '0.6585', 'eval_precision_negative': '0.5', 'eval_recall_negative': '0.5578', 'eval_f1_negative': '0.5273', 'eval_precision_neutral': '0.6592', 'eval_recall_neutral': '0.7121', 'eval_f1_neutral': '0.6846', 'eval_precision_positive': '0.7537', 'eval_recall_positive': '0.6576', 'eval_f1_positive': '0.7024', 'eval_runtime': '1.575', 'eval_samples_per_second': '1153', 'eval_steps_per_second': '18.41', 'epoch': '9'}\n"}
,{"stream_name":"stdout","time":332.524060725,"data":"[seed 44 | gpu 1] \n"}
,{"stream_name":"stdout","time":332.524071049,"data":"[seed 42 | gpu 0] [dev/original/all] macro-F1 0.6475  weighted-F1 0.6759\n"}
,{"stream_name":"stdout","time":332.524086327,"data":"[seed 42 | gpu 0] [dev/original/clean] macro-F1 0.6373  weighted-F1 0.6650\n"}
,{"stream_name":"stdout","time":332.524091342,"data":"[seed 44 | gpu 1] {'train_runtime': '130.7', 'train_samples_per_second': '130.3', 'train_steps_per_second': '4.131', 'train_loss': '0.4154', 'epoch': '9'}\n"}
,{"stream_name":"stdout","time":332.52409595,"data":"[seed 44 | gpu 1] [dev/original/all] macro-F1 0.6572  weighted-F1 0.6758\n"}
,{"stream_name":"stdout","time":332.524106952,"data":"[seed 44 | gpu 1] [dev/original/clean] macro-F1 0.6417  weighted-F1 0.6594\n"}
,{"stream_name":"stdout","time":332.52411106,"data":"\n"}
,{"stream_name":"stderr","time":336.105831317,"data":"[NbConvertApp] Converting notebook __notebook__.ipynb to notebook\n"}
,{"stream_name":"stderr","time":336.188887333,"data":"[NbConvertApp] Writing 15768 bytes to __notebook__.ipynb\n"}
,{"stream_name":"stderr","time":338.866968635,"data":"[NbConvertApp] Converting notebook __notebook__.ipynb to html\n"}
,{"stream_name":"stderr","time":339.404265355,"data":"[NbConvertApp] Writing 294910 bytes to __results__.html\n"}
]