[{"stream_name":"stderr","time":7.141934615,"data":"0.00s - Debugger warning: It seems that frozen modules are being used, which may\n"}
,{"stream_name":"stderr","time":7.141980804,"data":"0.00s - make the debugger miss breakpoints. Please pass -Xfrozen_modules=off\n"}
,{"stream_name":"stderr","time":7.141985224,"data":"0.00s - to python to disable frozen modules.\n"}
,{"stream_name":"stderr","time":7.141987679,"data":"0.00s - Note: Debugging will proceed. Set PYDEVD_DISABLE_FILE_VALIDATION=1 to disable this validation.\n"}
,{"stream_name":"stderr","time":7.758070866,"data":"0.00s - Debugger warning: It seems that frozen modules are being used, which may\n"}
,{"stream_name":"stderr","time":7.758092795,"data":"0.00s - make the debugger miss breakpoints. Please pass -Xfrozen_modules=off\n"}
,{"stream_name":"stderr","time":7.758097409,"data":"0.00s - to python to disable frozen modules.\n"}
,{"stream_name":"stderr","time":7.758100864,"data":"0.00s - Note: Debugging will proceed. Set PYDEVD_DISABLE_FILE_VALIDATION=1 to disable this validation.\n"}
,{"stream_name":"stdout","time":1600.456548346,"data":"/usr/local/lib/python3.13/dist-packages/mistune.py:435: SyntaxWarning: invalid escape sequence '\\|'\n"}
,{"stream_name":"stdout","time":1600.456601103,"data":"  cells[i][c] = re.sub('\\\\\\\\\\|', '|', cell)\n"}
,{"stream_name":"stdout","time":1600.456608543,"data":"/usr/local/lib/python3.13/dist-packages/nbconvert/filters/filter_links.py:36: SyntaxWarning: invalid escape sequence '\\_'\n"}
,{"stream_name":"stdout","time":1600.456615389,"data":"  text = re.sub(r'_', '\\_', text) # Escape underscores in display text\n"}
,{"stream_name":"stdout","time":1600.456620755,"data":"[NbConvertApp] Converting notebook /tmp/e5c_afroxlmr_large_lora.ipynb to notebook\n"}
,{"stream_name":"stdout","time":1600.456637061,"data":"0.00s - Debugger warning: It seems that frozen modules are being used, which may\n"}
,{"stream_name":"stdout","time":1600.456641343,"data":"0.00s - make the debugger miss breakpoints. Please pass -Xfrozen_modules=off\n"}
,{"stream_name":"stdout","time":1600.456645545,"data":"0.00s - to python to disable frozen modules.\n"}
,{"stream_name":"stdout","time":1600.456649724,"data":"0.00s - Note: Debugging will proceed. Set PYDEVD_DISABLE_FILE_VALIDATION=1 to disable this validation.\n"}
,{"stream_name":"stdout","time":1600.456653959,"data":"0.00s - Debugger warning: It seems that frozen modules are being used, which may\n"}
,{"stream_name":"stdout","time":1600.456658299,"data":"0.00s - make the debugger miss breakpoints. Please pass -Xfrozen_modules=off\n"}
,{"stream_name":"stdout","time":1600.456663021,"data":"0.00s - to python to disable frozen modules.\n"}
,{"stream_name":"stdout","time":1600.456684863,"data":"0.00s - Note: Debugging will proceed. Set PYDEVD_DISABLE_FILE_VALIDATION=1 to disable this validation.\n"}
,{"stream_name":"stdout","time":1600.456689831,"data":"[NbConvertApp] Writing 66835 bytes to /kaggle/working/e5c_afroxlmr_large_lora.ipynb\n"}
,{"stream_name":"stdout","time":1600.456695132,"data":"\n"}
,{"stream_name":"stdout","time":1600.456700197,"data":"# E5c: AfroXLMR large with LoRA (Hu et al., 2022): frozen backbone, rank-16 adapters on attention\n"}
,{"stream_name":"stdout","time":1600.456705493,"data":"# query/value projections + trainable classification head. lr 1e-4 (3e-4 collapsed 2 of 3 seeds), up to 15 epochs\n"}
,{"stream_name":"stdout","time":1600.456710163,"data":"model_name: Davlan/afro-xlmr-large\n"}
,{"stream_name":"stdout","time":1600.456714573,"data":"learning_rate: 1.0e-4\n"}
,{"stream_name":"stdout","time":1600.456718764,"data":"batch_size: 32\n"}
,{"stream_name":"stdout","time":1600.456723083,"data":"lora: {r: 16, alpha: 32, dropout: 0.1, target_modules: [query, value]}\n"}
,{"stream_name":"stdout","time":1600.456736413,"data":"epochs: 15\n"}
,{"stream_name":"stdout","time":1600.456740017,"data":"early_stopping_patience: 3\n"}
,{"stream_name":"stdout","time":1600.456743447,"data":"eval_diacritics: [original, no_tones, no_diacritics]\n"}
,{"stream_name":"stdout","time":1600.456746965,"data":"\n"}
,{"stream_name":"stdout","time":1600.456750269,"data":"\n"}
,{"stream_name":"stdout","time":1600.456753547,"data":"val_samples_per_second': '186.3', 'eval_steps_per_second': '2.973', 'epoch': '10'}\n"}
,{"stream_name":"stdout","time":1600.456757147,"data":"[seed 44 | gpu 1] {'loss': '0.5677', 'grad_norm': '6.077', 'learning_rate': '3.623e-05', 'epoch': '10.11'}\n"}
,{"stream_name":"stdout","time":1600.456760763,"data":"[seed 44 | gpu 1] {'loss': '0.5918', 'grad_norm': '12.84', 'learning_rate': '3.484e-05', 'epoch': '10.3'}\n"}
,{"stream_name":"stdout","time":1600.456766121,"data":"[seed 44 | gpu 1] {'loss': '0.5547', 'grad_norm': '8.087', 'learning_rate': '3.345e-05', 'epoch': '10.49'}\n"}
,{"stream_name":"stdout","time":1600.456775119,"data":"[seed 44 | gpu 1] {'loss': '0.592', 'grad_norm': '5.036', 'learning_rate': '3.207e-05', 'epoch': '10.67'}\n"}
,{"stream_name":"stdout","time":1600.456780902,"data":"[seed 44 | gpu 1] {'loss': '0.5666', 'grad_norm': '9.704', 'learning_rate': '3.068e-05', 'epoch': '10.86'}\n"}
,{"stream_name":"stdout","time":1600.456785756,"data":"[seed 44 | gpu 1] {'eval_loss': '0.7191', 'eval_accuracy': '0.7171', 'eval_macro_f1': '0.6933', 'eval_weighted_f1': '0.7131', 'eval_precision_negative': '0.6645', 'eval_recall_negative': '0.5347', 'eval_f1_negative': '0.5926', 'eval_precision_neutral': '0.7202', 'eval_recall_neutral': '0.7061', 'eval_f1_neutral': '0.7131', 'eval_precision_positive': '0.734', 'eval_recall_positive': '0.819', 'eval_f1_positive': '0.7742', 'eval_runtime': '9.726', 'eval_samples_per_second': '186.8', 'eval_steps_per_second': '2.982', 'epoch': '11'}\n"}
,{"stream_name":"stdout","time":1600.456794916,"data":"[seed 44 | gpu 1] {'loss': '0.5788', 'grad_norm': '9.062', 'learning_rate': '2.929e-05', 'epoch': '11.05'}\n"}
,{"stream_name":"stdout","time":1600.456798768,"data":"[seed 44 | gpu 1] {'loss': '0.5512', 'grad_norm': '8.77', 'learning_rate': '2.791e-05', 'epoch': '11.24'}\n"}
,{"stream_name":"stdout","time":1600.456803126,"data":"[seed 44 | gpu 1] {'loss': '0.5558', 'grad_norm': '6.351', 'learning_rate': '2.652e-05', 'epoch': '11.42'}\n"}
,{"stream_name":"stdout","time":1600.456807215,"data":"[seed 44 | gpu 1] {'loss': '0.5692', 'grad_norm': '6.083', 'learning_rate': '2.513e-05', 'epoch': '11.61'}\n"}
,{"stream_name":"stdout","time":1600.456810857,"data":"[seed 44 | gpu 1] {'loss': '0.5578', 'grad_norm': '8.764', 'learning_rate': '2.374e-05', 'epoch': '11.8'}\n"}
,{"stream_name":"stdout","time":1600.456814545,"data":"[seed 44 | gpu 1] {'loss': '0.583', 'grad_norm': '13.64', 'learning_rate': '2.236e-05', 'epoch': '11.99'}\n"}
,{"stream_name":"stdout","time":1600.456818273,"data":"[seed 44 | gpu 1] {'eval_loss': '0.7127', 'eval_accuracy': '0.7166', 'eval_macro_f1': '0.6918', 'eval_weighted_f1': '0.7125', 'eval_precision_negative': '0.6613', 'eval_recall_negative': '0.527', 'eval_f1_negative': '0.5866', 'eval_precision_neutral': '0.7147', 'eval_recall_neutral': '0.7136', 'eval_f1_neutral': '0.7142', 'eval_precision_positive': '0.7382', 'eval_recall_positive': '0.8151', 'eval_f1_positive': '0.7748', 'eval_runtime': '9.756', 'eval_samples_per_second': '186.2', 'eval_steps_per_second': '2.973', 'epoch': '12'}\n"}
,{"stream_name":"stdout","time":1600.456823354,"data":"[seed 44 | gpu 1] {'loss': '0.5354', 'grad_norm': '4.567', 'learning_rate': '2.097e-05', 'epoch': '12.17'}\n"}
,{"stream_name":"stdout","time":1600.456827481,"data":"[seed 44 | gpu 1] {'loss': '0.5385', 'grad_norm': '5.662', 'learning_rate': '1.958e-05', 'epoch': '12.36'}\n"}
,{"stream_name":"stdout","time":1600.456841948,"data":"[seed 44 | gpu 1] {'loss': '0.531', 'grad_norm': '16.77', 'learning_rate': '1.82e-05', 'epoch': '12.55'}\n"}
,{"stream_name":"stdout","time":1600.456845775,"data":"[seed 44 | gpu 1] {'loss': '0.5558', 'grad_norm': '32.54', 'learning_rate': '1.681e-05', 'epoch': '12.73'}\n"}
,{"stream_name":"stdout","time":1600.456849492,"data":"[seed 44 | gpu 1] {'loss': '0.5628', 'grad_norm': '5.713', 'learning_rate': '1.542e-05', 'epoch': '12.92'}\n"}
,{"stream_name":"stdout","time":1600.456853226,"data":"[seed 44 | gpu 1] {'eval_loss': '0.7169', 'eval_accuracy': '0.7188', 'eval_macro_f1': '0.6993', 'eval_weighted_f1': '0.7183', 'eval_precision_negative': '0.5985', 'eval_recall_negative': '0.6093', 'eval_f1_negative': '0.6038', 'eval_precision_neutral': '0.7423', 'eval_recall_neutral': '0.6894', 'eval_f1_neutral': '0.7148', 'eval_precision_positive': '0.7599', 'eval_recall_positive': '0.7995', 'eval_f1_positive': '0.7792', 'eval_runtime': '9.731', 'eval_samples_per_second': '186.7', 'eval_steps_per_second': '2.98', 'epoch': '13'}\n"}
,{"stream_name":"stdout","time":1600.456858405,"data":"[seed 44 | gpu 1] {'train_runtime': '769', 'train_samples_per_second': '166.2', 'train_steps_per_second': '5.208', 'train_loss': '0.6933', 'epoch': '13'}\n"}
,{"stream_name":"stdout","time":1600.456864061,"data":"[seed 44 | gpu 1] [dev/original/all] macro-F1 0.7262  weighted-F1 0.7434\n"}
,{"stream_name":"stdout","time":1600.456872001,"data":"[seed 44 | gpu 1] [dev/original/clean] macro-F1 0.7051  weighted-F1 0.7229\n"}
,{"stream_name":"stdout","time":1600.456891677,"data":"[seed 44 | gpu 1] [dev/no_tones/all] macro-F1 0.7147  weighted-F1 0.7314\n"}
,{"stream_name":"stdout","time":1600.456896196,"data":"[seed 44 | gpu 1] [dev/no_tones/clean] macro-F1 0.6992  weighted-F1 0.7166\n"}
,{"stream_name":"stdout","time":1600.456900212,"data":"[seed 44 | gpu 1] [dev/no_diacritics/all] macro-F1 0.6822  weighted-F1 0.6978\n"}
,{"stream_name":"stdout","time":1600.456903902,"data":"[seed 44 | gpu 1] [dev/no_diacritics/clean] macro-F1 0.6672  weighted-F1 0.6832\n"}
,{"stream_name":"stdout","time":1600.456908352,"data":"\n"}
,{"stream_name":"stderr","time":1603.652738442,"data":"[NbConvertApp] Converting notebook __notebook__.ipynb to notebook\n"}
,{"stream_name":"stderr","time":1603.728089021,"data":"[NbConvertApp] Writing 17338 bytes to __notebook__.ipynb\n"}
,{"stream_name":"stderr","time":1606.134810654,"data":"[NbConvertApp] Converting notebook __notebook__.ipynb to html\n"}
,{"stream_name":"stderr","time":1606.645127077,"data":"[NbConvertApp] Writing 295974 bytes to __results__.html\n"}
]