[{"stream_name":"stderr","time":7.217539903,"data":"0.00s - Debugger warning: It seems that frozen modules are being used, which may\n"}
,{"stream_name":"stderr","time":7.217581109,"data":"0.00s - make the debugger miss breakpoints. Please pass -Xfrozen_modules=off\n"}
,{"stream_name":"stderr","time":7.217591152,"data":"0.00s - to python to disable frozen modules.\n"}
,{"stream_name":"stderr","time":7.217593759,"data":"0.00s - Note: Debugging will proceed. Set PYDEVD_DISABLE_FILE_VALIDATION=1 to disable this validation.\n"}
,{"stream_name":"stderr","time":7.819913362,"data":"0.00s - Debugger warning: It seems that frozen modules are being used, which may\n"}
,{"stream_name":"stderr","time":7.81995771,"data":"0.00s - make the debugger miss breakpoints. Please pass -Xfrozen_modules=off\n"}
,{"stream_name":"stderr","time":7.819963215,"data":"0.00s - to python to disable frozen modules.\n"}
,{"stream_name":"stderr","time":7.819966868,"data":"0.00s - Note: Debugging will proceed. Set PYDEVD_DISABLE_FILE_VALIDATION=1 to disable this validation.\n"}
,{"stream_name":"stdout","time":284.970084111,"data":"/usr/local/lib/python3.13/dist-packages/mistune.py:435: SyntaxWarning: invalid escape sequence '\\|'\n"}
,{"stream_name":"stdout","time":284.97013784,"data":"  cells[i][c] = re.sub('\\\\\\\\\\|', '|', cell)\n"}
,{"stream_name":"stdout","time":284.970145116,"data":"/usr/local/lib/python3.13/dist-packages/nbconvert/filters/filter_links.py:36: SyntaxWarning: invalid escape sequence '\\_'\n"}
,{"stream_name":"stdout","time":284.9701501,"data":"  text = re.sub(r'_', '\\_', text) # Escape underscores in display text\n"}
,{"stream_name":"stdout","time":284.970154741,"data":"[NbConvertApp] Converting notebook /tmp/e9_afriberta_025.ipynb to notebook\n"}
,{"stream_name":"stdout","time":284.970159206,"data":"0.00s - Debugger warning: It seems that frozen modules are being used, which may\n"}
,{"stream_name":"stdout","time":284.970163546,"data":"0.00s - make the debugger miss breakpoints. Please pass -Xfrozen_modules=off\n"}
,{"stream_name":"stdout","time":284.970168005,"data":"0.00s - to python to disable frozen modules.\n"}
,{"stream_name":"stdout","time":284.970172388,"data":"0.00s - Note: Debugging will proceed. Set PYDEVD_DISABLE_FILE_VALIDATION=1 to disable this validation.\n"}
,{"stream_name":"stdout","time":284.970177226,"data":"0.00s - Debugger warning: It seems that frozen modules are being used, which may\n"}
,{"stream_name":"stdout","time":284.970182036,"data":"0.00s - make the debugger miss breakpoints. Please pass -Xfrozen_modules=off\n"}
,{"stream_name":"stdout","time":284.970187435,"data":"0.00s - to python to disable frozen modules.\n"}
,{"stream_name":"stdout","time":284.970192081,"data":"0.00s - Note: Debugging will proceed. Set PYDEVD_DISABLE_FILE_VALIDATION=1 to disable this validation.\n"}
,{"stream_name":"stdout","time":284.970197308,"data":"[NbConvertApp] Writing 39950 bytes to /kaggle/working/e9_afriberta_025.ipynb\n"}
,{"stream_name":"stdout","time":284.970201947,"data":"\n"}
,{"stream_name":"stdout","time":284.970206622,"data":"# E9 learning curve: AfriBERTa (E4 settings) trained on a random 25% of the training tweets (2130); a different subset per seed\n"}
,{"stream_name":"stdout","time":284.970211256,"data":"model_name: castorini/afriberta_large\n"}
,{"stream_name":"stdout","time":284.970215033,"data":"learning_rate: 3.0e-5\n"}
,{"stream_name":"stdout","time":284.970219036,"data":"batch_size: 32\n"}
,{"stream_name":"stdout","time":284.970223153,"data":"epochs: 15\n"}
,{"stream_name":"stdout","time":284.97022756,"data":"early_stopping_patience: 3\n"}
,{"stream_name":"stdout","time":284.970235164,"data":"train_subset: 2130\n"}
,{"stream_name":"stdout","time":284.970239553,"data":"eval_diacritics: [original]\n"}
,{"stream_name":"stdout","time":284.9702547,"data":"\n"}
,{"stream_name":"stdout","time":284.970258116,"data":"\n"}
,{"stream_name":"stdout","time":284.970261337,"data":", 'eval_recall_positive': '0.5443', 'eval_f1_positive': '0.6645', 'eval_runtime': '1.721', 'eval_samples_per_second': '1056', 'eval_steps_per_second': '16.85', 'epoch': '4'}\n"}
,{"stream_name":"stdout","time":284.970265037,"data":"[seed 44 | gpu 1] \n"}
,{"stream_name":"stdout","time":284.970268511,"data":"[seed 44 | gpu 1] {'loss': '0.3171', 'grad_norm': '1.028', 'learning_rate': '2.34e-05', 'epoch': '4.478'}\n"}
,{"stream_name":"stdout","time":284.970280173,"data":"[seed 44 | gpu 1] {'eval_loss': '1.142', 'eval_accuracy': '0.6824', 'eval_macro_f1': '0.654', 'eval_weighted_f1': '0.6793', 'eval_precision_negative': '0.5852', 'eval_recall_negative': '0.4679', 'eval_f1_negative': '0.52', 'eval_precision_neutral': '0.6391', 'eval_recall_neutral': '0.7727', 'eval_f1_neutral': '0.6996', 'eval_precision_positive': '0.774', 'eval_recall_positive': '0.7135', 'eval_f1_positive': '0.7425', 'eval_runtime': '1.758', 'eval_samples_per_second': '1034', 'eval_steps_per_second': '16.5', 'epoch': '5'}\n"}
,{"stream_name":"stdout","time":284.970287905,"data":"[seed 44 | gpu 1] \n"}
,{"stream_name":"stdout","time":284.97029101,"data":"[seed 44 | gpu 1] {'loss': '0.2219', 'grad_norm': '12.08', 'learning_rate': '2.175e-05', 'epoch': '5.224'}\n"}
,{"stream_name":"stdout","time":284.970294846,"data":"[seed 44 | gpu 1] {'loss': '0.08238', 'grad_norm': '7.823', 'learning_rate': '2.009e-05', 'epoch': '5.97'}\n"}
,{"stream_name":"stdout","time":284.97029854,"data":"[seed 44 | gpu 1] {'eval_loss': '1.425', 'eval_accuracy': '0.678', 'eval_macro_f1': '0.6586', 'eval_weighted_f1': '0.68', 'eval_precision_negative': '0.5182', 'eval_recall_negative': '0.5861', 'eval_f1_negative': '0.5501', 'eval_precision_neutral': '0.7011', 'eval_recall_neutral': '0.6576', 'eval_f1_neutral': '0.6787', 'eval_precision_positive': '0.752', 'eval_recall_positive': '0.7422', 'eval_f1_positive': '0.7471', 'eval_runtime': '1.803', 'eval_samples_per_second': '1008', 'eval_steps_per_second': '16.09', 'epoch': '6'}\n"}
,{"stream_name":"stdout","time":284.970303062,"data":"[seed 44 | gpu 1] \n"}
,{"stream_name":"stdout","time":284.970306225,"data":"[seed 44 | gpu 1] {'loss': '0.02763', 'grad_norm': '0.06578', 'learning_rate': '1.843e-05', 'epoch': '6.716'}\n"}
,{"stream_name":"stdout","time":284.970309856,"data":"[seed 44 | gpu 1] {'eval_loss': '1.805', 'eval_accuracy': '0.6626', 'eval_macro_f1': '0.6286', 'eval_weighted_f1': '0.6537', 'eval_precision_negative': '0.5903', 'eval_recall_negative': '0.437', 'eval_f1_negative': '0.5022', 'eval_precision_neutral': '0.7112', 'eval_recall_neutral': '0.597', 'eval_f1_neutral': '0.6491', 'eval_precision_positive': '0.6564', 'eval_recall_positive': '0.8333', 'eval_f1_positive': '0.7344', 'eval_runtime': '1.832', 'eval_samples_per_second': '991.9', 'eval_steps_per_second': '15.83', 'epoch': '7'}\n"}
,{"stream_name":"stdout","time":284.970314166,"data":"[seed 44 | gpu 1] \n"}
,{"stream_name":"stdout","time":284.970317458,"data":"[seed 44 | gpu 1] {'loss': '0.1071', 'grad_norm': '11.74', 'learning_rate': '1.677e-05', 'epoch': '7.463'}\n"}
,{"stream_name":"stdout","time":284.97032155,"data":"[seed 44 | gpu 1] {'eval_loss': '1.764', 'eval_accuracy': '0.6731', 'eval_macro_f1': '0.6507', 'eval_weighted_f1': '0.6704', 'eval_precision_negative': '0.5695', 'eval_recall_negative': '0.5373', 'eval_f1_negative': '0.5529', 'eval_precision_neutral': '0.7043', 'eval_recall_neutral': '0.6242', 'eval_f1_neutral': '0.6618', 'eval_precision_positive': '0.696', 'eval_recall_positive': '0.7839', 'eval_f1_positive': '0.7373', 'eval_runtime': '1.858', 'eval_samples_per_second': '977.7', 'eval_steps_per_second': '15.61', 'epoch': '8'}\n"}
,{"stream_name":"stdout","time":284.970329803,"data":"[seed 44 | gpu 1] \n"}
,{"stream_name":"stdout","time":284.970333214,"data":"[seed 44 | gpu 1] {'loss': '0.04122', 'grad_norm': '0.1247', 'learning_rate': '1.512e-05', 'epoch': '8.209'}\n"}
,{"stream_name":"stdout","time":284.970336523,"data":"[seed 44 | gpu 1] {'loss': '0.009903', 'grad_norm': '0.1092', 'learning_rate': '1.346e-05', 'epoch': '8.955'}\n"}
,{"stream_name":"stdout","time":284.970339818,"data":"[seed 44 | gpu 1] {'eval_loss': '1.934', 'eval_accuracy': '0.6747', 'eval_macro_f1': '0.6473', 'eval_weighted_f1': '0.6714', 'eval_precision_negative': '0.5543', 'eval_recall_negative': '0.4987', 'eval_f1_negative': '0.525', 'eval_precision_neutral': '0.6977', 'eval_recall_neutral': '0.647', 'eval_f1_neutral': '0.6714', 'eval_precision_positive': '0.7076', 'eval_recall_positive': '0.7878', 'eval_f1_positive': '0.7455', 'eval_runtime': '1.919', 'eval_samples_per_second': '946.7', 'eval_steps_per_second': '15.11', 'epoch': '9'}\n"}
,{"stream_name":"stdout","time":284.970344346,"data":"[seed 44 | gpu 1] \n"}
,{"stream_name":"stdout","time":284.970347589,"data":"[seed 44 | gpu 1] {'train_runtime': '81.2', 'train_samples_per_second': '393.5', 'train_steps_per_second': '12.38', 'train_loss': '0.3827', 'epoch': '9'}\n"}
,{"stream_name":"stdout","time":284.970351037,"data":"[seed 44 | gpu 1] [dev/original/all] macro-F1 0.6777  weighted-F1 0.6990\n"}
,{"stream_name":"stdout","time":284.970354654,"data":"[seed 44 | gpu 1] [dev/original/clean] macro-F1 0.6586  weighted-F1 0.6800\n"}
,{"stream_name":"stdout","time":284.970379466,"data":"\n"}
,{"stream_name":"stderr","time":288.091036821,"data":"[NbConvertApp] Converting notebook __notebook__.ipynb to notebook\n"}
,{"stream_name":"stderr","time":288.164355813,"data":"[NbConvertApp] Writing 15758 bytes to __notebook__.ipynb\n"}
,{"stream_name":"stderr","time":290.491762038,"data":"[NbConvertApp] Converting notebook __notebook__.ipynb to html\n"}
,{"stream_name":"stderr","time":290.966660822,"data":"[NbConvertApp] Writing 295126 bytes to __results__.html\n"}
]