[{"stream_name":"stderr","time":7.781029019,"data":"0.00s - Debugger warning: It seems that frozen modules are being used, which may\n"}
,{"stream_name":"stderr","time":7.781086703,"data":"0.00s - make the debugger miss breakpoints. Please pass -Xfrozen_modules=off\n"}
,{"stream_name":"stderr","time":7.781091498,"data":"0.00s - to python to disable frozen modules.\n"}
,{"stream_name":"stderr","time":7.781094233,"data":"0.00s - Note: Debugging will proceed. Set PYDEVD_DISABLE_FILE_VALIDATION=1 to disable this validation.\n"}
,{"stream_name":"stderr","time":8.404689614,"data":"0.00s - Debugger warning: It seems that frozen modules are being used, which may\n"}
,{"stream_name":"stderr","time":8.404723536,"data":"0.00s - make the debugger miss breakpoints. Please pass -Xfrozen_modules=off\n"}
,{"stream_name":"stderr","time":8.404734368,"data":"0.00s - to python to disable frozen modules.\n"}
,{"stream_name":"stderr","time":8.404737312,"data":"0.00s - Note: Debugging will proceed. Set PYDEVD_DISABLE_FILE_VALIDATION=1 to disable this validation.\n"}
,{"stream_name":"stdout","time":126.724610299,"data":"/usr/local/lib/python3.13/dist-packages/mistune.py:435: SyntaxWarning: invalid escape sequence '\\|'\n"}
,{"stream_name":"stdout","time":126.724646566,"data":"  cells[i][c] = re.sub('\\\\\\\\\\|', '|', cell)\n"}
,{"stream_name":"stdout","time":126.724653227,"data":"/usr/local/lib/python3.13/dist-packages/nbconvert/filters/filter_links.py:36: SyntaxWarning: invalid escape sequence '\\_'\n"}
,{"stream_name":"stdout","time":126.724658367,"data":"  text = re.sub(r'_', '\\_', text) # Escape underscores in display text\n"}
,{"stream_name":"stdout","time":126.724662816,"data":"[NbConvertApp] Converting notebook /tmp/smoke.ipynb to notebook\n"}
,{"stream_name":"stdout","time":126.724667259,"data":"0.00s - Debugger warning: It seems that frozen modules are being used, which may\n"}
,{"stream_name":"stdout","time":126.724671392,"data":"0.00s - make the debugger miss breakpoints. Please pass -Xfrozen_modules=off\n"}
,{"stream_name":"stdout","time":126.724675716,"data":"0.00s - to python to disable frozen modules.\n"}
,{"stream_name":"stdout","time":126.724680253,"data":"0.00s - Note: Debugging will proceed. Set PYDEVD_DISABLE_FILE_VALIDATION=1 to disable this validation.\n"}
,{"stream_name":"stdout","time":126.724684696,"data":"0.00s - Debugger warning: It seems that frozen modules are being used, which may\n"}
,{"stream_name":"stdout","time":126.72468903,"data":"0.00s - make the debugger miss breakpoints. Please pass -Xfrozen_modules=off\n"}
,{"stream_name":"stdout","time":126.724693742,"data":"0.00s - to python to disable frozen modules.\n"}
,{"stream_name":"stdout","time":126.724697882,"data":"0.00s - Note: Debugging will proceed. Set PYDEVD_DISABLE_FILE_VALIDATION=1 to disable this validation.\n"}
,{"stream_name":"stdout","time":126.724702999,"data":"[NbConvertApp] Writing 17364 bytes to /kaggle/working/smoke.ipynb\n"}
,{"stream_name":"stdout","time":126.724707761,"data":"\n"}
,{"stream_name":"stderr","time":129.99496592,"data":"[NbConvertApp] Converting notebook __notebook__.ipynb to notebook\n"}
,{"stream_name":"stderr","time":130.067924808,"data":"[NbConvertApp] Writing 11236 bytes to __notebook__.ipynb\n"}
,{"stream_name":"stderr","time":132.561612246,"data":"[NbConvertApp] Converting notebook __notebook__.ipynb to html\n"}
,{"stream_name":"stderr","time":133.067564297,"data":"[NbConvertApp] Writing 285506 bytes to __results__.html\n"}
]