[{"stream_name":"stderr","time":0.53413351,"data":"/kaggle/src/script.py:12: DeprecationWarning: Python 3.14 will, by default, filter extracted tar archives and reject files or modify their metadata. Use the filter argument to control this behavior.\n"}
,{"stream_name":"stderr","time":0.534184504,"data":"  tarfile.open(fileobj=io.BytesIO(base64.b64decode(BUNDLE))).extractall(CODE)\n"}
,{"stream_name":"stdout","time":10.339275663,"data":"GPU: Tesla T4 | torch 2.11.0+cu128\n"}
,{"stream_name":"stdout","time":12.139114493,"data":"=== configs/smoke.yaml seed 42 ===\n"}
,{"stream_name":"stderr","time":35.273390125,"data":"Warning: You are sending unauthenticated requests to the HF Hub. Please set a HF_TOKEN to enable higher rate limits and faster downloads.\n"}
,{"stream_name":"stderr","time":41.929220394,"data":"\rLoading weights:   0%|          | 0/197 [00:00\u003c?, ?it/s]\rLoading weights: 100%|██████████| 197/197 [00:00\u003c00:00, 2768.70it/s]\n"}
,{"stream_name":"stderr","time":46.600503595,"data":"[transformers] \u001b[1mXLMRobertaForSequenceClassification LOAD REPORT\u001b[0m from: FacebookAI/xlm-roberta-base\n"}
,{"stream_name":"stderr","time":46.600534415,"data":"Key                         | Status     | \n"}
,{"stream_name":"stderr","time":46.600545745,"data":"----------------------------+------------+-\n"}
,{"stream_name":"stderr","time":46.600548803,"data":"lm_head.layer_norm.weight   | UNEXPECTED | \n"}
,{"stream_name":"stderr","time":46.600551599,"data":"lm_head.dense.bias          | UNEXPECTED | \n"}
,{"stream_name":"stderr","time":46.600554427,"data":"lm_head.bias                | UNEXPECTED | \n"}
,{"stream_name":"stderr","time":46.600557178,"data":"roberta.pooler.dense.weight | UNEXPECTED | \n"}
,{"stream_name":"stderr","time":46.600559935,"data":"lm_head.dense.weight        | UNEXPECTED | \n"}
,{"stream_name":"stderr","time":46.60056258,"data":"lm_head.layer_norm.bias     | UNEXPECTED | \n"}
,{"stream_name":"stderr","time":46.600565224,"data":"roberta.pooler.dense.bias   | UNEXPECTED | \n"}
,{"stream_name":"stderr","time":46.600567855,"data":"classifier.out_proj.bias    | MISSING    | \n"}
,{"stream_name":"stderr","time":46.600570704,"data":"classifier.dense.weight     | MISSING    | \n"}
,{"stream_name":"stderr","time":46.600573342,"data":"classifier.out_proj.weight  | MISSING    | \n"}
,{"stream_name":"stderr","time":46.600575977,"data":"classifier.dense.bias       | MISSING    | \n"}
,{"stream_name":"stderr","time":46.600578671,"data":"\n"}
,{"stream_name":"stderr","time":46.600581346,"data":"Notes:\n"}
,{"stream_name":"stderr","time":46.600584006,"data":"- UNEXPECTED:\tcan be ignored when loading from different task/architecture; not ok if you expect identical arch.\n"}
,{"stream_name":"stderr","time":46.600586922,"data":"- MISSING:\tthose params were newly initialized because missing from the checkpoint. Consider training on your downstream task.\n"}
,{"stream_name":"stderr","time":53.299214182,"data":"/usr/local/lib/python3.13/dist-packages/torch/autograd/function.py:596: UserWarning: Was asked to gather along dimension 0, but all input tensors were scalars; will instead unsqueeze and return a vector.\n"}
,{"stream_name":"stderr","time":53.299250297,"data":"  return super().apply(*args, **kwargs)  # type: ignore[misc]\n"}
,{"stream_name":"stdout","time":66.499958309,"data":"{'eval_loss': '2.207', 'eval_accuracy': '0.423', 'eval_macro_f1': '0.1982', 'eval_weighted_f1': '0.2514', 'eval_precision_negative': '0', 'eval_recall_negative': '0', 'eval_f1_negative': '0', 'eval_precision_neutral': '0', 'eval_recall_neutral': '0', 'eval_f1_neutral': '0', 'eval_precision_positive': '0.423', 'eval_recall_positive': '1', 'eval_f1_positive': '0.5945', 'eval_runtime': '9.555', 'eval_samples_per_second': '218.7', 'eval_steps_per_second': '3.454', 'epoch': '1'}\n"}
,{"stream_name":"stderr","time":67.814120111,"data":"\rWriting model shards:   0%|          | 0/1 [00:00\u003c?, ?it/s]\rWriting model shards: 100%|██████████| 1/1 [00:01\u003c00:00,  1.30s/it]\rWriting model shards: 100%|██████████| 1/1 [00:01\u003c00:00,  1.30s/it]\n"}
,{"stream_name":"stdout","time":70.675042251,"data":"{'train_runtime': '19.22', 'train_samples_per_second': '10.41', 'train_steps_per_second': '0.364', 'train_loss': '2.242', 'epoch': '1'}\n"}
,{"stream_name":"stderr","time":73.376737931,"data":"/usr/local/lib/python3.13/dist-packages/torch/autograd/function.py:596: UserWarning: Was asked to gather along dimension 0, but all input tensors were scalars; will instead unsqueeze and return a vector.\n"}
,{"stream_name":"stderr","time":73.37679498,"data":"  return super().apply(*args, **kwargs)  # type: ignore[misc]\n"}
,{"stream_name":"stdout","time":88.295541421,"data":"[dev/original] macro-F1 0.1982  weighted-F1 0.2514\n"}
,{"stream_name":"stderr","time":90.515046831,"data":"/usr/local/lib/python3.13/dist-packages/torch/autograd/function.py:596: UserWarning: Was asked to gather along dimension 0, but all input tensors were scalars; will instead unsqueeze and return a vector.\n"}
,{"stream_name":"stderr","time":90.515083571,"data":"  return super().apply(*args, **kwargs)  # type: ignore[misc]\n"}
,{"stream_name":"stdout","time":105.351999316,"data":"[dev/no_tones] macro-F1 0.1982  weighted-F1 0.2514\n"}
,{"stream_name":"stderr","time":107.750133661,"data":"/usr/local/lib/python3.13/dist-packages/torch/autograd/function.py:596: UserWarning: Was asked to gather along dimension 0, but all input tensors were scalars; will instead unsqueeze and return a vector.\n"}
,{"stream_name":"stderr","time":107.750178802,"data":"  return super().apply(*args, **kwargs)  # type: ignore[misc]\n"}
,{"stream_name":"stdout","time":121.814416938,"data":"[dev/no_diacritics] macro-F1 0.1982  weighted-F1 0.2514\n"}
,{"stream_name":"stderr","time":128.016370885,"data":"/usr/local/lib/python3.13/dist-packages/mistune.py:435: SyntaxWarning: invalid escape sequence '\\|'\n"}
,{"stream_name":"stderr","time":128.01641424,"data":"  cells[i][c] = re.sub('\\\\\\\\\\|', '|', cell)\n"}
,{"stream_name":"stderr","time":128.220534026,"data":"/usr/local/lib/python3.13/dist-packages/nbconvert/filters/filter_links.py:36: SyntaxWarning: invalid escape sequence '\\_'\n"}
,{"stream_name":"stderr","time":128.220563875,"data":"  text = re.sub(r'_', '\\_', text) # Escape underscores in display text\n"}
,{"stream_name":"stderr","time":128.914707045,"data":"[NbConvertApp] Converting notebook __script__.ipynb to html\n"}
,{"stream_name":"stderr","time":129.72479208,"data":"[NbConvertApp] Writing 291165 bytes to __results__.html\n"}
]