[{"stream_name":"stderr","time":0.81616112,"data":"/kaggle/src/script.py:12: DeprecationWarning: Python 3.14 will, by default, filter extracted tar archives and reject files or modify their metadata. Use the filter argument to control this behavior.\n"}
,{"stream_name":"stderr","time":0.816220355,"data":"  tarfile.open(fileobj=io.BytesIO(base64.b64decode(BUNDLE))).extractall(CODE)\n"}
,{"stream_name":"stdout","time":15.482743752,"data":"GPU: Tesla T4 | torch 2.11.0+cu128\n"}
,{"stream_name":"stdout","time":17.461907228,"data":"=== configs/e5a_afroxlmr_base.yaml seed 42 ===\n"}
,{"stream_name":"stderr","time":49.103722667,"data":"Warning: You are sending unauthenticated requests to the HF Hub. Please set a HF_TOKEN to enable higher rate limits and faster downloads.\n"}
,{"stream_name":"stderr","time":64.053628511,"data":"\rLoading weights:   0%|          | 0/197 [00:00\u003c?, ?it/s]\rLoading weights: 100%|██████████| 197/197 [00:00\u003c00:00, 2520.20it/s]\n"}
,{"stream_name":"stderr","time":64.085643255,"data":"[transformers] \u001b[1mXLMRobertaForSequenceClassification LOAD REPORT\u001b[0m from: Davlan/afro-xlmr-base\n"}
,{"stream_name":"stderr","time":64.085679713,"data":"Key                        | Status     | \n"}
,{"stream_name":"stderr","time":64.085685373,"data":"---------------------------+------------+-\n"}
,{"stream_name":"stderr","time":64.085690172,"data":"lm_head.layer_norm.weight  | UNEXPECTED | \n"}
,{"stream_name":"stderr","time":64.085695165,"data":"lm_head.bias               | UNEXPECTED | \n"}
,{"stream_name":"stderr","time":64.085700037,"data":"lm_head.layer_norm.bias    | UNEXPECTED | \n"}
,{"stream_name":"stderr","time":64.085705298,"data":"lm_head.dense.weight       | UNEXPECTED | \n"}
,{"stream_name":"stderr","time":64.085709722,"data":"lm_head.dense.bias         | UNEXPECTED | \n"}
,{"stream_name":"stderr","time":64.085713852,"data":"classifier.dense.bias      | MISSING    | \n"}
,{"stream_name":"stderr","time":64.085717881,"data":"classifier.out_proj.weight | MISSING    | \n"}
,{"stream_name":"stderr","time":64.085722008,"data":"classifier.out_proj.bias   | MISSING    | \n"}
,{"stream_name":"stderr","time":64.085726097,"data":"classifier.dense.weight    | MISSING    | \n"}
,{"stream_name":"stderr","time":64.085732236,"data":"\n"}
,{"stream_name":"stderr","time":64.085739993,"data":"Notes:\n"}
,{"stream_name":"stderr","time":64.085743006,"data":"- UNEXPECTED:\tcan be ignored when loading from different task/architecture; not ok if you expect identical arch.\n"}
,{"stream_name":"stderr","time":64.085746138,"data":"- MISSING:\tthose params were newly initialized because missing from the checkpoint. Consider training on your downstream task.\n"}
,{"stream_name":"stderr","time":72.295640678,"data":"/usr/local/lib/python3.13/dist-packages/torch/autograd/function.py:596: UserWarning: Was asked to gather along dimension 0, but all input tensors were scalars; will instead unsqueeze and return a vector.\n"}
,{"stream_name":"stderr","time":72.295683941,"data":"  return super().apply(*args, **kwargs)  # type: ignore[misc]\n"}
,{"stream_name":"stdout","time":113.137942294,"data":"{'loss': '2.157', 'grad_norm': '5.196', 'learning_rate': '3.67e-06', 'epoch': '0.3731'}\n"}
,{"stream_name":"stdout","time":155.400316325,"data":"{'loss': '2.074', 'grad_norm': '5.266', 'learning_rate': '7.416e-06', 'epoch': '0.7463'}\n"}
,{"stream_name":"stdout","time":192.937419569,"data":"{'eval_loss': '1.865', 'eval_accuracy': '0.5636', 'eval_macro_f1': '0.4368', 'eval_weighted_f1': '0.506', 'eval_precision_negative': '0.6111', 'eval_recall_negative': '0.0283', 'eval_f1_negative': '0.0541', 'eval_precision_neutral': '0.5127', 'eval_recall_neutral': '0.7652', 'eval_f1_neutral': '0.614', 'eval_precision_positive': '0.6241', 'eval_recall_positive': '0.6615', 'eval_f1_positive': '0.6422', 'eval_runtime': '8.036', 'eval_samples_per_second': '226.1', 'eval_steps_per_second': '1.867', 'epoch': '1'}\n"}
,{"stream_name":"stderr","time":194.334312763,"data":"\rWriting model shards:   0%|          | 0/1 [00:00\u003c?, ?it/s]\rWriting model shards: 100%|██████████| 1/1 [00:01\u003c00:00,  1.38s/it]\rWriting model shards: 100%|██████████| 1/1 [00:01\u003c00:00,  1.38s/it]\n"}
,{"stream_name":"stderr","time":197.565006603,"data":"/usr/local/lib/python3.13/dist-packages/torch/autograd/function.py:596: UserWarning: Was asked to gather along dimension 0, but all input tensors were scalars; will instead unsqueeze and return a vector.\n"}
,{"stream_name":"stderr","time":197.565034247,"data":"  return super().apply(*args, **kwargs)  # type: ignore[misc]\n"}
,{"stream_name":"stdout","time":212.182631338,"data":"{'loss': '1.957', 'grad_norm': '13.68', 'learning_rate': '1.116e-05', 'epoch': '1.119'}\n"}
,{"stream_name":"stdout","time":259.456242337,"data":"{'loss': '1.801', 'grad_norm': '9.125', 'learning_rate': '1.491e-05', 'epoch': '1.493'}\n"}
,{"stream_name":"stdout","time":305.007537406,"data":"{'loss': '1.694', 'grad_norm': '13.85', 'learning_rate': '1.865e-05', 'epoch': '1.866'}\n"}
,{"stream_name":"stdout","time":329.383692468,"data":"{'eval_loss': '1.615', 'eval_accuracy': '0.6379', 'eval_macro_f1': '0.5525', 'eval_weighted_f1': '0.6047', 'eval_precision_negative': '0.6535', 'eval_recall_negative': '0.1697', 'eval_f1_negative': '0.2694', 'eval_precision_neutral': '0.5955', 'eval_recall_neutral': '0.7561', 'eval_f1_neutral': '0.6662', 'eval_precision_positive': '0.6765', 'eval_recall_positive': '0.7734', 'eval_f1_positive': '0.7217', 'eval_runtime': '8.337', 'eval_samples_per_second': '217.9', 'eval_steps_per_second': '1.799', 'epoch': '2'}\n"}
,{"stream_name":"stderr","time":330.833590698,"data":"\rWriting model shards:   0%|          | 0/1 [00:00\u003c?, ?it/s]\rWriting model shards: 100%|██████████| 1/1 [00:01\u003c00:00,  1.44s/it]\rWriting model shards: 100%|██████████| 1/1 [00:01\u003c00:00,  1.44s/it]\n"}
,{"stream_name":"stderr","time":334.133883776,"data":"/usr/local/lib/python3.13/dist-packages/torch/autograd/function.py:596: UserWarning: Was asked to gather along dimension 0, but all input tensors were scalars; will instead unsqueeze and return a vector.\n"}
,{"stream_name":"stderr","time":334.133909472,"data":"  return super().apply(*args, **kwargs)  # type: ignore[misc]\n"}
,{"stream_name":"stdout","time":363.694617214,"data":"{'loss': '1.56', 'grad_norm': '28.99', 'learning_rate': '1.94e-05', 'epoch': '2.239'}\n"}
,{"stream_name":"stdout","time":410.046874512,"data":"{'loss': '1.532', 'grad_norm': '18.72', 'learning_rate': '1.847e-05', 'epoch': '2.612'}\n"}
,{"stream_name":"stdout","time":455.979473619,"data":"{'loss': '1.405', 'grad_norm': '23.4', 'learning_rate': '1.754e-05', 'epoch': '2.985'}\n"}
,{"stream_name":"stdout","time":465.485486177,"data":"{'eval_loss': '1.508', 'eval_accuracy': '0.6863', 'eval_macro_f1': '0.6561', 'eval_weighted_f1': '0.6829', 'eval_precision_negative': '0.5579', 'eval_recall_negative': '0.4833', 'eval_f1_negative': '0.5179', 'eval_precision_neutral': '0.6852', 'eval_recall_neutral': '0.6924', 'eval_f1_neutral': '0.6888', 'eval_precision_positive': '0.7405', 'eval_recall_positive': '0.7839', 'eval_f1_positive': '0.7615', 'eval_runtime': '8.29', 'eval_samples_per_second': '219.2', 'eval_steps_per_second': '1.809', 'epoch': '3'}\n"}
,{"stream_name":"stderr","time":466.838631612,"data":"\rWriting model shards:   0%|          | 0/1 [00:00\u003c?, ?it/s]\rWriting model shards: 100%|██████████| 1/1 [00:01\u003c00:00,  1.34s/it]\rWriting model shards: 100%|██████████| 1/1 [00:01\u003c00:00,  1.34s/it]\n"}
,{"stream_name":"stderr","time":470.083023974,"data":"/usr/local/lib/python3.13/dist-packages/torch/autograd/function.py:596: UserWarning: Was asked to gather along dimension 0, but all input tensors were scalars; will instead unsqueeze and return a vector.\n"}
,{"stream_name":"stderr","time":470.083056763,"data":"  return super().apply(*args, **kwargs)  # type: ignore[misc]\n"}
,{"stream_name":"stdout","time":514.756017673,"data":"{'loss': '1.283', 'grad_norm': '26.68', 'learning_rate': '1.661e-05', 'epoch': '3.358'}\n"}
,{"stream_name":"stdout","time":560.801979802,"data":"{'loss': '1.223', 'grad_norm': '32.94', 'learning_rate': '1.568e-05', 'epoch': '3.731'}\n"}
,{"stream_name":"stdout","time":601.544938087,"data":"{'eval_loss': '1.499', 'eval_accuracy': '0.6918', 'eval_macro_f1': '0.6634', 'eval_weighted_f1': '0.6902', 'eval_precision_negative': '0.5478', 'eval_recall_negative': '0.5013', 'eval_f1_negative': '0.5235', 'eval_precision_neutral': '0.6839', 'eval_recall_neutral': '0.7212', 'eval_f1_neutral': '0.7021', 'eval_precision_positive': '0.766', 'eval_recall_positive': '0.763', 'eval_f1_positive': '0.7645', 'eval_runtime': '8.247', 'eval_samples_per_second': '220.3', 'eval_steps_per_second': '1.819', 'epoch': '4'}\n"}
,{"stream_name":"stderr","time":602.907204105,"data":"\rWriting model shards:   0%|          | 0/1 [00:00\u003c?, ?it/s]\rWriting model shards: 100%|██████████| 1/1 [00:01\u003c00:00,  1.35s/it]\rWriting model shards: 100%|██████████| 1/1 [00:01\u003c00:00,  1.35s/it]\n"}
,{"stream_name":"stderr","time":606.0704904,"data":"/usr/local/lib/python3.13/dist-packages/torch/autograd/function.py:596: UserWarning: Was asked to gather along dimension 0, but all input tensors were scalars; will instead unsqueeze and return a vector.\n"}
,{"stream_name":"stderr","time":606.070522629,"data":"  return super().apply(*args, **kwargs)  # type: ignore[misc]\n"}
,{"stream_name":"stdout","time":618.822510926,"data":"{'loss': '1.185', 'grad_norm': '21.21', 'learning_rate': '1.474e-05', 'epoch': '4.104'}\n"}
,{"stream_name":"stdout","time":665.211642088,"data":"{'loss': '1.09', 'grad_norm': '48.79', 'learning_rate': '1.381e-05', 'epoch': '4.478'}\n"}
,{"stream_name":"stdout","time":711.394337025,"data":"{'loss': '1.077', 'grad_norm': '22.92', 'learning_rate': '1.288e-05', 'epoch': '4.851'}\n"}
,{"stream_name":"stdout","time":737.515362111,"data":"{'eval_loss': '1.584', 'eval_accuracy': '0.6951', 'eval_macro_f1': '0.673', 'eval_weighted_f1': '0.6967', 'eval_precision_negative': '0.5455', 'eval_recall_negative': '0.5553', 'eval_f1_negative': '0.5503', 'eval_precision_neutral': '0.6703', 'eval_recall_neutral': '0.7424', 'eval_f1_neutral': '0.7045', 'eval_precision_positive': '0.8072', 'eval_recall_positive': '0.7253', 'eval_f1_positive': '0.7641', 'eval_runtime': '8.27', 'eval_samples_per_second': '219.7', 'eval_steps_per_second': '1.814', 'epoch': '5'}\n"}
,{"stream_name":"stderr","time":738.865999857,"data":"\rWriting model shards:   0%|          | 0/1 [00:00\u003c?, ?it/s]\rWriting model shards: 100%|██████████| 1/1 [00:01\u003c00:00,  1.34s/it]\rWriting model shards: 100%|██████████| 1/1 [00:01\u003c00:00,  1.34s/it]\n"}
,{"stream_name":"stderr","time":742.125062737,"data":"/usr/local/lib/python3.13/dist-packages/torch/autograd/function.py:596: UserWarning: Was asked to gather along dimension 0, but all input tensors were scalars; will instead unsqueeze and return a vector.\n"}
,{"stream_name":"stderr","time":742.125087224,"data":"  return super().apply(*args, **kwargs)  # type: ignore[misc]\n"}
,{"stream_name":"stdout","time":769.493784048,"data":"{'loss': '0.9938', 'grad_norm': '30.51', 'learning_rate': '1.195e-05', 'epoch': '5.224'}\n"}
,{"stream_name":"stdout","time":815.69629556,"data":"{'loss': '0.9528', 'grad_norm': '28.77', 'learning_rate': '1.102e-05', 'epoch': '5.597'}\n"}
,{"stream_name":"stdout","time":861.98030168,"data":"{'loss': '0.9529', 'grad_norm': '22.07', 'learning_rate': '1.008e-05', 'epoch': '5.97'}\n"}
,{"stream_name":"stdout","time":873.346360856,"data":"{'eval_loss': '1.652', 'eval_accuracy': '0.6979', 'eval_macro_f1': '0.6682', 'eval_weighted_f1': '0.6947', 'eval_precision_negative': '0.587', 'eval_recall_negative': '0.4859', 'eval_f1_negative': '0.5316', 'eval_precision_neutral': '0.6713', 'eval_recall_neutral': '0.7364', 'eval_f1_neutral': '0.7023', 'eval_precision_positive': '0.7691', 'eval_recall_positive': '0.7721', 'eval_f1_positive': '0.7706', 'eval_runtime': '8.286', 'eval_samples_per_second': '219.3', 'eval_steps_per_second': '1.81', 'epoch': '6'}\n"}
,{"stream_name":"stderr","time":874.725130027,"data":"\rWriting model shards:   0%|          | 0/1 [00:00\u003c?, ?it/s]\rWriting model shards: 100%|██████████| 1/1 [00:01\u003c00:00,  1.37s/it]\rWriting model shards: 100%|██████████| 1/1 [00:01\u003c00:00,  1.37s/it]\n"}
,{"stream_name":"stderr","time":877.781921582,"data":"/usr/local/lib/python3.13/dist-packages/torch/autograd/function.py:596: UserWarning: Was asked to gather along dimension 0, but all input tensors were scalars; will instead unsqueeze and return a vector.\n"}
,{"stream_name":"stderr","time":877.78194984,"data":"  return super().apply(*args, **kwargs)  # type: ignore[misc]\n"}
,{"stream_name":"stdout","time":919.727962166,"data":"{'loss': '0.8293', 'grad_norm': '36.77', 'learning_rate': '9.152e-06', 'epoch': '6.343'}\n"}
,{"stream_name":"stdout","time":965.783255484,"data":"{'loss': '0.866', 'grad_norm': '45.9', 'learning_rate': '8.22e-06', 'epoch': '6.716'}\n"}
,{"stream_name":"stdout","time":1008.655788681,"data":"{'eval_loss': '1.702', 'eval_accuracy': '0.7006', 'eval_macro_f1': '0.6737', 'eval_weighted_f1': '0.6976', 'eval_precision_negative': '0.5714', 'eval_recall_negative': '0.5347', 'eval_f1_negative': '0.5525', 'eval_precision_neutral': '0.7432', 'eval_recall_neutral': '0.6576', 'eval_f1_neutral': '0.6977', 'eval_precision_positive': '0.7261', 'eval_recall_positive': '0.8216', 'eval_f1_positive': '0.7709', 'eval_runtime': '8.255', 'eval_samples_per_second': '220.1', 'eval_steps_per_second': '1.817', 'epoch': '7'}\n"}
,{"stream_name":"stderr","time":1010.014925058,"data":"\rWriting model shards:   0%|          | 0/1 [00:00\u003c?, ?it/s]\rWriting model shards: 100%|██████████| 1/1 [00:01\u003c00:00,  1.35s/it]\rWriting model shards: 100%|██████████| 1/1 [00:01\u003c00:00,  1.35s/it]\n"}
,{"stream_name":"stderr","time":1013.403300579,"data":"/usr/local/lib/python3.13/dist-packages/torch/autograd/function.py:596: UserWarning: Was asked to gather along dimension 0, but all input tensors were scalars; will instead unsqueeze and return a vector.\n"}
,{"stream_name":"stderr","time":1013.403329379,"data":"  return super().apply(*args, **kwargs)  # type: ignore[misc]\n"}
,{"stream_name":"stdout","time":1024.30802871,"data":"{'loss': '0.8172', 'grad_norm': '34.1', 'learning_rate': '7.288e-06', 'epoch': '7.09'}\n"}
,{"stream_name":"stdout","time":1071.125436311,"data":"{'loss': '0.7308', 'grad_norm': '23.21', 'learning_rate': '6.356e-06', 'epoch': '7.463'}\n"}
,{"stream_name":"stdout","time":1116.593223334,"data":"{'loss': '0.7327', 'grad_norm': '49.72', 'learning_rate': '5.424e-06', 'epoch': '7.836'}\n"}
,{"stream_name":"stdout","time":1144.659809567,"data":"{'eval_loss': '1.78', 'eval_accuracy': '0.7039', 'eval_macro_f1': '0.6757', 'eval_weighted_f1': '0.7005', 'eval_precision_negative': '0.6019', 'eval_recall_negative': '0.5013', 'eval_f1_negative': '0.547', 'eval_precision_neutral': '0.6905', 'eval_recall_neutral': '0.7303', 'eval_f1_neutral': '0.7099', 'eval_precision_positive': '0.7572', 'eval_recall_positive': '0.7839', 'eval_f1_positive': '0.7703', 'eval_runtime': '8.27', 'eval_samples_per_second': '219.7', 'eval_steps_per_second': '1.814', 'epoch': '8'}\n"}
,{"stream_name":"stderr","time":1146.029240157,"data":"\rWriting model shards:   0%|          | 0/1 [00:00\u003c?, ?it/s]\rWriting model shards: 100%|██████████| 1/1 [00:01\u003c00:00,  1.36s/it]\rWriting model shards: 100%|██████████| 1/1 [00:01\u003c00:00,  1.36s/it]\n"}
,{"stream_name":"stderr","time":1149.806334309,"data":"/usr/local/lib/python3.13/dist-packages/torch/autograd/function.py:596: UserWarning: Was asked to gather along dimension 0, but all input tensors were scalars; will instead unsqueeze and return a vector.\n"}
,{"stream_name":"stderr","time":1149.806389668,"data":"  return super().apply(*args, **kwargs)  # type: ignore[misc]\n"}
,{"stream_name":"stdout","time":1175.303790339,"data":"{'loss': '0.6517', 'grad_norm': '39.48', 'learning_rate': '4.492e-06', 'epoch': '8.209'}\n"}
,{"stream_name":"stdout","time":1221.624728477,"data":"{'loss': '0.6832', 'grad_norm': '39.44', 'learning_rate': '3.56e-06', 'epoch': '8.582'}\n"}
,{"stream_name":"stdout","time":1267.669971537,"data":"{'loss': '0.6402', 'grad_norm': '18.26', 'learning_rate': '2.628e-06', 'epoch': '8.955'}\n"}
,{"stream_name":"stdout","time":1280.889824152,"data":"{'eval_loss': '1.818', 'eval_accuracy': '0.7116', 'eval_macro_f1': '0.6865', 'eval_weighted_f1': '0.7086', 'eval_precision_negative': '0.625', 'eval_recall_negative': '0.527', 'eval_f1_negative': '0.5718', 'eval_precision_neutral': '0.7047', 'eval_recall_neutral': '0.7303', 'eval_f1_neutral': '0.7173', 'eval_precision_positive': '0.7528', 'eval_recall_positive': '0.7891', 'eval_f1_positive': '0.7705', 'eval_runtime': '8.287', 'eval_samples_per_second': '219.3', 'eval_steps_per_second': '1.81', 'epoch': '9'}\n"}
,{"stream_name":"stderr","time":1282.242098842,"data":"\rWriting model shards:   0%|          | 0/1 [00:00\u003c?, ?it/s]\rWriting model shards: 100%|██████████| 1/1 [00:01\u003c00:00,  1.34s/it]\rWriting model shards: 100%|██████████| 1/1 [00:01\u003c00:00,  1.34s/it]\n"}
,{"stream_name":"stderr","time":1285.427659289,"data":"/usr/local/lib/python3.13/dist-packages/torch/autograd/function.py:596: UserWarning: Was asked to gather along dimension 0, but all input tensors were scalars; will instead unsqueeze and return a vector.\n"}
,{"stream_name":"stderr","time":1285.427700049,"data":"  return super().apply(*args, **kwargs)  # type: ignore[misc]\n"}
,{"stream_name":"stdout","time":1325.850648355,"data":"{'loss': '0.6195', 'grad_norm': '26.23', 'learning_rate': '1.696e-06', 'epoch': '9.328'}\n"}
,{"stream_name":"stdout","time":1371.986496789,"data":"{'loss': '0.555', 'grad_norm': '25.33', 'learning_rate': '7.642e-07', 'epoch': '9.701'}\n"}
,{"stream_name":"stdout","time":1416.660916507,"data":"{'eval_loss': '1.854', 'eval_accuracy': '0.7061', 'eval_macro_f1': '0.684', 'eval_weighted_f1': '0.7048', 'eval_precision_negative': '0.5983', 'eval_recall_negative': '0.5553', 'eval_f1_negative': '0.576', 'eval_precision_neutral': '0.7068', 'eval_recall_neutral': '0.7197', 'eval_f1_neutral': '0.7132', 'eval_precision_positive': '0.7551', 'eval_recall_positive': '0.7708', 'eval_f1_positive': '0.7629', 'eval_runtime': '8.284', 'eval_samples_per_second': '219.3', 'eval_steps_per_second': '1.811', 'epoch': '10'}\n"}
,{"stream_name":"stderr","time":1418.003785537,"data":"\rWriting model shards:   0%|          | 0/1 [00:00\u003c?, ?it/s]\rWriting model shards: 100%|██████████| 1/1 [00:01\u003c00:00,  1.33s/it]\rWriting model shards: 100%|██████████| 1/1 [00:01\u003c00:00,  1.33s/it]\n"}
,{"stream_name":"stdout","time":1420.911066654,"data":"{'train_runtime': '1351', 'train_samples_per_second': '63.08', 'train_steps_per_second': '0.992', 'train_loss': '1.14', 'epoch': '10'}\n"}
,{"stream_name":"stderr","time":1432.299725654,"data":"/usr/local/lib/python3.13/dist-packages/torch/autograd/function.py:596: UserWarning: Was asked to gather along dimension 0, but all input tensors were scalars; will instead unsqueeze and return a vector.\n"}
,{"stream_name":"stderr","time":1432.299764671,"data":"  return super().apply(*args, **kwargs)  # type: ignore[misc]\n"}
,{"stream_name":"stdout","time":1441.510092604,"data":"[dev/original/all] macro-F1 0.7186  weighted-F1 0.7395\n"}
,{"stream_name":"stdout","time":1441.510124813,"data":"[dev/original/clean] macro-F1 0.6865  weighted-F1 0.7086\n"}
,{"stream_name":"stderr","time":1443.790467958,"data":"/usr/local/lib/python3.13/dist-packages/torch/autograd/function.py:596: UserWarning: Was asked to gather along dimension 0, but all input tensors were scalars; will instead unsqueeze and return a vector.\n"}
,{"stream_name":"stderr","time":1443.790520637,"data":"  return super().apply(*args, **kwargs)  # type: ignore[misc]\n"}
,{"stream_name":"stdout","time":1452.462457908,"data":"[dev/no_tones/all] macro-F1 0.6907  weighted-F1 0.7104\n"}
,{"stream_name":"stdout","time":1452.462517757,"data":"[dev/no_tones/clean] macro-F1 0.6702  weighted-F1 0.6901\n"}
,{"stream_name":"stderr","time":1454.712409427,"data":"/usr/local/lib/python3.13/dist-packages/torch/autograd/function.py:596: UserWarning: Was asked to gather along dimension 0, but all input tensors were scalars; will instead unsqueeze and return a vector.\n"}
,{"stream_name":"stderr","time":1454.712444773,"data":"  return super().apply(*args, **kwargs)  # type: ignore[misc]\n"}
,{"stream_name":"stdout","time":1461.987019873,"data":"[dev/no_diacritics/all] macro-F1 0.6565  weighted-F1 0.6747\n"}
,{"stream_name":"stdout","time":1461.987084692,"data":"[dev/no_diacritics/clean] macro-F1 0.6358  weighted-F1 0.6547\n"}
,{"stream_name":"stdout","time":1467.022266151,"data":"=== configs/e5a_afroxlmr_base.yaml seed 43 ===\n"}
,{"stream_name":"stderr","time":1476.656261877,"data":"Warning: You are sending unauthenticated requests to the HF Hub. Please set a HF_TOKEN to enable higher rate limits and faster downloads.\n"}
,{"stream_name":"stderr","time":1479.39567597,"data":"\rLoading weights:   0%|          | 0/197 [00:00\u003c?, ?it/s]\rLoading weights: 100%|██████████| 197/197 [00:00\u003c00:00, 2787.34it/s]\n"}
,{"stream_name":"stderr","time":1479.405241366,"data":"[transformers] \u001b[1mXLMRobertaForSequenceClassification LOAD REPORT\u001b[0m from: Davlan/afro-xlmr-base\n"}
,{"stream_name":"stderr","time":1479.405268164,"data":"Key                        | Status     | \n"}
,{"stream_name":"stderr","time":1479.405274036,"data":"---------------------------+------------+-\n"}
,{"stream_name":"stderr","time":1479.405279068,"data":"lm_head.layer_norm.bias    | UNEXPECTED | \n"}
,{"stream_name":"stderr","time":1479.405283962,"data":"lm_head.dense.bias         | UNEXPECTED | \n"}
,{"stream_name":"stderr","time":1479.405288645,"data":"lm_head.dense.weight       | UNEXPECTED | \n"}
,{"stream_name":"stderr","time":1479.405293586,"data":"lm_head.bias               | UNEXPECTED | \n"}
,{"stream_name":"stderr","time":1479.405298414,"data":"lm_head.layer_norm.weight  | UNEXPECTED | \n"}
,{"stream_name":"stderr","time":1479.405303088,"data":"classifier.out_proj.bias   | MISSING    | \n"}
,{"stream_name":"stderr","time":1479.405307938,"data":"classifier.out_proj.weight | MISSING    | \n"}
,{"stream_name":"stderr","time":1479.405312848,"data":"classifier.dense.bias      | MISSING    | \n"}
,{"stream_name":"stderr","time":1479.405317524,"data":"classifier.dense.weight    | MISSING    | \n"}
,{"stream_name":"stderr","time":1479.405322472,"data":"\n"}
,{"stream_name":"stderr","time":1479.405327112,"data":"Notes:\n"}
,{"stream_name":"stderr","time":1479.405344906,"data":"- UNEXPECTED:\tcan be ignored when loading from different task/architecture; not ok if you expect identical arch.\n"}
,{"stream_name":"stderr","time":1479.405349845,"data":"- MISSING:\tthose params were newly initialized because missing from the checkpoint. Consider training on your downstream task.\n"}
,{"stream_name":"stderr","time":1486.001964114,"data":"/usr/local/lib/python3.13/dist-packages/torch/autograd/function.py:596: UserWarning: Was asked to gather along dimension 0, but all input tensors were scalars; will instead unsqueeze and return a vector.\n"}
,{"stream_name":"stderr","time":1486.002026501,"data":"  return super().apply(*args, **kwargs)  # type: ignore[misc]\n"}
,{"stream_name":"stdout","time":1533.146420769,"data":"{'loss': '2.175', 'grad_norm': '3.677', 'learning_rate': '3.67e-06', 'epoch': '0.3731'}\n"}
,{"stream_name":"stdout","time":1578.489581986,"data":"{'loss': '2.09', 'grad_norm': '5.277', 'learning_rate': '7.416e-06', 'epoch': '0.7463'}\n"}
,{"stream_name":"stdout","time":1617.742018374,"data":"{'eval_loss': '1.87', 'eval_accuracy': '0.568', 'eval_macro_f1': '0.4449', 'eval_weighted_f1': '0.5125', 'eval_precision_negative': '0.5926', 'eval_recall_negative': '0.0411', 'eval_f1_negative': '0.0769', 'eval_precision_neutral': '0.5411', 'eval_recall_neutral': '0.6682', 'eval_f1_neutral': '0.598', 'eval_precision_positive': '0.5897', 'eval_recall_positive': '0.7487', 'eval_f1_positive': '0.6598', 'eval_runtime': '8.281', 'eval_samples_per_second': '219.4', 'eval_steps_per_second': '1.811', 'epoch': '1'}\n"}
,{"stream_name":"stderr","time":1619.074126346,"data":"\rWriting model shards:   0%|          | 0/1 [00:00\u003c?, ?it/s]\rWriting model shards: 100%|██████████| 1/1 [00:01\u003c00:00,  1.32s/it]\rWriting model shards: 100%|██████████| 1/1 [00:01\u003c00:00,  1.32s/it]\n"}
,{"stream_name":"stderr","time":1622.16785922,"data":"/usr/local/lib/python3.13/dist-packages/torch/autograd/function.py:596: UserWarning: Was asked to gather along dimension 0, but all input tensors were scalars; will instead unsqueeze and return a vector.\n"}
,{"stream_name":"stderr","time":1622.167887599,"data":"  return super().apply(*args, **kwargs)  # type: ignore[misc]\n"}
,{"stream_name":"stdout","time":1636.7776051,"data":"{'loss': '1.942', 'grad_norm': '10.57', 'learning_rate': '1.116e-05', 'epoch': '1.119'}\n"}
,{"stream_name":"stdout","time":1683.251444947,"data":"{'loss': '1.822', 'grad_norm': '11.35', 'learning_rate': '1.491e-05', 'epoch': '1.493'}\n"}
,{"stream_name":"stdout","time":1729.269572671,"data":"{'loss': '1.718', 'grad_norm': '12.57', 'learning_rate': '1.865e-05', 'epoch': '1.866'}\n"}
,{"stream_name":"stdout","time":1753.520862844,"data":"{'eval_loss': '1.609', 'eval_accuracy': '0.6483', 'eval_macro_f1': '0.5955', 'eval_weighted_f1': '0.6333', 'eval_precision_negative': '0.5808', 'eval_recall_negative': '0.2956', 'eval_f1_negative': '0.3918', 'eval_precision_neutral': '0.6038', 'eval_recall_neutral': '0.7667', 'eval_f1_neutral': '0.6756', 'eval_precision_positive': '0.7132', 'eval_recall_positive': '0.7253', 'eval_f1_positive': '0.7192', 'eval_runtime': '8.231', 'eval_samples_per_second': '220.8', 'eval_steps_per_second': '1.822', 'epoch': '2'}\n"}
,{"stream_name":"stderr","time":1754.858440652,"data":"\rWriting model shards:   0%|          | 0/1 [00:00\u003c?, ?it/s]\rWriting model shards: 100%|██████████| 1/1 [00:01\u003c00:00,  1.33s/it]\rWriting model shards: 100%|██████████| 1/1 [00:01\u003c00:00,  1.33s/it]\n"}
,{"stream_name":"stderr","time":1758.038197578,"data":"/usr/local/lib/python3.13/dist-packages/torch/autograd/function.py:596: UserWarning: Was asked to gather along dimension 0, but all input tensors were scalars; will instead unsqueeze and return a vector.\n"}
,{"stream_name":"stderr","time":1758.038245582,"data":"  return super().apply(*args, **kwargs)  # type: ignore[misc]\n"}
,{"stream_name":"stdout","time":1787.730502317,"data":"{'loss': '1.579', 'grad_norm': '21.56', 'learning_rate': '1.94e-05', 'epoch': '2.239'}\n"}
,{"stream_name":"stdout","time":1833.981228548,"data":"{'loss': '1.504', 'grad_norm': '16.55', 'learning_rate': '1.847e-05', 'epoch': '2.612'}\n"}
,{"stream_name":"stdout","time":1880.106052421,"data":"{'loss': '1.431', 'grad_norm': '25.67', 'learning_rate': '1.754e-05', 'epoch': '2.985'}\n"}
,{"stream_name":"stdout","time":1889.566171768,"data":"{'eval_loss': '1.519', 'eval_accuracy': '0.6698', 'eval_macro_f1': '0.6333', 'eval_weighted_f1': '0.6645', 'eval_precision_negative': '0.5442', 'eval_recall_negative': '0.4113', 'eval_f1_negative': '0.4685', 'eval_precision_neutral': '0.6327', 'eval_recall_neutral': '0.7515', 'eval_f1_neutral': '0.687', 'eval_precision_positive': '0.7591', 'eval_recall_positive': '0.7305', 'eval_f1_positive': '0.7445', 'eval_runtime': '8.22', 'eval_samples_per_second': '221', 'eval_steps_per_second': '1.825', 'epoch': '3'}\n"}
,{"stream_name":"stderr","time":1890.935198628,"data":"\rWriting model shards:   0%|          | 0/1 [00:00\u003c?, ?it/s]\rWriting model shards: 100%|██████████| 1/1 [00:01\u003c00:00,  1.36s/it]\rWriting model shards: 100%|██████████| 1/1 [00:01\u003c00:00,  1.36s/it]\n"}
,{"stream_name":"stderr","time":1894.137057277,"data":"/usr/local/lib/python3.13/dist-packages/torch/autograd/function.py:596: UserWarning: Was asked to gather along dimension 0, but all input tensors were scalars; will instead unsqueeze and return a vector.\n"}
,{"stream_name":"stderr","time":1894.137085646,"data":"  return super().apply(*args, **kwargs)  # type: ignore[misc]\n"}
,{"stream_name":"stdout","time":1938.491215799,"data":"{'loss': '1.292', 'grad_norm': '25.5', 'learning_rate': '1.661e-05', 'epoch': '3.358'}\n"}
,{"stream_name":"stdout","time":1984.730313651,"data":"{'loss': '1.266', 'grad_norm': '24.98', 'learning_rate': '1.568e-05', 'epoch': '3.731'}\n"}
,{"stream_name":"stdout","time":2025.679877665,"data":"{'eval_loss': '1.628', 'eval_accuracy': '0.6758', 'eval_macro_f1': '0.6599', 'eval_weighted_f1': '0.6798', 'eval_precision_negative': '0.5166', 'eval_recall_negative': '0.599', 'eval_f1_negative': '0.5548', 'eval_precision_neutral': '0.6512', 'eval_recall_neutral': '0.7439', 'eval_f1_neutral': '0.6945', 'eval_precision_positive': '0.8235', 'eval_recall_positive': '0.6562', 'eval_f1_positive': '0.7304', 'eval_runtime': '8.245', 'eval_samples_per_second': '220.4', 'eval_steps_per_second': '1.819', 'epoch': '4'}\n"}
,{"stream_name":"stderr","time":2027.015961089,"data":"\rWriting model shards:   0%|          | 0/1 [00:00\u003c?, ?it/s]\rWriting model shards: 100%|██████████| 1/1 [00:01\u003c00:00,  1.33s/it]\rWriting model shards: 100%|██████████| 1/1 [00:01\u003c00:00,  1.33s/it]\n"}
,{"stream_name":"stderr","time":2030.176724482,"data":"/usr/local/lib/python3.13/dist-packages/torch/autograd/function.py:596: UserWarning: Was asked to gather along dimension 0, but all input tensors were scalars; will instead unsqueeze and return a vector.\n"}
,{"stream_name":"stderr","time":2030.176754399,"data":"  return super().apply(*args, **kwargs)  # type: ignore[misc]\n"}
,{"stream_name":"stdout","time":2042.920958769,"data":"{'loss': '1.226', 'grad_norm': '27.79', 'learning_rate': '1.474e-05', 'epoch': '4.104'}\n"}
,{"stream_name":"stdout","time":2089.021239453,"data":"{'loss': '1.095', 'grad_norm': '35.73', 'learning_rate': '1.381e-05', 'epoch': '4.478'}\n"}
,{"stream_name":"stdout","time":2135.211065241,"data":"{'loss': '1.154', 'grad_norm': '28.99', 'learning_rate': '1.288e-05', 'epoch': '4.851'}\n"}
,{"stream_name":"stdout","time":2161.347265264,"data":"{'eval_loss': '1.59', 'eval_accuracy': '0.6852', 'eval_macro_f1': '0.6568', 'eval_weighted_f1': '0.6835', 'eval_precision_negative': '0.5582', 'eval_recall_negative': '0.4807', 'eval_f1_negative': '0.5166', 'eval_precision_neutral': '0.6438', 'eval_recall_neutral': '0.7667', 'eval_f1_neutral': '0.6999', 'eval_precision_positive': '0.7931', 'eval_recall_positive': '0.7188', 'eval_f1_positive': '0.7541', 'eval_runtime': '8.238', 'eval_samples_per_second': '220.6', 'eval_steps_per_second': '1.821', 'epoch': '5'}\n"}
,{"stream_name":"stderr","time":2162.692172014,"data":"\rWriting model shards:   0%|          | 0/1 [00:00\u003c?, ?it/s]\rWriting model shards: 100%|██████████| 1/1 [00:01\u003c00:00,  1.33s/it]\rWriting model shards: 100%|██████████| 1/1 [00:01\u003c00:00,  1.33s/it]\n"}
,{"stream_name":"stderr","time":2165.698650761,"data":"/usr/local/lib/python3.13/dist-packages/torch/autograd/function.py:596: UserWarning: Was asked to gather along dimension 0, but all input tensors were scalars; will instead unsqueeze and return a vector.\n"}
,{"stream_name":"stderr","time":2165.698730489,"data":"  return super().apply(*args, **kwargs)  # type: ignore[misc]\n"}
,{"stream_name":"stdout","time":2192.969061577,"data":"{'loss': '1.027', 'grad_norm': '25.7', 'learning_rate': '1.195e-05', 'epoch': '5.224'}\n"}
,{"stream_name":"stdout","time":2238.793944015,"data":"{'loss': '0.9662', 'grad_norm': '16.6', 'learning_rate': '1.102e-05', 'epoch': '5.597'}\n"}
,{"stream_name":"stdout","time":2285.130564061,"data":"{'loss': '0.9742', 'grad_norm': '29.9', 'learning_rate': '1.008e-05', 'epoch': '5.97'}\n"}
,{"stream_name":"stdout","time":2296.463437701,"data":"{'eval_loss': '1.635', 'eval_accuracy': '0.6957', 'eval_macro_f1': '0.6772', 'eval_weighted_f1': '0.6969', 'eval_precision_negative': '0.5361', 'eval_recall_negative': '0.6298', 'eval_f1_negative': '0.5792', 'eval_precision_neutral': '0.7609', 'eval_recall_neutral': '0.6318', 'eval_f1_neutral': '0.6904', 'eval_precision_positive': '0.7414', 'eval_recall_positive': '0.7839', 'eval_f1_positive': '0.762', 'eval_runtime': '8.242', 'eval_samples_per_second': '220.5', 'eval_steps_per_second': '1.82', 'epoch': '6'}\n"}
,{"stream_name":"stderr","time":2297.845830623,"data":"\rWriting model shards:   0%|          | 0/1 [00:00\u003c?, ?it/s]\rWriting model shards: 100%|██████████| 1/1 [00:01\u003c00:00,  1.37s/it]\rWriting model shards: 100%|██████████| 1/1 [00:01\u003c00:00,  1.37s/it]\n"}
,{"stream_name":"stderr","time":2301.255431644,"data":"/usr/local/lib/python3.13/dist-packages/torch/autograd/function.py:596: UserWarning: Was asked to gather along dimension 0, but all input tensors were scalars; will instead unsqueeze and return a vector.\n"}
,{"stream_name":"stderr","time":2301.255462109,"data":"  return super().apply(*args, **kwargs)  # type: ignore[misc]\n"}
,{"stream_name":"stdout","time":2344.028946115,"data":"{'loss': '0.8899', 'grad_norm': '18.57', 'learning_rate': '9.152e-06', 'epoch': '6.343'}\n"}
,{"stream_name":"stdout","time":2389.717200414,"data":"{'loss': '0.8777', 'grad_norm': '24.48', 'learning_rate': '8.22e-06', 'epoch': '6.716'}\n"}
,{"stream_name":"stdout","time":2432.398152654,"data":"{'eval_loss': '1.687', 'eval_accuracy': '0.699', 'eval_macro_f1': '0.6703', 'eval_weighted_f1': '0.6953', 'eval_precision_negative': '0.592', 'eval_recall_negative': '0.4961', 'eval_f1_negative': '0.5399', 'eval_precision_neutral': '0.7024', 'eval_recall_neutral': '0.7152', 'eval_f1_neutral': '0.7087', 'eval_precision_positive': '0.7387', 'eval_recall_positive': '0.7878', 'eval_f1_positive': '0.7624', 'eval_runtime': '8.258', 'eval_samples_per_second': '220', 'eval_steps_per_second': '1.816', 'epoch': '7'}\n"}
,{"stream_name":"stderr","time":2433.785181911,"data":"\rWriting model shards:   0%|          | 0/1 [00:00\u003c?, ?it/s]\rWriting model shards: 100%|██████████| 1/1 [00:01\u003c00:00,  1.38s/it]\rWriting model shards: 100%|██████████| 1/1 [00:01\u003c00:00,  1.38s/it]\n"}
,{"stream_name":"stderr","time":2436.809967157,"data":"/usr/local/lib/python3.13/dist-packages/torch/autograd/function.py:596: UserWarning: Was asked to gather along dimension 0, but all input tensors were scalars; will instead unsqueeze and return a vector.\n"}
,{"stream_name":"stderr","time":2436.809995624,"data":"  return super().apply(*args, **kwargs)  # type: ignore[misc]\n"}
,{"stream_name":"stdout","time":2447.709748519,"data":"{'loss': '0.7927', 'grad_norm': '33.56', 'learning_rate': '7.288e-06', 'epoch': '7.09'}\n"}
,{"stream_name":"stdout","time":2494.023270702,"data":"{'loss': '0.7666', 'grad_norm': '27.21', 'learning_rate': '6.356e-06', 'epoch': '7.463'}\n"}
,{"stream_name":"stdout","time":2539.99137324,"data":"{'loss': '0.742', 'grad_norm': '19.96', 'learning_rate': '5.424e-06', 'epoch': '7.836'}\n"}
,{"stream_name":"stdout","time":2567.831008765,"data":"{'eval_loss': '1.736', 'eval_accuracy': '0.6984', 'eval_macro_f1': '0.6802', 'eval_weighted_f1': '0.7019', 'eval_precision_negative': '0.5241', 'eval_recall_negative': '0.6144', 'eval_f1_negative': '0.5657', 'eval_precision_neutral': '0.7178', 'eval_recall_neutral': '0.7167', 'eval_f1_neutral': '0.7172', 'eval_precision_positive': '0.7934', 'eval_recall_positive': '0.7253', 'eval_f1_positive': '0.7578', 'eval_runtime': '8.231', 'eval_samples_per_second': '220.8', 'eval_steps_per_second': '1.822', 'epoch': '8'}\n"}
,{"stream_name":"stderr","time":2569.152138105,"data":"\rWriting model shards:   0%|          | 0/1 [00:00\u003c?, ?it/s]\rWriting model shards: 100%|██████████| 1/1 [00:01\u003c00:00,  1.31s/it]\rWriting model shards: 100%|██████████| 1/1 [00:01\u003c00:00,  1.31s/it]\n"}
,{"stream_name":"stderr","time":2572.566390131,"data":"/usr/local/lib/python3.13/dist-packages/torch/autograd/function.py:596: UserWarning: Was asked to gather along dimension 0, but all input tensors were scalars; will instead unsqueeze and return a vector.\n"}
,{"stream_name":"stderr","time":2572.566431282,"data":"  return super().apply(*args, **kwargs)  # type: ignore[misc]\n"}
,{"stream_name":"stdout","time":2598.154351238,"data":"{'loss': '0.71', 'grad_norm': '24.66', 'learning_rate': '4.492e-06', 'epoch': '8.209'}\n"}
,{"stream_name":"stdout","time":2644.400073799,"data":"{'loss': '0.7023', 'grad_norm': '20.82', 'learning_rate': '3.56e-06', 'epoch': '8.582'}\n"}
,{"stream_name":"stdout","time":2690.569311865,"data":"{'loss': '0.636', 'grad_norm': '35.97', 'learning_rate': '2.628e-06', 'epoch': '8.955'}\n"}
,{"stream_name":"stdout","time":2703.773806854,"data":"{'eval_loss': '1.837', 'eval_accuracy': '0.7067', 'eval_macro_f1': '0.6846', 'eval_weighted_f1': '0.7061', 'eval_precision_negative': '0.5744', 'eval_recall_negative': '0.5758', 'eval_f1_negative': '0.5751', 'eval_precision_neutral': '0.7276', 'eval_recall_neutral': '0.6879', 'eval_f1_neutral': '0.7072', 'eval_precision_positive': '0.7547', 'eval_recall_positive': '0.7891', 'eval_f1_positive': '0.7715', 'eval_runtime': '8.277', 'eval_samples_per_second': '219.5', 'eval_steps_per_second': '1.812', 'epoch': '9'}\n"}
,{"stream_name":"stderr","time":2705.095100366,"data":"\rWriting model shards:   0%|          | 0/1 [00:00\u003c?, ?it/s]\rWriting model shards: 100%|██████████| 1/1 [00:01\u003c00:00,  1.31s/it]\rWriting model shards: 100%|██████████| 1/1 [00:01\u003c00:00,  1.31s/it]\n"}
,{"stream_name":"stderr","time":2708.290823363,"data":"/usr/local/lib/python3.13/dist-packages/torch/autograd/function.py:596: UserWarning: Was asked to gather along dimension 0, but all input tensors were scalars; will instead unsqueeze and return a vector.\n"}
,{"stream_name":"stderr","time":2708.290857013,"data":"  return super().apply(*args, **kwargs)  # type: ignore[misc]\n"}
,{"stream_name":"stdout","time":2749.008595087,"data":"{'loss': '0.6713', 'grad_norm': '49.27', 'learning_rate': '1.696e-06', 'epoch': '9.328'}\n"}
,{"stream_name":"stdout","time":2795.075261303,"data":"{'loss': '0.6405', 'grad_norm': '28.59', 'learning_rate': '7.642e-07', 'epoch': '9.701'}\n"}
,{"stream_name":"stdout","time":2839.623933514,"data":"{'eval_loss': '1.814', 'eval_accuracy': '0.7034', 'eval_macro_f1': '0.6809', 'eval_weighted_f1': '0.7037', 'eval_precision_negative': '0.5648', 'eval_recall_negative': '0.5604', 'eval_f1_negative': '0.5626', 'eval_precision_neutral': '0.697', 'eval_recall_neutral': '0.7318', 'eval_f1_neutral': '0.714', 'eval_precision_positive': '0.7818', 'eval_recall_positive': '0.7513', 'eval_f1_positive': '0.7663', 'eval_runtime': '8.22', 'eval_samples_per_second': '221', 'eval_steps_per_second': '1.825', 'epoch': '10'}\n"}
,{"stream_name":"stderr","time":2841.016589927,"data":"\rWriting model shards:   0%|          | 0/1 [00:00\u003c?, ?it/s]\rWriting model shards: 100%|██████████| 1/1 [00:01\u003c00:00,  1.38s/it]\rWriting model shards: 100%|██████████| 1/1 [00:01\u003c00:00,  1.38s/it]\n"}
,{"stream_name":"stdout","time":2843.837615285,"data":"{'train_runtime': '1359', 'train_samples_per_second': '62.7', 'train_steps_per_second': '0.986', 'train_loss': '1.162', 'epoch': '10'}\n"}
,{"stream_name":"stderr","time":2855.996636248,"data":"/usr/local/lib/python3.13/dist-packages/torch/autograd/function.py:596: UserWarning: Was asked to gather along dimension 0, but all input tensors were scalars; will instead unsqueeze and return a vector.\n"}
,{"stream_name":"stderr","time":2855.996677137,"data":"  return super().apply(*args, **kwargs)  # type: ignore[misc]\n"}
,{"stream_name":"stdout","time":2865.154769508,"data":"[dev/original/all] macro-F1 0.7155  weighted-F1 0.7357\n"}
,{"stream_name":"stdout","time":2865.154840275,"data":"[dev/original/clean] macro-F1 0.6846  weighted-F1 0.7061\n"}
,{"stream_name":"stderr","time":2867.478382822,"data":"/usr/local/lib/python3.13/dist-packages/torch/autograd/function.py:596: UserWarning: Was asked to gather along dimension 0, but all input tensors were scalars; will instead unsqueeze and return a vector.\n"}
,{"stream_name":"stderr","time":2867.478418038,"data":"  return super().apply(*args, **kwargs)  # type: ignore[misc]\n"}
,{"stream_name":"stdout","time":2876.168631795,"data":"[dev/no_tones/all] macro-F1 0.6950  weighted-F1 0.7134\n"}
,{"stream_name":"stdout","time":2876.168679335,"data":"[dev/no_tones/clean] macro-F1 0.6750  weighted-F1 0.6941\n"}
,{"stream_name":"stderr","time":2878.447909033,"data":"/usr/local/lib/python3.13/dist-packages/torch/autograd/function.py:596: UserWarning: Was asked to gather along dimension 0, but all input tensors were scalars; will instead unsqueeze and return a vector.\n"}
,{"stream_name":"stderr","time":2878.44795782,"data":"  return super().apply(*args, **kwargs)  # type: ignore[misc]\n"}
,{"stream_name":"stdout","time":2885.707243865,"data":"[dev/no_diacritics/all] macro-F1 0.6507  weighted-F1 0.6713\n"}
,{"stream_name":"stdout","time":2885.707283864,"data":"[dev/no_diacritics/clean] macro-F1 0.6347  weighted-F1 0.6559\n"}
,{"stream_name":"stdout","time":2887.668389132,"data":"=== configs/e5a_afroxlmr_base.yaml seed 44 ===\n"}
,{"stream_name":"stderr","time":2897.301211596,"data":"Warning: You are sending unauthenticated requests to the HF Hub. Please set a HF_TOKEN to enable higher rate limits and faster downloads.\n"}
,{"stream_name":"stderr","time":2900.054893401,"data":"\rLoading weights:   0%|          | 0/197 [00:00\u003c?, ?it/s]\rLoading weights: 100%|██████████| 197/197 [00:00\u003c00:00, 2699.85it/s]\n"}
,{"stream_name":"stderr","time":2900.06448764,"data":"[transformers] \u001b[1mXLMRobertaForSequenceClassification LOAD REPORT\u001b[0m from: Davlan/afro-xlmr-base\n"}
,{"stream_name":"stderr","time":2900.064524552,"data":"Key                        | Status     | \n"}
,{"stream_name":"stderr","time":2900.064529502,"data":"---------------------------+------------+-\n"}
,{"stream_name":"stderr","time":2900.064532969,"data":"lm_head.layer_norm.weight  | UNEXPECTED | \n"}
,{"stream_name":"stderr","time":2900.064542176,"data":"lm_head.bias               | UNEXPECTED | \n"}
,{"stream_name":"stderr","time":2900.064544582,"data":"lm_head.layer_norm.bias    | UNEXPECTED | \n"}
,{"stream_name":"stderr","time":2900.064546689,"data":"lm_head.dense.bias         | UNEXPECTED | \n"}
,{"stream_name":"stderr","time":2900.06454878,"data":"lm_head.dense.weight       | UNEXPECTED | \n"}
,{"stream_name":"stderr","time":2900.064550971,"data":"classifier.dense.bias      | MISSING    | \n"}
,{"stream_name":"stderr","time":2900.064553062,"data":"classifier.out_proj.weight | MISSING    | \n"}
,{"stream_name":"stderr","time":2900.064555171,"data":"classifier.out_proj.bias   | MISSING    | \n"}
,{"stream_name":"stderr","time":2900.064557359,"data":"classifier.dense.weight    | MISSING    | \n"}
,{"stream_name":"stderr","time":2900.064559497,"data":"\n"}
,{"stream_name":"stderr","time":2900.064561588,"data":"Notes:\n"}
,{"stream_name":"stderr","time":2900.064563797,"data":"- UNEXPECTED:\tcan be ignored when loading from different task/architecture; not ok if you expect identical arch.\n"}
,{"stream_name":"stderr","time":2900.064566161,"data":"- MISSING:\tthose params were newly initialized because missing from the checkpoint. Consider training on your downstream task.\n"}
,{"stream_name":"stderr","time":2906.620660674,"data":"/usr/local/lib/python3.13/dist-packages/torch/autograd/function.py:596: UserWarning: Was asked to gather along dimension 0, but all input tensors were scalars; will instead unsqueeze and return a vector.\n"}
,{"stream_name":"stderr","time":2906.620695383,"data":"  return super().apply(*args, **kwargs)  # type: ignore[misc]\n"}
,{"stream_name":"stdout","time":2953.602130123,"data":"{'loss': '2.208', 'grad_norm': '3.215', 'learning_rate': '3.67e-06', 'epoch': '0.3731'}\n"}
,{"stream_name":"stdout","time":2998.986017054,"data":"{'loss': '2.089', 'grad_norm': '5.803', 'learning_rate': '7.416e-06', 'epoch': '0.7463'}\n"}
,{"stream_name":"stdout","time":3038.347851233,"data":"{'eval_loss': '1.885', 'eval_accuracy': '0.5575', 'eval_macro_f1': '0.4446', 'eval_weighted_f1': '0.5081', 'eval_precision_negative': '0.4878', 'eval_recall_negative': '0.0514', 'eval_f1_negative': '0.093', 'eval_precision_neutral': '0.499', 'eval_recall_neutral': '0.7864', 'eval_f1_neutral': '0.6106', 'eval_precision_positive': '0.644', 'eval_recall_positive': '0.6172', 'eval_f1_positive': '0.6303', 'eval_runtime': '8.323', 'eval_samples_per_second': '218.3', 'eval_steps_per_second': '1.802', 'epoch': '1'}\n"}
,{"stream_name":"stderr","time":3039.711815327,"data":"\rWriting model shards:   0%|          | 0/1 [00:00\u003c?, ?it/s]\rWriting model shards: 100%|██████████| 1/1 [00:01\u003c00:00,  1.35s/it]\rWriting model shards: 100%|██████████| 1/1 [00:01\u003c00:00,  1.35s/it]\n"}
,{"stream_name":"stderr","time":3042.817727093,"data":"/usr/local/lib/python3.13/dist-packages/torch/autograd/function.py:596: UserWarning: Was asked to gather along dimension 0, but all input tensors were scalars; will instead unsqueeze and return a vector.\n"}
,{"stream_name":"stderr","time":3042.817782979,"data":"  return super().apply(*args, **kwargs)  # type: ignore[misc]\n"}
,{"stream_name":"stdout","time":3057.428846612,"data":"{'loss': '1.957', 'grad_norm': '23.39', 'learning_rate': '1.116e-05', 'epoch': '1.119'}\n"}
,{"stream_name":"stdout","time":3103.878579361,"data":"{'loss': '1.84', 'grad_norm': '14.6', 'learning_rate': '1.491e-05', 'epoch': '1.493'}\n"}
,{"stream_name":"stdout","time":3150.152470484,"data":"{'loss': '1.68', 'grad_norm': '15.75', 'learning_rate': '1.865e-05', 'epoch': '1.866'}\n"}
,{"stream_name":"stdout","time":3174.19443663,"data":"{'eval_loss': '1.629', 'eval_accuracy': '0.634', 'eval_macro_f1': '0.6101', 'eval_weighted_f1': '0.6375', 'eval_precision_negative': '0.4434', 'eval_recall_negative': '0.4936', 'eval_f1_negative': '0.4672', 'eval_precision_neutral': '0.6358', 'eval_recall_neutral': '0.6667', 'eval_f1_neutral': '0.6509', 'eval_precision_positive': '0.7514', 'eval_recall_positive': '0.6771', 'eval_f1_positive': '0.7123', 'eval_runtime': '8.203', 'eval_samples_per_second': '221.5', 'eval_steps_per_second': '1.829', 'epoch': '2'}\n"}
,{"stream_name":"stderr","time":3175.324050173,"data":"\rWriting model shards:   0%|          | 0/1 [00:00\u003c?, ?it/s]\rWriting model shards: 100%|██████████| 1/1 [00:01\u003c00:00,  1.12s/it]\rWriting model shards: 100%|██████████| 1/1 [00:01\u003c00:00,  1.12s/it]\n"}
,{"stream_name":"stderr","time":3178.611128787,"data":"/usr/local/lib/python3.13/dist-packages/torch/autograd/function.py:596: UserWarning: Was asked to gather along dimension 0, but all input tensors were scalars; will instead unsqueeze and return a vector.\n"}
,{"stream_name":"stderr","time":3178.611159623,"data":"  return super().apply(*args, **kwargs)  # type: ignore[misc]\n"}
,{"stream_name":"stdout","time":3208.276544009,"data":"{'loss': '1.592', 'grad_norm': '17.29', 'learning_rate': '1.94e-05', 'epoch': '2.239'}\n"}
,{"stream_name":"stdout","time":3254.58499681,"data":"{'loss': '1.568', 'grad_norm': '22.81', 'learning_rate': '1.847e-05', 'epoch': '2.612'}\n"}
,{"stream_name":"stdout","time":3300.875730803,"data":"{'loss': '1.46', 'grad_norm': '20.05', 'learning_rate': '1.754e-05', 'epoch': '2.985'}\n"}
,{"stream_name":"stdout","time":3310.402211056,"data":"{'eval_loss': '1.612', 'eval_accuracy': '0.6483', 'eval_macro_f1': '0.6314', 'eval_weighted_f1': '0.6523', 'eval_precision_negative': '0.4741', 'eval_recall_negative': '0.5656', 'eval_f1_negative': '0.5158', 'eval_precision_neutral': '0.6309', 'eval_recall_neutral': '0.7485', 'eval_f1_neutral': '0.6847', 'eval_precision_positive': '0.814', 'eval_recall_positive': '0.6042', 'eval_f1_positive': '0.6936', 'eval_runtime': '8.285', 'eval_samples_per_second': '219.3', 'eval_steps_per_second': '1.81', 'epoch': '3'}\n"}
,{"stream_name":"stderr","time":3311.558553368,"data":"\rWriting model shards:   0%|          | 0/1 [00:00\u003c?, ?it/s]\rWriting model shards: 100%|██████████| 1/1 [00:01\u003c00:00,  1.15s/it]\rWriting model shards: 100%|██████████| 1/1 [00:01\u003c00:00,  1.15s/it]\n"}
,{"stream_name":"stderr","time":3314.78368139,"data":"/usr/local/lib/python3.13/dist-packages/torch/autograd/function.py:596: UserWarning: Was asked to gather along dimension 0, but all input tensors were scalars; will instead unsqueeze and return a vector.\n"}
,{"stream_name":"stderr","time":3314.783729399,"data":"  return super().apply(*args, **kwargs)  # type: ignore[misc]\n"}
,{"stream_name":"stdout","time":3359.095436861,"data":"{'loss': '1.343', 'grad_norm': '26.92', 'learning_rate': '1.661e-05', 'epoch': '3.358'}\n"}
,{"stream_name":"stdout","time":3405.168342559,"data":"{'loss': '1.3', 'grad_norm': '14.41', 'learning_rate': '1.568e-05', 'epoch': '3.731'}\n"}
,{"stream_name":"stdout","time":3446.220878621,"data":"{'eval_loss': '1.523', 'eval_accuracy': '0.6808', 'eval_macro_f1': '0.6564', 'eval_weighted_f1': '0.681', 'eval_precision_negative': '0.5358', 'eval_recall_negative': '0.5193', 'eval_f1_negative': '0.5274', 'eval_precision_neutral': '0.6648', 'eval_recall_neutral': '0.7303', 'eval_f1_neutral': '0.696', 'eval_precision_positive': '0.7734', 'eval_recall_positive': '0.7201', 'eval_f1_positive': '0.7458', 'eval_runtime': '8.225', 'eval_samples_per_second': '220.9', 'eval_steps_per_second': '1.824', 'epoch': '4'}\n"}
,{"stream_name":"stderr","time":3447.326582991,"data":"\rWriting model shards:   0%|          | 0/1 [00:00\u003c?, ?it/s]\rWriting model shards: 100%|██████████| 1/1 [00:01\u003c00:00,  1.09s/it]\rWriting model shards: 100%|██████████| 1/1 [00:01\u003c00:00,  1.09s/it]\n"}
,{"stream_name":"stderr","time":3450.496011771,"data":"/usr/local/lib/python3.13/dist-packages/torch/autograd/function.py:596: UserWarning: Was asked to gather along dimension 0, but all input tensors were scalars; will instead unsqueeze and return a vector.\n"}
,{"stream_name":"stderr","time":3450.496077362,"data":"  return super().apply(*args, **kwargs)  # type: ignore[misc]\n"}
,{"stream_name":"stdout","time":3462.995284968,"data":"{'loss': '1.245', 'grad_norm': '32.77', 'learning_rate': '1.474e-05', 'epoch': '4.104'}\n"}
,{"stream_name":"stdout","time":3509.18595379,"data":"{'loss': '1.12', 'grad_norm': '23.01', 'learning_rate': '1.381e-05', 'epoch': '4.478'}\n"}
,{"stream_name":"stdout","time":3555.399195968,"data":"{'loss': '1.129', 'grad_norm': '30.19', 'learning_rate': '1.288e-05', 'epoch': '4.851'}\n"}
,{"stream_name":"stdout","time":3581.712641562,"data":"{'eval_loss': '1.546', 'eval_accuracy': '0.7023', 'eval_macro_f1': '0.6844', 'eval_weighted_f1': '0.7057', 'eval_precision_negative': '0.5255', 'eval_recall_negative': '0.635', 'eval_f1_negative': '0.5751', 'eval_precision_neutral': '0.7421', 'eval_recall_neutral': '0.6803', 'eval_f1_neutral': '0.7099', 'eval_precision_positive': '0.7817', 'eval_recall_positive': '0.7552', 'eval_f1_positive': '0.7682', 'eval_runtime': '8.272', 'eval_samples_per_second': '219.7', 'eval_steps_per_second': '1.813', 'epoch': '5'}\n"}
,{"stream_name":"stderr","time":3582.823291301,"data":"\rWriting model shards:   0%|          | 0/1 [00:00\u003c?, ?it/s]\rWriting model shards: 100%|██████████| 1/1 [00:01\u003c00:00,  1.10s/it]\rWriting model shards: 100%|██████████| 1/1 [00:01\u003c00:00,  1.10s/it]\n"}
,{"stream_name":"stderr","time":3586.025478502,"data":"/usr/local/lib/python3.13/dist-packages/torch/autograd/function.py:596: UserWarning: Was asked to gather along dimension 0, but all input tensors were scalars; will instead unsqueeze and return a vector.\n"}
,{"stream_name":"stderr","time":3586.025531253,"data":"  return super().apply(*args, **kwargs)  # type: ignore[misc]\n"}
,{"stream_name":"stdout","time":3613.813253518,"data":"{'loss': '1.073', 'grad_norm': '21.68', 'learning_rate': '1.195e-05', 'epoch': '5.224'}\n"}
,{"stream_name":"stdout","time":3660.085384669,"data":"{'loss': '1.018', 'grad_norm': '29.7', 'learning_rate': '1.102e-05', 'epoch': '5.597'}\n"}
,{"stream_name":"stdout","time":3705.952356978,"data":"{'loss': '0.9752', 'grad_norm': '27.21', 'learning_rate': '1.008e-05', 'epoch': '5.97'}\n"}
,{"stream_name":"stdout","time":3717.261331986,"data":"{'eval_loss': '1.668', 'eval_accuracy': '0.7028', 'eval_macro_f1': '0.6756', 'eval_weighted_f1': '0.7002', 'eval_precision_negative': '0.5976', 'eval_recall_negative': '0.5039', 'eval_f1_negative': '0.5467', 'eval_precision_neutral': '0.678', 'eval_recall_neutral': '0.7561', 'eval_f1_neutral': '0.7149', 'eval_precision_positive': '0.7729', 'eval_recall_positive': '0.7578', 'eval_f1_positive': '0.7653', 'eval_runtime': '8.25', 'eval_samples_per_second': '220.2', 'eval_steps_per_second': '1.818', 'epoch': '6'}\n"}
,{"stream_name":"stderr","time":3718.412125147,"data":"\rWriting model shards:   0%|          | 0/1 [00:00\u003c?, ?it/s]\rWriting model shards: 100%|██████████| 1/1 [00:01\u003c00:00,  1.14s/it]\rWriting model shards: 100%|██████████| 1/1 [00:01\u003c00:00,  1.14s/it]\n"}
,{"stream_name":"stderr","time":3721.492203851,"data":"/usr/local/lib/python3.13/dist-packages/torch/autograd/function.py:596: UserWarning: Was asked to gather along dimension 0, but all input tensors were scalars; will instead unsqueeze and return a vector.\n"}
,{"stream_name":"stderr","time":3721.492252165,"data":"  return super().apply(*args, **kwargs)  # type: ignore[misc]\n"}
,{"stream_name":"stdout","time":3763.923306994,"data":"{'loss': '0.8867', 'grad_norm': '25.56', 'learning_rate': '9.152e-06', 'epoch': '6.343'}\n"}
,{"stream_name":"stdout","time":3810.097194376,"data":"{'loss': '0.8453', 'grad_norm': '37.09', 'learning_rate': '8.22e-06', 'epoch': '6.716'}\n"}
,{"stream_name":"stdout","time":3852.732772483,"data":"{'eval_loss': '1.704', 'eval_accuracy': '0.7083', 'eval_macro_f1': '0.6886', 'eval_weighted_f1': '0.7089', 'eval_precision_negative': '0.5707', 'eval_recall_negative': '0.6015', 'eval_f1_negative': '0.5857', 'eval_precision_neutral': '0.7235', 'eval_recall_neutral': '0.6939', 'eval_f1_neutral': '0.7084', 'eval_precision_positive': '0.7687', 'eval_recall_positive': '0.7747', 'eval_f1_positive': '0.7717', 'eval_runtime': '8.237', 'eval_samples_per_second': '220.6', 'eval_steps_per_second': '1.821', 'epoch': '7'}\n"}
,{"stream_name":"stderr","time":3854.048273644,"data":"\rWriting model shards:   0%|          | 0/1 [00:00\u003c?, ?it/s]\rWriting model shards: 100%|██████████| 1/1 [00:01\u003c00:00,  1.31s/it]\rWriting model shards: 100%|██████████| 1/1 [00:01\u003c00:00,  1.31s/it]\n"}
,{"stream_name":"stderr","time":3857.400393655,"data":"/usr/local/lib/python3.13/dist-packages/torch/autograd/function.py:596: UserWarning: Was asked to gather along dimension 0, but all input tensors were scalars; will instead unsqueeze and return a vector.\n"}
,{"stream_name":"stderr","time":3857.400428192,"data":"  return super().apply(*args, **kwargs)  # type: ignore[misc]\n"}
,{"stream_name":"stdout","time":3868.265690995,"data":"{'loss': '0.8059', 'grad_norm': '43.63', 'learning_rate': '7.288e-06', 'epoch': '7.09'}\n"}
,{"stream_name":"stdout","time":3914.863014078,"data":"{'loss': '0.7791', 'grad_norm': '28.77', 'learning_rate': '6.356e-06', 'epoch': '7.463'}\n"}
,{"stream_name":"stdout","time":3961.184840687,"data":"{'loss': '0.7317', 'grad_norm': '30.19', 'learning_rate': '5.424e-06', 'epoch': '7.836'}\n"}
,{"stream_name":"stdout","time":3989.189032268,"data":"{'eval_loss': '1.741', 'eval_accuracy': '0.7089', 'eval_macro_f1': '0.6909', 'eval_weighted_f1': '0.7095', 'eval_precision_negative': '0.5819', 'eval_recall_negative': '0.6118', 'eval_f1_negative': '0.5965', 'eval_precision_neutral': '0.7196', 'eval_recall_neutral': '0.7', 'eval_f1_neutral': '0.7097', 'eval_precision_positive': '0.7676', 'eval_recall_positive': '0.7656', 'eval_f1_positive': '0.7666', 'eval_runtime': '8.262', 'eval_samples_per_second': '219.9', 'eval_steps_per_second': '1.816', 'epoch': '8'}\n"}
,{"stream_name":"stderr","time":3990.573377264,"data":"\rWriting model shards:   0%|          | 0/1 [00:00\u003c?, ?it/s]\rWriting model shards: 100%|██████████| 1/1 [00:01\u003c00:00,  1.37s/it]\rWriting model shards: 100%|██████████| 1/1 [00:01\u003c00:00,  1.37s/it]\n"}
,{"stream_name":"stderr","time":3993.95664364,"data":"/usr/local/lib/python3.13/dist-packages/torch/autograd/function.py:596: UserWarning: Was asked to gather along dimension 0, but all input tensors were scalars; will instead unsqueeze and return a vector.\n"}
,{"stream_name":"stderr","time":3993.956682897,"data":"  return super().apply(*args, **kwargs)  # type: ignore[misc]\n"}
,{"stream_name":"stdout","time":4019.796575435,"data":"{'loss': '0.7356', 'grad_norm': '28.82', 'learning_rate': '4.492e-06', 'epoch': '8.209'}\n"}
,{"stream_name":"stdout","time":4066.178451636,"data":"{'loss': '0.726', 'grad_norm': '23.19', 'learning_rate': '3.56e-06', 'epoch': '8.582'}\n"}
,{"stream_name":"stdout","time":4112.445482764,"data":"{'loss': '0.6677', 'grad_norm': '41.43', 'learning_rate': '2.628e-06', 'epoch': '8.955'}\n"}
,{"stream_name":"stdout","time":4125.617137722,"data":"{'eval_loss': '1.779', 'eval_accuracy': '0.6979', 'eval_macro_f1': '0.6774', 'eval_weighted_f1': '0.699', 'eval_precision_negative': '0.5564', 'eval_recall_negative': '0.5707', 'eval_f1_negative': '0.5635', 'eval_precision_neutral': '0.6878', 'eval_recall_neutral': '0.7409', 'eval_f1_neutral': '0.7133', 'eval_precision_positive': '0.7878', 'eval_recall_positive': '0.7253', 'eval_f1_positive': '0.7553', 'eval_runtime': '8.251', 'eval_samples_per_second': '220.2', 'eval_steps_per_second': '1.818', 'epoch': '9'}\n"}
,{"stream_name":"stderr","time":4126.988931474,"data":"\rWriting model shards:   0%|          | 0/1 [00:00\u003c?, ?it/s]\rWriting model shards: 100%|██████████| 1/1 [00:01\u003c00:00,  1.36s/it]\rWriting model shards: 100%|██████████| 1/1 [00:01\u003c00:00,  1.36s/it]\n"}
,{"stream_name":"stderr","time":4130.103175372,"data":"/usr/local/lib/python3.13/dist-packages/torch/autograd/function.py:596: UserWarning: Was asked to gather along dimension 0, but all input tensors were scalars; will instead unsqueeze and return a vector.\n"}
,{"stream_name":"stderr","time":4130.1032059,"data":"  return super().apply(*args, **kwargs)  # type: ignore[misc]\n"}
,{"stream_name":"stdout","time":4170.735266887,"data":"{'loss': '0.6708', 'grad_norm': '26.94', 'learning_rate': '1.696e-06', 'epoch': '9.328'}\n"}
,{"stream_name":"stdout","time":4216.825057778,"data":"{'loss': '0.5928', 'grad_norm': '23.73', 'learning_rate': '7.642e-07', 'epoch': '9.701'}\n"}
,{"stream_name":"stdout","time":4261.419219406,"data":"{'eval_loss': '1.8', 'eval_accuracy': '0.7083', 'eval_macro_f1': '0.6879', 'eval_weighted_f1': '0.7091', 'eval_precision_negative': '0.5668', 'eval_recall_negative': '0.5887', 'eval_f1_negative': '0.5776', 'eval_precision_neutral': '0.7186', 'eval_recall_neutral': '0.7197', 'eval_f1_neutral': '0.7192', 'eval_precision_positive': '0.7753', 'eval_recall_positive': '0.7591', 'eval_f1_positive': '0.7671', 'eval_runtime': '8.233', 'eval_samples_per_second': '220.7', 'eval_steps_per_second': '1.822', 'epoch': '10'}\n"}
,{"stream_name":"stderr","time":4262.776570797,"data":"\rWriting model shards:   0%|          | 0/1 [00:00\u003c?, ?it/s]\rWriting model shards: 100%|██████████| 1/1 [00:01\u003c00:00,  1.35s/it]\rWriting model shards: 100%|██████████| 1/1 [00:01\u003c00:00,  1.35s/it]\n"}
,{"stream_name":"stdout","time":4265.836766545,"data":"{'train_runtime': '1361', 'train_samples_per_second': '62.64', 'train_steps_per_second': '0.985', 'train_loss': '1.178', 'epoch': '10'}\n"}
,{"stream_name":"stderr","time":4268.773126743,"data":"/usr/local/lib/python3.13/dist-packages/torch/autograd/function.py:596: UserWarning: Was asked to gather along dimension 0, but all input tensors were scalars; will instead unsqueeze and return a vector.\n"}
,{"stream_name":"stderr","time":4268.773168794,"data":"  return super().apply(*args, **kwargs)  # type: ignore[misc]\n"}
,{"stream_name":"stdout","time":4278.043286132,"data":"[dev/original/all] macro-F1 0.7218  weighted-F1 0.7397\n"}
,{"stream_name":"stdout","time":4278.043332139,"data":"[dev/original/clean] macro-F1 0.6909  weighted-F1 0.7095\n"}
,{"stream_name":"stderr","time":4280.477664567,"data":"/usr/local/lib/python3.13/dist-packages/torch/autograd/function.py:596: UserWarning: Was asked to gather along dimension 0, but all input tensors were scalars; will instead unsqueeze and return a vector.\n"}
,{"stream_name":"stderr","time":4280.477704625,"data":"  return super().apply(*args, **kwargs)  # type: ignore[misc]\n"}
,{"stream_name":"stdout","time":4289.134671101,"data":"[dev/no_tones/all] macro-F1 0.6939  weighted-F1 0.7131\n"}
,{"stream_name":"stdout","time":4289.134733591,"data":"[dev/no_tones/clean] macro-F1 0.6733  weighted-F1 0.6925\n"}
,{"stream_name":"stderr","time":4291.584487255,"data":"/usr/local/lib/python3.13/dist-packages/torch/autograd/function.py:596: UserWarning: Was asked to gather along dimension 0, but all input tensors were scalars; will instead unsqueeze and return a vector.\n"}
,{"stream_name":"stderr","time":4291.584537967,"data":"  return super().apply(*args, **kwargs)  # type: ignore[misc]\n"}
,{"stream_name":"stdout","time":4298.868308694,"data":"[dev/no_diacritics/all] macro-F1 0.6482  weighted-F1 0.6675\n"}
,{"stream_name":"stdout","time":4298.868342341,"data":"[dev/no_diacritics/clean] macro-F1 0.6282  weighted-F1 0.6478\n"}
,{"stream_name":"stderr","time":4303.694086071,"data":"/usr/local/lib/python3.13/dist-packages/mistune.py:435: SyntaxWarning: invalid escape sequence '\\|'\n"}
,{"stream_name":"stderr","time":4303.69412695,"data":"  cells[i][c] = re.sub('\\\\\\\\\\|', '|', cell)\n"}
,{"stream_name":"stderr","time":4304.016494298,"data":"/usr/local/lib/python3.13/dist-packages/nbconvert/filters/filter_links.py:36: SyntaxWarning: invalid escape sequence '\\_'\n"}
,{"stream_name":"stderr","time":4304.016525434,"data":"  text = re.sub(r'_', '\\_', text) # Escape underscores in display text\n"}
,{"stream_name":"stderr","time":4304.971118161,"data":"[NbConvertApp] Converting notebook __script__.ipynb to html\n"}
,{"stream_name":"stderr","time":4306.037490788,"data":"[NbConvertApp] Writing 315172 bytes to __results__.html\n"}
]