[{"stream_name":"stderr","time":0.632570023,"data":"/kaggle/src/script.py:12: DeprecationWarning: Python 3.14 will, by default, filter extracted tar archives and reject files or modify their metadata. Use the filter argument to control this behavior.\n"}
,{"stream_name":"stderr","time":0.632619832,"data":"  tarfile.open(fileobj=io.BytesIO(base64.b64decode(BUNDLE))).extractall(CODE)\n"}
,{"stream_name":"stdout","time":11.916231561,"data":"GPU: Tesla T4 | torch 2.11.0+cu128\n"}
,{"stream_name":"stdout","time":13.796458981,"data":"=== configs/e3a_mbert.yaml seed 42 ===\n"}
,{"stream_name":"stderr","time":40.311559265,"data":"Warning: You are sending unauthenticated requests to the HF Hub. Please set a HF_TOKEN to enable higher rate limits and faster downloads.\n"}
,{"stream_name":"stderr","time":49.430231757,"data":"\rLoading weights:   0%|          | 0/199 [00:00\u003c?, ?it/s]\rLoading weights: 100%|██████████| 199/199 [00:00\u003c00:00, 2784.54it/s]\n"}
,{"stream_name":"stderr","time":49.446582705,"data":"[transformers] \u001b[1mBertForSequenceClassification LOAD REPORT\u001b[0m from: google-bert/bert-base-multilingual-cased\n"}
,{"stream_name":"stderr","time":49.446631438,"data":"Key                                        | Status     | \n"}
,{"stream_name":"stderr","time":49.446638006,"data":"-------------------------------------------+------------+-\n"}
,{"stream_name":"stderr","time":49.446643147,"data":"cls.seq_relationship.weight                | UNEXPECTED | \n"}
,{"stream_name":"stderr","time":49.44664827,"data":"cls.predictions.transform.LayerNorm.bias   | UNEXPECTED | \n"}
,{"stream_name":"stderr","time":49.446653217,"data":"cls.predictions.transform.dense.bias       | UNEXPECTED | \n"}
,{"stream_name":"stderr","time":49.446671218,"data":"cls.predictions.transform.dense.weight     | UNEXPECTED | \n"}
,{"stream_name":"stderr","time":49.446678969,"data":"cls.seq_relationship.bias                  | UNEXPECTED | \n"}
,{"stream_name":"stderr","time":49.446681824,"data":"cls.predictions.bias                       | UNEXPECTED | \n"}
,{"stream_name":"stderr","time":49.446684565,"data":"cls.predictions.transform.LayerNorm.weight | UNEXPECTED | \n"}
,{"stream_name":"stderr","time":49.446687333,"data":"classifier.bias                            | MISSING    | \n"}
,{"stream_name":"stderr","time":49.446690183,"data":"classifier.weight                          | MISSING    | \n"}
,{"stream_name":"stderr","time":49.446692893,"data":"\n"}
,{"stream_name":"stderr","time":49.446695518,"data":"Notes:\n"}
,{"stream_name":"stderr","time":49.446698213,"data":"- UNEXPECTED:\tcan be ignored when loading from different task/architecture; not ok if you expect identical arch.\n"}
,{"stream_name":"stderr","time":49.446701233,"data":"- MISSING:\tthose params were newly initialized because missing from the checkpoint. Consider training on your downstream task.\n"}
,{"stream_name":"stderr","time":56.230429719,"data":"/usr/local/lib/python3.13/dist-packages/torch/autograd/function.py:596: UserWarning: Was asked to gather along dimension 0, but all input tensors were scalars; will instead unsqueeze and return a vector.\n"}
,{"stream_name":"stderr","time":56.230473761,"data":"  return super().apply(*args, **kwargs)  # type: ignore[misc]\n"}
,{"stream_name":"stdout","time":94.306051176,"data":"{'loss': '2.159', 'grad_norm': '6.275', 'learning_rate': '5.506e-06', 'epoch': '0.3731'}\n"}
,{"stream_name":"stdout","time":136.424086044,"data":"{'loss': '2.086', 'grad_norm': '16.71', 'learning_rate': '1.112e-05', 'epoch': '0.7463'}\n"}
,{"stream_name":"stdout","time":172.15534441,"data":"{'eval_loss': '1.914', 'eval_accuracy': '0.5735', 'eval_macro_f1': '0.4226', 'eval_weighted_f1': '0.5008', 'eval_precision_negative': '0', 'eval_recall_negative': '0', 'eval_f1_negative': '0', 'eval_precision_neutral': '0.5963', 'eval_recall_neutral': '0.5864', 'eval_f1_neutral': '0.5913', 'eval_precision_positive': '0.5608', 'eval_recall_positive': '0.8529', 'eval_f1_positive': '0.6767', 'eval_runtime': '7.843', 'eval_samples_per_second': '231.7', 'eval_steps_per_second': '1.913', 'epoch': '1'}\n"}
,{"stream_name":"stderr","time":173.059220485,"data":"\rWriting model shards:   0%|          | 0/1 [00:00\u003c?, ?it/s]\rWriting model shards: 100%|██████████| 1/1 [00:00\u003c00:00,  1.13it/s]\rWriting model shards: 100%|██████████| 1/1 [00:00\u003c00:00,  1.13it/s]\n"}
,{"stream_name":"stderr","time":174.844232431,"data":"/usr/local/lib/python3.13/dist-packages/torch/autograd/function.py:596: UserWarning: Was asked to gather along dimension 0, but all input tensors were scalars; will instead unsqueeze and return a vector.\n"}
,{"stream_name":"stderr","time":174.844264744,"data":"  return super().apply(*args, **kwargs)  # type: ignore[misc]\n"}
,{"stream_name":"stdout","time":187.745664005,"data":"{'loss': '1.959', 'grad_norm': '11.04', 'learning_rate': '1.674e-05', 'epoch': '1.119'}\n"}
,{"stream_name":"stdout","time":230.563329708,"data":"{'loss': '1.857', 'grad_norm': '9.501', 'learning_rate': '2.236e-05', 'epoch': '1.493'}\n"}
,{"stream_name":"stdout","time":271.422939853,"data":"{'loss': '1.736', 'grad_norm': '7.792', 'learning_rate': '2.798e-05', 'epoch': '1.866'}\n"}
,{"stream_name":"stdout","time":293.825829605,"data":"{'eval_loss': '1.821', 'eval_accuracy': '0.6208', 'eval_macro_f1': '0.5016', 'eval_weighted_f1': '0.5684', 'eval_precision_negative': '0.6522', 'eval_recall_negative': '0.0771', 'eval_f1_negative': '0.1379', 'eval_precision_neutral': '0.6057', 'eval_recall_neutral': '0.7121', 'eval_f1_neutral': '0.6546', 'eval_precision_positive': '0.6312', 'eval_recall_positive': '0.8177', 'eval_f1_positive': '0.7124', 'eval_runtime': '8.211', 'eval_samples_per_second': '221.3', 'eval_steps_per_second': '1.827', 'epoch': '2'}\n"}
,{"stream_name":"stderr","time":294.709392296,"data":"\rWriting model shards:   0%|          | 0/1 [00:00\u003c?, ?it/s]\rWriting model shards: 100%|██████████| 1/1 [00:00\u003c00:00,  1.15it/s]\rWriting model shards: 100%|██████████| 1/1 [00:00\u003c00:00,  1.15it/s]\n"}
,{"stream_name":"stderr","time":296.561262709,"data":"/usr/local/lib/python3.13/dist-packages/torch/autograd/function.py:596: UserWarning: Was asked to gather along dimension 0, but all input tensors were scalars; will instead unsqueeze and return a vector.\n"}
,{"stream_name":"stderr","time":296.561293635,"data":"  return super().apply(*args, **kwargs)  # type: ignore[misc]\n"}
,{"stream_name":"stdout","time":323.658444642,"data":"{'loss': '1.57', 'grad_norm': '13.37', 'learning_rate': '2.911e-05', 'epoch': '2.239'}\n"}
,{"stream_name":"stdout","time":365.49086271,"data":"{'loss': '1.468', 'grad_norm': '13.6', 'learning_rate': '2.771e-05', 'epoch': '2.612'}\n"}
,{"stream_name":"stdout","time":406.717696128,"data":"{'loss': '1.409', 'grad_norm': '12.72', 'learning_rate': '2.631e-05', 'epoch': '2.985'}\n"}
,{"stream_name":"stdout","time":415.865444464,"data":"{'eval_loss': '1.515', 'eval_accuracy': '0.6725', 'eval_macro_f1': '0.6446', 'eval_weighted_f1': '0.672', 'eval_precision_negative': '0.4938', 'eval_recall_negative': '0.509', 'eval_f1_negative': '0.5013', 'eval_precision_neutral': '0.7366', 'eval_recall_neutral': '0.6439', 'eval_f1_neutral': '0.6871', 'eval_precision_positive': '0.7139', 'eval_recall_positive': '0.7799', 'eval_f1_positive': '0.7455', 'eval_runtime': '8.087', 'eval_samples_per_second': '224.7', 'eval_steps_per_second': '1.855', 'epoch': '3'}\n"}
,{"stream_name":"stderr","time":416.73979779,"data":"\rWriting model shards:   0%|          | 0/1 [00:00\u003c?, ?it/s]\rWriting model shards: 100%|██████████| 1/1 [00:00\u003c00:00,  1.16it/s]\rWriting model shards: 100%|██████████| 1/1 [00:00\u003c00:00,  1.16it/s]\n"}
,{"stream_name":"stderr","time":418.622081174,"data":"/usr/local/lib/python3.13/dist-packages/torch/autograd/function.py:596: UserWarning: Was asked to gather along dimension 0, but all input tensors were scalars; will instead unsqueeze and return a vector.\n"}
,{"stream_name":"stderr","time":418.622112759,"data":"  return super().apply(*args, **kwargs)  # type: ignore[misc]\n"}
,{"stream_name":"stdout","time":458.695787273,"data":"{'loss': '1.168', 'grad_norm': '15.08', 'learning_rate': '2.491e-05', 'epoch': '3.358'}\n"}
,{"stream_name":"stdout","time":500.528923798,"data":"{'loss': '1.037', 'grad_norm': '24.88', 'learning_rate': '2.351e-05', 'epoch': '3.731'}\n"}
,{"stream_name":"stdout","time":537.70282968,"data":"{'eval_loss': '1.523', 'eval_accuracy': '0.6786', 'eval_macro_f1': '0.6419', 'eval_weighted_f1': '0.6729', 'eval_precision_negative': '0.5325', 'eval_recall_negative': '0.4422', 'eval_f1_negative': '0.4831', 'eval_precision_neutral': '0.6924', 'eval_recall_neutral': '0.6652', 'eval_f1_neutral': '0.6785', 'eval_precision_positive': '0.7233', 'eval_recall_positive': '0.8099', 'eval_f1_positive': '0.7641', 'eval_runtime': '8.099', 'eval_samples_per_second': '224.4', 'eval_steps_per_second': '1.852', 'epoch': '4'}\n"}
,{"stream_name":"stderr","time":538.595026326,"data":"\rWriting model shards:   0%|          | 0/1 [00:00\u003c?, ?it/s]\rWriting model shards: 100%|██████████| 1/1 [00:00\u003c00:00,  1.13it/s]\rWriting model shards: 100%|██████████| 1/1 [00:00\u003c00:00,  1.13it/s]\n"}
,{"stream_name":"stderr","time":540.365728637,"data":"/usr/local/lib/python3.13/dist-packages/torch/autograd/function.py:596: UserWarning: Was asked to gather along dimension 0, but all input tensors were scalars; will instead unsqueeze and return a vector.\n"}
,{"stream_name":"stderr","time":540.365765517,"data":"  return super().apply(*args, **kwargs)  # type: ignore[misc]\n"}
,{"stream_name":"stdout","time":551.985381488,"data":"{'loss': '1.016', 'grad_norm': '30.34', 'learning_rate': '2.212e-05', 'epoch': '4.104'}\n"}
,{"stream_name":"stdout","time":593.847954282,"data":"{'loss': '0.8158', 'grad_norm': '23.45', 'learning_rate': '2.072e-05', 'epoch': '4.478'}\n"}
,{"stream_name":"stdout","time":635.471712557,"data":"{'loss': '0.817', 'grad_norm': '26.21', 'learning_rate': '1.932e-05', 'epoch': '4.851'}\n"}
,{"stream_name":"stdout","time":659.762564126,"data":"{'eval_loss': '1.824', 'eval_accuracy': '0.6725', 'eval_macro_f1': '0.6385', 'eval_weighted_f1': '0.6702', 'eval_precision_negative': '0.5202', 'eval_recall_negative': '0.4293', 'eval_f1_negative': '0.4704', 'eval_precision_neutral': '0.6176', 'eval_recall_neutral': '0.7955', 'eval_f1_neutral': '0.6954', 'eval_precision_positive': '0.8204', 'eval_recall_positive': '0.6901', 'eval_f1_positive': '0.7496', 'eval_runtime': '8.107', 'eval_samples_per_second': '224.1', 'eval_steps_per_second': '1.85', 'epoch': '5'}\n"}
,{"stream_name":"stderr","time":660.632269975,"data":"\rWriting model shards:   0%|          | 0/1 [00:00\u003c?, ?it/s]\rWriting model shards: 100%|██████████| 1/1 [00:00\u003c00:00,  1.16it/s]\rWriting model shards: 100%|██████████| 1/1 [00:00\u003c00:00,  1.16it/s]\n"}
,{"stream_name":"stderr","time":662.507015237,"data":"/usr/local/lib/python3.13/dist-packages/torch/autograd/function.py:596: UserWarning: Was asked to gather along dimension 0, but all input tensors were scalars; will instead unsqueeze and return a vector.\n"}
,{"stream_name":"stderr","time":662.507045466,"data":"  return super().apply(*args, **kwargs)  # type: ignore[misc]\n"}
,{"stream_name":"stdout","time":687.30855934,"data":"{'loss': '0.7319', 'grad_norm': '22.65', 'learning_rate': '1.792e-05', 'epoch': '5.224'}\n"}
,{"stream_name":"stdout","time":729.366994909,"data":"{'loss': '0.5464', 'grad_norm': '22.47', 'learning_rate': '1.652e-05', 'epoch': '5.597'}\n"}
,{"stream_name":"stdout","time":771.282688026,"data":"{'loss': '0.6142', 'grad_norm': '21.79', 'learning_rate': '1.513e-05', 'epoch': '5.97'}\n"}
,{"stream_name":"stdout","time":782.268186382,"data":"{'eval_loss': '2.004', 'eval_accuracy': '0.6813', 'eval_macro_f1': '0.645', 'eval_weighted_f1': '0.6761', 'eval_precision_negative': '0.5417', 'eval_recall_negative': '0.4344', 'eval_f1_negative': '0.4822', 'eval_precision_neutral': '0.6748', 'eval_recall_neutral': '0.7106', 'eval_f1_neutral': '0.6923', 'eval_precision_positive': '0.7407', 'eval_recall_positive': '0.7812', 'eval_f1_positive': '0.7605', 'eval_runtime': '8.174', 'eval_samples_per_second': '222.3', 'eval_steps_per_second': '1.835', 'epoch': '6'}\n"}
,{"stream_name":"stderr","time":783.148426109,"data":"\rWriting model shards:   0%|          | 0/1 [00:00\u003c?, ?it/s]\rWriting model shards: 100%|██████████| 1/1 [00:00\u003c00:00,  1.15it/s]\rWriting model shards: 100%|██████████| 1/1 [00:00\u003c00:00,  1.15it/s]\n"}
,{"stream_name":"stderr","time":785.105045596,"data":"/usr/local/lib/python3.13/dist-packages/torch/autograd/function.py:596: UserWarning: Was asked to gather along dimension 0, but all input tensors were scalars; will instead unsqueeze and return a vector.\n"}
,{"stream_name":"stderr","time":785.105077267,"data":"  return super().apply(*args, **kwargs)  # type: ignore[misc]\n"}
,{"stream_name":"stdout","time":822.629129142,"data":"{'loss': '0.4317', 'grad_norm': '23.36', 'learning_rate': '1.373e-05', 'epoch': '6.343'}\n"}
,{"stream_name":"stdout","time":864.268975411,"data":"{'loss': '0.4273', 'grad_norm': '20.62', 'learning_rate': '1.233e-05', 'epoch': '6.716'}\n"}
,{"stream_name":"stdout","time":903.697654379,"data":"{'eval_loss': '2.203', 'eval_accuracy': '0.6874', 'eval_macro_f1': '0.6545', 'eval_weighted_f1': '0.6822', 'eval_precision_negative': '0.5652', 'eval_recall_negative': '0.4679', 'eval_f1_negative': '0.512', 'eval_precision_neutral': '0.7041', 'eval_recall_neutral': '0.6742', 'eval_f1_neutral': '0.6889', 'eval_precision_positive': '0.7207', 'eval_recall_positive': '0.8099', 'eval_f1_positive': '0.7627', 'eval_runtime': '8.104', 'eval_samples_per_second': '224.2', 'eval_steps_per_second': '1.851', 'epoch': '7'}\n"}
,{"stream_name":"stderr","time":904.570089257,"data":"\rWriting model shards:   0%|          | 0/1 [00:00\u003c?, ?it/s]\rWriting model shards: 100%|██████████| 1/1 [00:00\u003c00:00,  1.16it/s]\rWriting model shards: 100%|██████████| 1/1 [00:00\u003c00:00,  1.16it/s]\n"}
,{"stream_name":"stderr","time":906.445799395,"data":"/usr/local/lib/python3.13/dist-packages/torch/autograd/function.py:596: UserWarning: Was asked to gather along dimension 0, but all input tensors were scalars; will instead unsqueeze and return a vector.\n"}
,{"stream_name":"stderr","time":906.445834949,"data":"  return super().apply(*args, **kwargs)  # type: ignore[misc]\n"}
,{"stream_name":"stdout","time":916.405371001,"data":"{'loss': '0.3808', 'grad_norm': '17.15', 'learning_rate': '1.093e-05', 'epoch': '7.09'}\n"}
,{"stream_name":"stdout","time":958.769373065,"data":"{'loss': '0.2791', 'grad_norm': '24.61', 'learning_rate': '9.534e-06', 'epoch': '7.463'}\n"}
,{"stream_name":"stdout","time":999.304360146,"data":"{'loss': '0.3053', 'grad_norm': '28.85', 'learning_rate': '8.136e-06', 'epoch': '7.836'}\n"}
,{"stream_name":"stdout","time":1025.1696713,"data":"{'eval_loss': '2.372', 'eval_accuracy': '0.6802', 'eval_macro_f1': '0.6586', 'eval_weighted_f1': '0.6844', 'eval_precision_negative': '0.49', 'eval_recall_negative': '0.5681', 'eval_f1_negative': '0.5262', 'eval_precision_neutral': '0.6846', 'eval_recall_neutral': '0.6939', 'eval_f1_neutral': '0.6892', 'eval_precision_positive': '0.7991', 'eval_recall_positive': '0.7253', 'eval_f1_positive': '0.7604', 'eval_runtime': '8.184', 'eval_samples_per_second': '222', 'eval_steps_per_second': '1.833', 'epoch': '8'}\n"}
,{"stream_name":"stderr","time":1026.048541644,"data":"\rWriting model shards:   0%|          | 0/1 [00:00\u003c?, ?it/s]\rWriting model shards: 100%|██████████| 1/1 [00:00\u003c00:00,  1.15it/s]\rWriting model shards: 100%|██████████| 1/1 [00:00\u003c00:00,  1.15it/s]\n"}
,{"stream_name":"stderr","time":1027.928098384,"data":"/usr/local/lib/python3.13/dist-packages/torch/autograd/function.py:596: UserWarning: Was asked to gather along dimension 0, but all input tensors were scalars; will instead unsqueeze and return a vector.\n"}
,{"stream_name":"stderr","time":1027.9281313,"data":"  return super().apply(*args, **kwargs)  # type: ignore[misc]\n"}
,{"stream_name":"stdout","time":1051.179266806,"data":"{'loss': '0.2783', 'grad_norm': '22.53', 'learning_rate': '6.738e-06', 'epoch': '8.209'}\n"}
,{"stream_name":"stdout","time":1093.089071592,"data":"{'loss': '0.2491', 'grad_norm': '22.92', 'learning_rate': '5.34e-06', 'epoch': '8.582'}\n"}
,{"stream_name":"stdout","time":1134.193460826,"data":"{'loss': '0.1829', 'grad_norm': '36.98', 'learning_rate': '3.942e-06', 'epoch': '8.955'}\n"}
,{"stream_name":"stdout","time":1146.563222715,"data":"{'eval_loss': '2.538', 'eval_accuracy': '0.6868', 'eval_macro_f1': '0.6545', 'eval_weighted_f1': '0.6829', 'eval_precision_negative': '0.5441', 'eval_recall_negative': '0.4756', 'eval_f1_negative': '0.5075', 'eval_precision_neutral': '0.7055', 'eval_recall_neutral': '0.6788', 'eval_f1_neutral': '0.6919', 'eval_precision_positive': '0.7304', 'eval_recall_positive': '0.8008', 'eval_f1_positive': '0.764', 'eval_runtime': '8.08', 'eval_samples_per_second': '224.9', 'eval_steps_per_second': '1.857', 'epoch': '9'}\n"}
,{"stream_name":"stderr","time":1147.441738667,"data":"\rWriting model shards:   0%|          | 0/1 [00:00\u003c?, ?it/s]\rWriting model shards: 100%|██████████| 1/1 [00:00\u003c00:00,  1.15it/s]\rWriting model shards: 100%|██████████| 1/1 [00:00\u003c00:00,  1.15it/s]\n"}
,{"stream_name":"stderr","time":1149.211754177,"data":"/usr/local/lib/python3.13/dist-packages/torch/autograd/function.py:596: UserWarning: Was asked to gather along dimension 0, but all input tensors were scalars; will instead unsqueeze and return a vector.\n"}
,{"stream_name":"stderr","time":1149.211785116,"data":"  return super().apply(*args, **kwargs)  # type: ignore[misc]\n"}
,{"stream_name":"stdout","time":1185.423380814,"data":"{'loss': '0.2011', 'grad_norm': '17.84', 'learning_rate': '2.544e-06', 'epoch': '9.328'}\n"}
,{"stream_name":"stdout","time":1227.561843777,"data":"{'loss': '0.1287', 'grad_norm': '18.19', 'learning_rate': '1.146e-06', 'epoch': '9.701'}\n"}
,{"stream_name":"stdout","time":1268.296510623,"data":"{'eval_loss': '2.683', 'eval_accuracy': '0.6912', 'eval_macro_f1': '0.658', 'eval_weighted_f1': '0.6881', 'eval_precision_negative': '0.5369', 'eval_recall_negative': '0.4679', 'eval_f1_negative': '0.5', 'eval_precision_neutral': '0.6883', 'eval_recall_neutral': '0.7227', 'eval_f1_neutral': '0.7051', 'eval_precision_positive': '0.7605', 'eval_recall_positive': '0.7773', 'eval_f1_positive': '0.7688', 'eval_runtime': '8.113', 'eval_samples_per_second': '224', 'eval_steps_per_second': '1.849', 'epoch': '10'}\n"}
,{"stream_name":"stderr","time":1269.064993175,"data":"\rWriting model shards:   0%|          | 0/1 [00:00\u003c?, ?it/s]\rWriting model shards: 100%|██████████| 1/1 [00:00\u003c00:00,  1.32it/s]\rWriting model shards: 100%|██████████| 1/1 [00:00\u003c00:00,  1.32it/s]\n"}
,{"stream_name":"stdout","time":1270.789813517,"data":"{'train_runtime': '1216', 'train_samples_per_second': '70.06', 'train_steps_per_second': '1.102', 'train_loss': '0.8939', 'epoch': '10'}\n"}
,{"stream_name":"stderr","time":1270.985339461,"data":"[transformers] There were missing keys in the checkpoint model loaded: ['bert.embeddings.LayerNorm.weight', 'bert.embeddings.LayerNorm.bias', 'bert.encoder.layer.0.attention.output.LayerNorm.weight', 'bert.encoder.layer.0.attention.output.LayerNorm.bias', 'bert.encoder.layer.0.output.LayerNorm.weight', 'bert.encoder.layer.0.output.LayerNorm.bias', 'bert.encoder.layer.1.attention.output.LayerNorm.weight', 'bert.encoder.layer.1.attention.output.LayerNorm.bias', 'bert.encoder.layer.1.output.LayerNorm.weight', 'bert.encoder.layer.1.output.LayerNorm.bias', 'bert.encoder.layer.2.attention.output.LayerNorm.weight', 'bert.encoder.layer.2.attention.output.LayerNorm.bias', 'bert.encoder.layer.2.output.LayerNorm.weight', 'bert.encoder.layer.2.output.LayerNorm.bias', 'bert.encoder.layer.3.attention.output.LayerNorm.weight', 'bert.encoder.layer.3.attention.output.LayerNorm.bias', 'bert.encoder.layer.3.output.LayerNorm.weight', 'bert.encoder.layer.3.output.LayerNorm.bias', 'bert.encoder.layer.4.attention.output.LayerNorm.weight', 'bert.encoder.layer.4.attention.output.LayerNorm.bias', 'bert.encoder.layer.4.output.LayerNorm.weight', 'bert.encoder.layer.4.output.LayerNorm.bias', 'bert.encoder.layer.5.attention.output.LayerNorm.weight', 'bert.encoder.layer.5.attention.output.LayerNorm.bias', 'bert.encoder.layer.5.output.LayerNorm.weight', 'bert.encoder.layer.5.output.LayerNorm.bias', 'bert.encoder.layer.6.attention.output.LayerNorm.weight', 'bert.encoder.layer.6.attention.output.LayerNorm.bias', 'bert.encoder.layer.6.output.LayerNorm.weight', 'bert.encoder.layer.6.output.LayerNorm.bias', 'bert.encoder.layer.7.attention.output.LayerNorm.weight', 'bert.encoder.layer.7.attention.output.LayerNorm.bias', 'bert.encoder.layer.7.output.LayerNorm.weight', 'bert.encoder.layer.7.output.LayerNorm.bias', 'bert.encoder.layer.8.attention.output.LayerNorm.weight', 'bert.encoder.layer.8.attention.output.LayerNorm.bias', 'bert.encoder.layer.8.output.LayerNorm.weight', 'bert.encoder.layer.8.output.LayerNorm.bias', 'bert.encoder.layer.9.attention.output.LayerNorm.weight', 'bert.encoder.layer.9.attention.output.LayerNorm.bias', 'bert.encoder.layer.9.output.LayerNorm.weight', 'bert.encoder.layer.9.output.LayerNorm.bias', 'bert.encoder.layer.10.attention.output.LayerNorm.weight', 'bert.encoder.layer.10.attention.output.LayerNorm.bias', 'bert.encoder.layer.10.output.LayerNorm.weight', 'bert.encoder.layer.10.output.LayerNorm.bias', 'bert.encoder.layer.11.attention.output.LayerNorm.weight', 'bert.encoder.layer.11.attention.output.LayerNorm.bias', 'bert.encoder.layer.11.output.LayerNorm.weight', 'bert.encoder.layer.11.output.LayerNorm.bias'].\n"}
,{"stream_name":"stderr","time":1270.985381567,"data":"[transformers] There were unexpected keys in the checkpoint model loaded: ['bert.embeddings.LayerNorm.beta', 'bert.embeddings.LayerNorm.gamma', 'bert.encoder.layer.0.attention.output.LayerNorm.beta', 'bert.encoder.layer.0.attention.output.LayerNorm.gamma', 'bert.encoder.layer.0.output.LayerNorm.beta', 'bert.encoder.layer.0.output.LayerNorm.gamma', 'bert.encoder.layer.1.attention.output.LayerNorm.beta', 'bert.encoder.layer.1.attention.output.LayerNorm.gamma', 'bert.encoder.layer.1.output.LayerNorm.beta', 'bert.encoder.layer.1.output.LayerNorm.gamma', 'bert.encoder.layer.2.attention.output.LayerNorm.beta', 'bert.encoder.layer.2.attention.output.LayerNorm.gamma', 'bert.encoder.layer.2.output.LayerNorm.beta', 'bert.encoder.layer.2.output.LayerNorm.gamma', 'bert.encoder.layer.3.attention.output.LayerNorm.beta', 'bert.encoder.layer.3.attention.output.LayerNorm.gamma', 'bert.encoder.layer.3.output.LayerNorm.beta', 'bert.encoder.layer.3.output.LayerNorm.gamma', 'bert.encoder.layer.4.attention.output.LayerNorm.beta', 'bert.encoder.layer.4.attention.output.LayerNorm.gamma', 'bert.encoder.layer.4.output.LayerNorm.beta', 'bert.encoder.layer.4.output.LayerNorm.gamma', 'bert.encoder.layer.5.attention.output.LayerNorm.beta', 'bert.encoder.layer.5.attention.output.LayerNorm.gamma', 'bert.encoder.layer.5.output.LayerNorm.beta', 'bert.encoder.layer.5.output.LayerNorm.gamma', 'bert.encoder.layer.6.attention.output.LayerNorm.beta', 'bert.encoder.layer.6.attention.output.LayerNorm.gamma', 'bert.encoder.layer.6.output.LayerNorm.beta', 'bert.encoder.layer.6.output.LayerNorm.gamma', 'bert.encoder.layer.7.attention.output.LayerNorm.beta', 'bert.encoder.layer.7.attention.output.LayerNorm.gamma', 'bert.encoder.layer.7.output.LayerNorm.beta', 'bert.encoder.layer.7.output.LayerNorm.gamma', 'bert.encoder.layer.8.attention.output.LayerNorm.beta', 'bert.encoder.layer.8.attention.output.LayerNorm.gamma', 'bert.encoder.layer.8.output.LayerNorm.beta', 'bert.encoder.layer.8.output.LayerNorm.gamma', 'bert.encoder.layer.9.attention.output.LayerNorm.beta', 'bert.encoder.layer.9.attention.output.LayerNorm.gamma', 'bert.encoder.layer.9.output.LayerNorm.beta', 'bert.encoder.layer.9.output.LayerNorm.gamma', 'bert.encoder.layer.10.attention.output.LayerNorm.beta', 'bert.encoder.layer.10.attention.output.LayerNorm.gamma', 'bert.encoder.layer.10.output.LayerNorm.beta', 'bert.encoder.layer.10.output.LayerNorm.gamma', 'bert.encoder.layer.11.attention.output.LayerNorm.beta', 'bert.encoder.layer.11.attention.output.LayerNorm.gamma', 'bert.encoder.layer.11.output.LayerNorm.beta', 'bert.encoder.layer.11.output.LayerNorm.gamma'].\n"}
,{"stream_name":"stderr","time":1272.073095982,"data":"/usr/local/lib/python3.13/dist-packages/torch/autograd/function.py:596: UserWarning: Was asked to gather along dimension 0, but all input tensors were scalars; will instead unsqueeze and return a vector.\n"}
,{"stream_name":"stderr","time":1272.073137624,"data":"  return super().apply(*args, **kwargs)  # type: ignore[misc]\n"}
,{"stream_name":"stdout","time":1281.445727712,"data":"[dev/original/all] macro-F1 0.6955  weighted-F1 0.7198\n"}
,{"stream_name":"stdout","time":1281.445784264,"data":"[dev/original/clean] macro-F1 0.6587  weighted-F1 0.6842\n"}
,{"stream_name":"stderr","time":1282.450947048,"data":"/usr/local/lib/python3.13/dist-packages/torch/autograd/function.py:596: UserWarning: Was asked to gather along dimension 0, but all input tensors were scalars; will instead unsqueeze and return a vector.\n"}
,{"stream_name":"stderr","time":1282.45099078,"data":"  return super().apply(*args, **kwargs)  # type: ignore[misc]\n"}
,{"stream_name":"stdout","time":1290.678177323,"data":"[dev/no_tones/all] macro-F1 0.6364  weighted-F1 0.6623\n"}
,{"stream_name":"stdout","time":1290.678220824,"data":"[dev/no_tones/clean] macro-F1 0.6078  weighted-F1 0.6349\n"}
,{"stream_name":"stderr","time":1291.662279213,"data":"/usr/local/lib/python3.13/dist-packages/torch/autograd/function.py:596: UserWarning: Was asked to gather along dimension 0, but all input tensors were scalars; will instead unsqueeze and return a vector.\n"}
,{"stream_name":"stderr","time":1291.662329168,"data":"  return super().apply(*args, **kwargs)  # type: ignore[misc]\n"}
,{"stream_name":"stdout","time":1298.790002853,"data":"[dev/no_diacritics/all] macro-F1 0.6132  weighted-F1 0.6369\n"}
,{"stream_name":"stdout","time":1298.790035316,"data":"[dev/no_diacritics/clean] macro-F1 0.5867  weighted-F1 0.6108\n"}
,{"stream_name":"stdout","time":1302.638267377,"data":"=== configs/e3a_mbert.yaml seed 43 ===\n"}
,{"stream_name":"stderr","time":1312.496719474,"data":"Warning: You are sending unauthenticated requests to the HF Hub. Please set a HF_TOKEN to enable higher rate limits and faster downloads.\n"}
,{"stream_name":"stderr","time":1314.392089138,"data":"\rLoading weights:   0%|          | 0/199 [00:00\u003c?, ?it/s]\rLoading weights: 100%|██████████| 199/199 [00:00\u003c00:00, 2823.47it/s]\n"}
,{"stream_name":"stderr","time":1314.398585908,"data":"[transformers] \u001b[1mBertForSequenceClassification LOAD REPORT\u001b[0m from: google-bert/bert-base-multilingual-cased\n"}
,{"stream_name":"stderr","time":1314.398622315,"data":"Key                                        | Status     | \n"}
,{"stream_name":"stderr","time":1314.398627483,"data":"-------------------------------------------+------------+-\n"}
,{"stream_name":"stderr","time":1314.398631114,"data":"cls.predictions.bias                       | UNEXPECTED | \n"}
,{"stream_name":"stderr","time":1314.398640708,"data":"cls.predictions.transform.dense.weight     | UNEXPECTED | \n"}
,{"stream_name":"stderr","time":1314.398643567,"data":"cls.predictions.transform.dense.bias       | UNEXPECTED | \n"}
,{"stream_name":"stderr","time":1314.398645906,"data":"cls.predictions.transform.LayerNorm.bias   | UNEXPECTED | \n"}
,{"stream_name":"stderr","time":1314.39864821,"data":"cls.seq_relationship.bias                  | UNEXPECTED | \n"}
,{"stream_name":"stderr","time":1314.398650515,"data":"cls.seq_relationship.weight                | UNEXPECTED | \n"}
,{"stream_name":"stderr","time":1314.398652923,"data":"cls.predictions.transform.LayerNorm.weight | UNEXPECTED | \n"}
,{"stream_name":"stderr","time":1314.398655219,"data":"classifier.weight                          | MISSING    | \n"}
,{"stream_name":"stderr","time":1314.398657535,"data":"classifier.bias                            | MISSING    | \n"}
,{"stream_name":"stderr","time":1314.398659883,"data":"\n"}
,{"stream_name":"stderr","time":1314.398662204,"data":"Notes:\n"}
,{"stream_name":"stderr","time":1314.398664522,"data":"- UNEXPECTED:\tcan be ignored when loading from different task/architecture; not ok if you expect identical arch.\n"}
,{"stream_name":"stderr","time":1314.398667227,"data":"- MISSING:\tthose params were newly initialized because missing from the checkpoint. Consider training on your downstream task.\n"}
,{"stream_name":"stderr","time":1318.283113697,"data":"/usr/local/lib/python3.13/dist-packages/torch/autograd/function.py:596: UserWarning: Was asked to gather along dimension 0, but all input tensors were scalars; will instead unsqueeze and return a vector.\n"}
,{"stream_name":"stderr","time":1318.283157857,"data":"  return super().apply(*args, **kwargs)  # type: ignore[misc]\n"}
,{"stream_name":"stdout","time":1361.293678749,"data":"{'loss': '2.141', 'grad_norm': '3.594', 'learning_rate': '5.506e-06', 'epoch': '0.3731'}\n"}
,{"stream_name":"stdout","time":1401.807309962,"data":"{'loss': '1.985', 'grad_norm': '9.489', 'learning_rate': '1.112e-05', 'epoch': '0.7463'}\n"}
,{"stream_name":"stdout","time":1437.875603432,"data":"{'eval_loss': '1.813', 'eval_accuracy': '0.5834', 'eval_macro_f1': '0.4733', 'eval_weighted_f1': '0.5378', 'eval_precision_negative': '0.4655', 'eval_recall_negative': '0.0694', 'eval_f1_negative': '0.1208', 'eval_precision_neutral': '0.5146', 'eval_recall_neutral': '0.7985', 'eval_f1_neutral': '0.6259', 'eval_precision_positive': '0.6884', 'eval_recall_positive': '0.6589', 'eval_f1_positive': '0.6733', 'eval_runtime': '8.342', 'eval_samples_per_second': '217.8', 'eval_steps_per_second': '1.798', 'epoch': '1'}\n"}
,{"stream_name":"stderr","time":1438.795220198,"data":"\rWriting model shards:   0%|          | 0/1 [00:00\u003c?, ?it/s]\rWriting model shards: 100%|██████████| 1/1 [00:00\u003c00:00,  1.11it/s]\rWriting model shards: 100%|██████████| 1/1 [00:00\u003c00:00,  1.11it/s]\n"}
,{"stream_name":"stderr","time":1440.553318365,"data":"/usr/local/lib/python3.13/dist-packages/torch/autograd/function.py:596: UserWarning: Was asked to gather along dimension 0, but all input tensors were scalars; will instead unsqueeze and return a vector.\n"}
,{"stream_name":"stderr","time":1440.553357988,"data":"  return super().apply(*args, **kwargs)  # type: ignore[misc]\n"}
,{"stream_name":"stdout","time":1453.902900024,"data":"{'loss': '1.813', 'grad_norm': '12.87', 'learning_rate': '1.674e-05', 'epoch': '1.119'}\n"}
,{"stream_name":"stdout","time":1495.806802981,"data":"{'loss': '1.741', 'grad_norm': '11.53', 'learning_rate': '2.236e-05', 'epoch': '1.493'}\n"}
,{"stream_name":"stdout","time":1537.037650618,"data":"{'loss': '1.661', 'grad_norm': '20.35', 'learning_rate': '2.798e-05', 'epoch': '1.866'}\n"}
,{"stream_name":"stdout","time":1559.567886501,"data":"{'eval_loss': '1.637', 'eval_accuracy': '0.6412', 'eval_macro_f1': '0.5767', 'eval_weighted_f1': '0.6194', 'eval_precision_negative': '0.5673', 'eval_recall_negative': '0.2494', 'eval_f1_negative': '0.3464', 'eval_precision_neutral': '0.6489', 'eval_recall_neutral': '0.6833', 'eval_f1_neutral': '0.6657', 'eval_precision_positive': '0.6488', 'eval_recall_positive': '0.8034', 'eval_f1_positive': '0.7179', 'eval_runtime': '8.131', 'eval_samples_per_second': '223.5', 'eval_steps_per_second': '1.845', 'epoch': '2'}\n"}
,{"stream_name":"stderr","time":1560.447436057,"data":"\rWriting model shards:   0%|          | 0/1 [00:00\u003c?, ?it/s]\rWriting model shards: 100%|██████████| 1/1 [00:00\u003c00:00,  1.15it/s]\rWriting model shards: 100%|██████████| 1/1 [00:00\u003c00:00,  1.15it/s]\n"}
,{"stream_name":"stderr","time":1562.329173967,"data":"/usr/local/lib/python3.13/dist-packages/torch/autograd/function.py:596: UserWarning: Was asked to gather along dimension 0, but all input tensors were scalars; will instead unsqueeze and return a vector.\n"}
,{"stream_name":"stderr","time":1562.329203354,"data":"  return super().apply(*args, **kwargs)  # type: ignore[misc]\n"}
,{"stream_name":"stdout","time":1588.804061623,"data":"{'loss': '1.566', 'grad_norm': '14.73', 'learning_rate': '2.911e-05', 'epoch': '2.239'}\n"}
,{"stream_name":"stdout","time":1630.752031798,"data":"{'loss': '1.425', 'grad_norm': '15.2', 'learning_rate': '2.771e-05', 'epoch': '2.612'}\n"}
,{"stream_name":"stdout","time":1672.147701508,"data":"{'loss': '1.393', 'grad_norm': '19.76', 'learning_rate': '2.631e-05', 'epoch': '2.985'}\n"}
,{"stream_name":"stdout","time":1681.341326325,"data":"{'eval_loss': '1.501', 'eval_accuracy': '0.6714', 'eval_macro_f1': '0.6415', 'eval_weighted_f1': '0.6703', 'eval_precision_negative': '0.504', 'eval_recall_negative': '0.4807', 'eval_f1_negative': '0.4921', 'eval_precision_neutral': '0.6797', 'eval_recall_neutral': '0.6848', 'eval_f1_neutral': '0.6823', 'eval_precision_positive': '0.7439', 'eval_recall_positive': '0.7565', 'eval_f1_positive': '0.7502', 'eval_runtime': '8.11', 'eval_samples_per_second': '224', 'eval_steps_per_second': '1.85', 'epoch': '3'}\n"}
,{"stream_name":"stderr","time":1682.237195724,"data":"\rWriting model shards:   0%|          | 0/1 [00:00\u003c?, ?it/s]\rWriting model shards: 100%|██████████| 1/1 [00:00\u003c00:00,  1.13it/s]\rWriting model shards: 100%|██████████| 1/1 [00:00\u003c00:00,  1.13it/s]\n"}
,{"stream_name":"stderr","time":1684.088221776,"data":"/usr/local/lib/python3.13/dist-packages/torch/autograd/function.py:596: UserWarning: Was asked to gather along dimension 0, but all input tensors were scalars; will instead unsqueeze and return a vector.\n"}
,{"stream_name":"stderr","time":1684.088268921,"data":"  return super().apply(*args, **kwargs)  # type: ignore[misc]\n"}
,{"stream_name":"stdout","time":1724.003153337,"data":"{'loss': '1.119', 'grad_norm': '26.99', 'learning_rate': '2.491e-05', 'epoch': '3.358'}\n"}
,{"stream_name":"stdout","time":1765.759109361,"data":"{'loss': '1.124', 'grad_norm': '23.55', 'learning_rate': '2.351e-05', 'epoch': '3.731'}\n"}
,{"stream_name":"stdout","time":1803.24100625,"data":"{'eval_loss': '1.583', 'eval_accuracy': '0.6714', 'eval_macro_f1': '0.6539', 'eval_weighted_f1': '0.6768', 'eval_precision_negative': '0.4825', 'eval_recall_negative': '0.6041', 'eval_f1_negative': '0.5365', 'eval_precision_neutral': '0.6894', 'eval_recall_neutral': '0.6727', 'eval_f1_neutral': '0.681', 'eval_precision_positive': '0.7886', 'eval_recall_positive': '0.7044', 'eval_f1_positive': '0.7442', 'eval_runtime': '8.128', 'eval_samples_per_second': '223.6', 'eval_steps_per_second': '1.846', 'epoch': '4'}\n"}
,{"stream_name":"stderr","time":1804.127447401,"data":"\rWriting model shards:   0%|          | 0/1 [00:00\u003c?, ?it/s]\rWriting model shards: 100%|██████████| 1/1 [00:00\u003c00:00,  1.14it/s]\rWriting model shards: 100%|██████████| 1/1 [00:00\u003c00:00,  1.14it/s]\n"}
,{"stream_name":"stderr","time":1805.994827681,"data":"/usr/local/lib/python3.13/dist-packages/torch/autograd/function.py:596: UserWarning: Was asked to gather along dimension 0, but all input tensors were scalars; will instead unsqueeze and return a vector.\n"}
,{"stream_name":"stderr","time":1805.994863902,"data":"  return super().apply(*args, **kwargs)  # type: ignore[misc]\n"}
,{"stream_name":"stdout","time":1817.662656662,"data":"{'loss': '1.035', 'grad_norm': '20.03', 'learning_rate': '2.212e-05', 'epoch': '4.104'}\n"}
,{"stream_name":"stdout","time":1859.144839401,"data":"{'loss': '0.8232', 'grad_norm': '23.48', 'learning_rate': '2.072e-05', 'epoch': '4.478'}\n"}
,{"stream_name":"stdout","time":1901.100183756,"data":"{'loss': '0.8096', 'grad_norm': '28.71', 'learning_rate': '1.932e-05', 'epoch': '4.851'}\n"}
,{"stream_name":"stdout","time":1925.403958006,"data":"{'eval_loss': '1.705', 'eval_accuracy': '0.672', 'eval_macro_f1': '0.6574', 'eval_weighted_f1': '0.6787', 'eval_precision_negative': '0.4753', 'eval_recall_negative': '0.6427', 'eval_f1_negative': '0.5464', 'eval_precision_neutral': '0.709', 'eval_recall_neutral': '0.6682', 'eval_f1_neutral': '0.688', 'eval_precision_positive': '0.7922', 'eval_recall_positive': '0.6901', 'eval_f1_positive': '0.7376', 'eval_runtime': '8.17', 'eval_samples_per_second': '222.4', 'eval_steps_per_second': '1.836', 'epoch': '5'}\n"}
,{"stream_name":"stderr","time":1926.195069692,"data":"\rWriting model shards:   0%|          | 0/1 [00:00\u003c?, ?it/s]\rWriting model shards: 100%|██████████| 1/1 [00:00\u003c00:00,  1.28it/s]\rWriting model shards: 100%|██████████| 1/1 [00:00\u003c00:00,  1.28it/s]\n"}
,{"stream_name":"stderr","time":1928.057314354,"data":"/usr/local/lib/python3.13/dist-packages/torch/autograd/function.py:596: UserWarning: Was asked to gather along dimension 0, but all input tensors were scalars; will instead unsqueeze and return a vector.\n"}
,{"stream_name":"stderr","time":1928.057346834,"data":"  return super().apply(*args, **kwargs)  # type: ignore[misc]\n"}
,{"stream_name":"stdout","time":1952.541903121,"data":"{'loss': '0.6929', 'grad_norm': '22.65', 'learning_rate': '1.792e-05', 'epoch': '5.224'}\n"}
,{"stream_name":"stdout","time":1993.540700218,"data":"{'loss': '0.6118', 'grad_norm': '25.09', 'learning_rate': '1.652e-05', 'epoch': '5.597'}\n"}
,{"stream_name":"stdout","time":2035.518794932,"data":"{'loss': '0.5987', 'grad_norm': '22.73', 'learning_rate': '1.513e-05', 'epoch': '5.97'}\n"}
,{"stream_name":"stdout","time":2046.361268461,"data":"{'eval_loss': '1.904', 'eval_accuracy': '0.6946', 'eval_macro_f1': '0.6694', 'eval_weighted_f1': '0.6941', 'eval_precision_negative': '0.5455', 'eval_recall_negative': '0.5398', 'eval_f1_negative': '0.5426', 'eval_precision_neutral': '0.7074', 'eval_recall_neutral': '0.6924', 'eval_f1_neutral': '0.6998', 'eval_precision_positive': '0.757', 'eval_recall_positive': '0.7747', 'eval_f1_positive': '0.7658', 'eval_runtime': '8.087', 'eval_samples_per_second': '224.7', 'eval_steps_per_second': '1.855', 'epoch': '6'}\n"}
,{"stream_name":"stderr","time":2047.233651242,"data":"\rWriting model shards:   0%|          | 0/1 [00:00\u003c?, ?it/s]\rWriting model shards: 100%|██████████| 1/1 [00:00\u003c00:00,  1.16it/s]\rWriting model shards: 100%|██████████| 1/1 [00:00\u003c00:00,  1.16it/s]\n"}
,{"stream_name":"stderr","time":2049.099636004,"data":"/usr/local/lib/python3.13/dist-packages/torch/autograd/function.py:596: UserWarning: Was asked to gather along dimension 0, but all input tensors were scalars; will instead unsqueeze and return a vector.\n"}
,{"stream_name":"stderr","time":2049.099678848,"data":"  return super().apply(*args, **kwargs)  # type: ignore[misc]\n"}
,{"stream_name":"stdout","time":2087.629121615,"data":"{'loss': '0.4065', 'grad_norm': '20.38', 'learning_rate': '1.373e-05', 'epoch': '6.343'}\n"}
,{"stream_name":"stdout","time":2128.624846336,"data":"{'loss': '0.4569', 'grad_norm': '24.48', 'learning_rate': '1.233e-05', 'epoch': '6.716'}\n"}
,{"stream_name":"stdout","time":2167.118594979,"data":"{'eval_loss': '2.3', 'eval_accuracy': '0.6747', 'eval_macro_f1': '0.6338', 'eval_weighted_f1': '0.6657', 'eval_precision_negative': '0.5758', 'eval_recall_negative': '0.3907', 'eval_f1_negative': '0.4655', 'eval_precision_neutral': '0.6691', 'eval_recall_neutral': '0.7076', 'eval_f1_neutral': '0.6878', 'eval_precision_positive': '0.7099', 'eval_recall_positive': '0.7904', 'eval_f1_positive': '0.748', 'eval_runtime': '8.094', 'eval_samples_per_second': '224.5', 'eval_steps_per_second': '1.853', 'epoch': '7'}\n"}
,{"stream_name":"stderr","time":2168.002912792,"data":"\rWriting model shards:   0%|          | 0/1 [00:00\u003c?, ?it/s]\rWriting model shards: 100%|██████████| 1/1 [00:00\u003c00:00,  1.15it/s]\rWriting model shards: 100%|██████████| 1/1 [00:00\u003c00:00,  1.15it/s]\n"}
,{"stream_name":"stderr","time":2169.766649738,"data":"/usr/local/lib/python3.13/dist-packages/torch/autograd/function.py:596: UserWarning: Was asked to gather along dimension 0, but all input tensors were scalars; will instead unsqueeze and return a vector.\n"}
,{"stream_name":"stderr","time":2169.766689263,"data":"  return super().apply(*args, **kwargs)  # type: ignore[misc]\n"}
,{"stream_name":"stdout","time":2179.905516361,"data":"{'loss': '0.3853', 'grad_norm': '16.79', 'learning_rate': '1.093e-05', 'epoch': '7.09'}\n"}
,{"stream_name":"stdout","time":2222.031523136,"data":"{'loss': '0.3246', 'grad_norm': '19.95', 'learning_rate': '9.534e-06', 'epoch': '7.463'}\n"}
,{"stream_name":"stdout","time":2262.960882509,"data":"{'loss': '0.3033', 'grad_norm': '24.83', 'learning_rate': '8.136e-06', 'epoch': '7.836'}\n"}
,{"stream_name":"stdout","time":2288.44606752,"data":"{'eval_loss': '2.39', 'eval_accuracy': '0.6857', 'eval_macro_f1': '0.6553', 'eval_weighted_f1': '0.6815', 'eval_precision_negative': '0.5633', 'eval_recall_negative': '0.4807', 'eval_f1_negative': '0.5187', 'eval_precision_neutral': '0.7095', 'eval_recall_neutral': '0.6773', 'eval_f1_neutral': '0.693', 'eval_precision_positive': '0.7158', 'eval_recall_positive': '0.7969', 'eval_f1_positive': '0.7542', 'eval_runtime': '8.166', 'eval_samples_per_second': '222.5', 'eval_steps_per_second': '1.837', 'epoch': '8'}\n"}
,{"stream_name":"stderr","time":2289.208919251,"data":"\rWriting model shards:   0%|          | 0/1 [00:00\u003c?, ?it/s]\rWriting model shards: 100%|██████████| 1/1 [00:00\u003c00:00,  1.33it/s]\rWriting model shards: 100%|██████████| 1/1 [00:00\u003c00:00,  1.33it/s]\n"}
,{"stream_name":"stderr","time":2291.064031157,"data":"/usr/local/lib/python3.13/dist-packages/torch/autograd/function.py:596: UserWarning: Was asked to gather along dimension 0, but all input tensors were scalars; will instead unsqueeze and return a vector.\n"}
,{"stream_name":"stderr","time":2291.064066867,"data":"  return super().apply(*args, **kwargs)  # type: ignore[misc]\n"}
,{"stream_name":"stdout","time":2314.053465136,"data":"{'loss': '0.2665', 'grad_norm': '30.1', 'learning_rate': '6.738e-06', 'epoch': '8.209'}\n"}
,{"stream_name":"stdout","time":2355.761009927,"data":"{'loss': '0.2633', 'grad_norm': '22.91', 'learning_rate': '5.34e-06', 'epoch': '8.582'}\n"}
,{"stream_name":"stdout","time":2397.585579577,"data":"{'loss': '0.2202', 'grad_norm': '19.63', 'learning_rate': '3.942e-06', 'epoch': '8.955'}\n"}
,{"stream_name":"stdout","time":2410.097603642,"data":"{'eval_loss': '2.515', 'eval_accuracy': '0.689', 'eval_macro_f1': '0.6612', 'eval_weighted_f1': '0.6868', 'eval_precision_negative': '0.5482', 'eval_recall_negative': '0.5116', 'eval_f1_negative': '0.5293', 'eval_precision_neutral': '0.7118', 'eval_recall_neutral': '0.6773', 'eval_f1_neutral': '0.6941', 'eval_precision_positive': '0.7337', 'eval_recall_positive': '0.7891', 'eval_f1_positive': '0.7604', 'eval_runtime': '8.088', 'eval_samples_per_second': '224.7', 'eval_steps_per_second': '1.855', 'epoch': '9'}\n"}
,{"stream_name":"stderr","time":2410.833286392,"data":"\rWriting model shards:   0%|          | 0/1 [00:00\u003c?, ?it/s]\rWriting model shards: 100%|██████████| 1/1 [00:00\u003c00:00,  1.38it/s]\rWriting model shards: 100%|██████████| 1/1 [00:00\u003c00:00,  1.38it/s]\n"}
,{"stream_name":"stdout","time":2412.595782251,"data":"{'train_runtime': '1096', 'train_samples_per_second': '77.78', 'train_steps_per_second': '1.223', 'train_loss': '0.9611', 'epoch': '9'}\n"}
,{"stream_name":"stderr","time":2412.797332982,"data":"[transformers] There were missing keys in the checkpoint model loaded: ['bert.embeddings.LayerNorm.weight', 'bert.embeddings.LayerNorm.bias', 'bert.encoder.layer.0.attention.output.LayerNorm.weight', 'bert.encoder.layer.0.attention.output.LayerNorm.bias', 'bert.encoder.layer.0.output.LayerNorm.weight', 'bert.encoder.layer.0.output.LayerNorm.bias', 'bert.encoder.layer.1.attention.output.LayerNorm.weight', 'bert.encoder.layer.1.attention.output.LayerNorm.bias', 'bert.encoder.layer.1.output.LayerNorm.weight', 'bert.encoder.layer.1.output.LayerNorm.bias', 'bert.encoder.layer.2.attention.output.LayerNorm.weight', 'bert.encoder.layer.2.attention.output.LayerNorm.bias', 'bert.encoder.layer.2.output.LayerNorm.weight', 'bert.encoder.layer.2.output.LayerNorm.bias', 'bert.encoder.layer.3.attention.output.LayerNorm.weight', 'bert.encoder.layer.3.attention.output.LayerNorm.bias', 'bert.encoder.layer.3.output.LayerNorm.weight', 'bert.encoder.layer.3.output.LayerNorm.bias', 'bert.encoder.layer.4.attention.output.LayerNorm.weight', 'bert.encoder.layer.4.attention.output.LayerNorm.bias', 'bert.encoder.layer.4.output.LayerNorm.weight', 'bert.encoder.layer.4.output.LayerNorm.bias', 'bert.encoder.layer.5.attention.output.LayerNorm.weight', 'bert.encoder.layer.5.attention.output.LayerNorm.bias', 'bert.encoder.layer.5.output.LayerNorm.weight', 'bert.encoder.layer.5.output.LayerNorm.bias', 'bert.encoder.layer.6.attention.output.LayerNorm.weight', 'bert.encoder.layer.6.attention.output.LayerNorm.bias', 'bert.encoder.layer.6.output.LayerNorm.weight', 'bert.encoder.layer.6.output.LayerNorm.bias', 'bert.encoder.layer.7.attention.output.LayerNorm.weight', 'bert.encoder.layer.7.attention.output.LayerNorm.bias', 'bert.encoder.layer.7.output.LayerNorm.weight', 'bert.encoder.layer.7.output.LayerNorm.bias', 'bert.encoder.layer.8.attention.output.LayerNorm.weight', 'bert.encoder.layer.8.attention.output.LayerNorm.bias', 'bert.encoder.layer.8.output.LayerNorm.weight', 'bert.encoder.layer.8.output.LayerNorm.bias', 'bert.encoder.layer.9.attention.output.LayerNorm.weight', 'bert.encoder.layer.9.attention.output.LayerNorm.bias', 'bert.encoder.layer.9.output.LayerNorm.weight', 'bert.encoder.layer.9.output.LayerNorm.bias', 'bert.encoder.layer.10.attention.output.LayerNorm.weight', 'bert.encoder.layer.10.attention.output.LayerNorm.bias', 'bert.encoder.layer.10.output.LayerNorm.weight', 'bert.encoder.layer.10.output.LayerNorm.bias', 'bert.encoder.layer.11.attention.output.LayerNorm.weight', 'bert.encoder.layer.11.attention.output.LayerNorm.bias', 'bert.encoder.layer.11.output.LayerNorm.weight', 'bert.encoder.layer.11.output.LayerNorm.bias'].\n"}
,{"stream_name":"stderr","time":2412.797384065,"data":"[transformers] There were unexpected keys in the checkpoint model loaded: ['bert.embeddings.LayerNorm.beta', 'bert.embeddings.LayerNorm.gamma', 'bert.encoder.layer.0.attention.output.LayerNorm.beta', 'bert.encoder.layer.0.attention.output.LayerNorm.gamma', 'bert.encoder.layer.0.output.LayerNorm.beta', 'bert.encoder.layer.0.output.LayerNorm.gamma', 'bert.encoder.layer.1.attention.output.LayerNorm.beta', 'bert.encoder.layer.1.attention.output.LayerNorm.gamma', 'bert.encoder.layer.1.output.LayerNorm.beta', 'bert.encoder.layer.1.output.LayerNorm.gamma', 'bert.encoder.layer.2.attention.output.LayerNorm.beta', 'bert.encoder.layer.2.attention.output.LayerNorm.gamma', 'bert.encoder.layer.2.output.LayerNorm.beta', 'bert.encoder.layer.2.output.LayerNorm.gamma', 'bert.encoder.layer.3.attention.output.LayerNorm.beta', 'bert.encoder.layer.3.attention.output.LayerNorm.gamma', 'bert.encoder.layer.3.output.LayerNorm.beta', 'bert.encoder.layer.3.output.LayerNorm.gamma', 'bert.encoder.layer.4.attention.output.LayerNorm.beta', 'bert.encoder.layer.4.attention.output.LayerNorm.gamma', 'bert.encoder.layer.4.output.LayerNorm.beta', 'bert.encoder.layer.4.output.LayerNorm.gamma', 'bert.encoder.layer.5.attention.output.LayerNorm.beta', 'bert.encoder.layer.5.attention.output.LayerNorm.gamma', 'bert.encoder.layer.5.output.LayerNorm.beta', 'bert.encoder.layer.5.output.LayerNorm.gamma', 'bert.encoder.layer.6.attention.output.LayerNorm.beta', 'bert.encoder.layer.6.attention.output.LayerNorm.gamma', 'bert.encoder.layer.6.output.LayerNorm.beta', 'bert.encoder.layer.6.output.LayerNorm.gamma', 'bert.encoder.layer.7.attention.output.LayerNorm.beta', 'bert.encoder.layer.7.attention.output.LayerNorm.gamma', 'bert.encoder.layer.7.output.LayerNorm.beta', 'bert.encoder.layer.7.output.LayerNorm.gamma', 'bert.encoder.layer.8.attention.output.LayerNorm.beta', 'bert.encoder.layer.8.attention.output.LayerNorm.gamma', 'bert.encoder.layer.8.output.LayerNorm.beta', 'bert.encoder.layer.8.output.LayerNorm.gamma', 'bert.encoder.layer.9.attention.output.LayerNorm.beta', 'bert.encoder.layer.9.attention.output.LayerNorm.gamma', 'bert.encoder.layer.9.output.LayerNorm.beta', 'bert.encoder.layer.9.output.LayerNorm.gamma', 'bert.encoder.layer.10.attention.output.LayerNorm.beta', 'bert.encoder.layer.10.attention.output.LayerNorm.gamma', 'bert.encoder.layer.10.output.LayerNorm.beta', 'bert.encoder.layer.10.output.LayerNorm.gamma', 'bert.encoder.layer.11.attention.output.LayerNorm.beta', 'bert.encoder.layer.11.attention.output.LayerNorm.gamma', 'bert.encoder.layer.11.output.LayerNorm.beta', 'bert.encoder.layer.11.output.LayerNorm.gamma'].\n"}
,{"stream_name":"stderr","time":2413.873668171,"data":"/usr/local/lib/python3.13/dist-packages/torch/autograd/function.py:596: UserWarning: Was asked to gather along dimension 0, but all input tensors were scalars; will instead unsqueeze and return a vector.\n"}
,{"stream_name":"stderr","time":2413.873701628,"data":"  return super().apply(*args, **kwargs)  # type: ignore[misc]\n"}
,{"stream_name":"stdout","time":2423.141483471,"data":"[dev/original/all] macro-F1 0.7035  weighted-F1 0.7263\n"}
,{"stream_name":"stdout","time":2423.141520598,"data":"[dev/original/clean] macro-F1 0.6699  weighted-F1 0.6945\n"}
,{"stream_name":"stderr","time":2424.128331265,"data":"/usr/local/lib/python3.13/dist-packages/torch/autograd/function.py:596: UserWarning: Was asked to gather along dimension 0, but all input tensors were scalars; will instead unsqueeze and return a vector.\n"}
,{"stream_name":"stderr","time":2424.128368582,"data":"  return super().apply(*args, **kwargs)  # type: ignore[misc]\n"}
,{"stream_name":"stdout","time":2432.298655054,"data":"[dev/no_tones/all] macro-F1 0.6323  weighted-F1 0.6586\n"}
,{"stream_name":"stdout","time":2432.298688348,"data":"[dev/no_tones/clean] macro-F1 0.6037  weighted-F1 0.6323\n"}
,{"stream_name":"stderr","time":2433.327022031,"data":"/usr/local/lib/python3.13/dist-packages/torch/autograd/function.py:596: UserWarning: Was asked to gather along dimension 0, but all input tensors were scalars; will instead unsqueeze and return a vector.\n"}
,{"stream_name":"stderr","time":2433.327052246,"data":"  return super().apply(*args, **kwargs)  # type: ignore[misc]\n"}
,{"stream_name":"stdout","time":2440.479349278,"data":"[dev/no_diacritics/all] macro-F1 0.6075  weighted-F1 0.6318\n"}
,{"stream_name":"stdout","time":2440.479382706,"data":"[dev/no_diacritics/clean] macro-F1 0.5863  weighted-F1 0.6123\n"}
,{"stream_name":"stdout","time":2442.226030779,"data":"=== configs/e3a_mbert.yaml seed 44 ===\n"}
,{"stream_name":"stderr","time":2452.164998314,"data":"Warning: You are sending unauthenticated requests to the HF Hub. Please set a HF_TOKEN to enable higher rate limits and faster downloads.\n"}
,{"stream_name":"stderr","time":2454.03900512,"data":"\rLoading weights:   0%|          | 0/199 [00:00\u003c?, ?it/s]\rLoading weights: 100%|██████████| 199/199 [00:00\u003c00:00, 2824.54it/s]\n"}
,{"stream_name":"stderr","time":2454.045290308,"data":"[transformers] \u001b[1mBertForSequenceClassification LOAD REPORT\u001b[0m from: google-bert/bert-base-multilingual-cased\n"}
,{"stream_name":"stderr","time":2454.045309143,"data":"Key                                        | Status     | \n"}
,{"stream_name":"stderr","time":2454.045313984,"data":"-------------------------------------------+------------+-\n"}
,{"stream_name":"stderr","time":2454.045318043,"data":"cls.predictions.transform.dense.weight     | UNEXPECTED | \n"}
,{"stream_name":"stderr","time":2454.045321993,"data":"cls.predictions.bias                       | UNEXPECTED | \n"}
,{"stream_name":"stderr","time":2454.045325538,"data":"cls.predictions.transform.LayerNorm.weight | UNEXPECTED | \n"}
,{"stream_name":"stderr","time":2454.045328927,"data":"cls.predictions.transform.LayerNorm.bias   | UNEXPECTED | \n"}
,{"stream_name":"stderr","time":2454.045332263,"data":"cls.seq_relationship.bias                  | UNEXPECTED | \n"}
,{"stream_name":"stderr","time":2454.045335559,"data":"cls.seq_relationship.weight                | UNEXPECTED | \n"}
,{"stream_name":"stderr","time":2454.045340416,"data":"cls.predictions.transform.dense.bias       | UNEXPECTED | \n"}
,{"stream_name":"stderr","time":2454.045346873,"data":"classifier.weight                          | MISSING    | \n"}
,{"stream_name":"stderr","time":2454.045349113,"data":"classifier.bias                            | MISSING    | \n"}
,{"stream_name":"stderr","time":2454.045351395,"data":"\n"}
,{"stream_name":"stderr","time":2454.045353631,"data":"Notes:\n"}
,{"stream_name":"stderr","time":2454.045355807,"data":"- UNEXPECTED:\tcan be ignored when loading from different task/architecture; not ok if you expect identical arch.\n"}
,{"stream_name":"stderr","time":2454.045358305,"data":"- MISSING:\tthose params were newly initialized because missing from the checkpoint. Consider training on your downstream task.\n"}
,{"stream_name":"stderr","time":2457.978119297,"data":"/usr/local/lib/python3.13/dist-packages/torch/autograd/function.py:596: UserWarning: Was asked to gather along dimension 0, but all input tensors were scalars; will instead unsqueeze and return a vector.\n"}
,{"stream_name":"stderr","time":2457.978158691,"data":"  return super().apply(*args, **kwargs)  # type: ignore[misc]\n"}
,{"stream_name":"stdout","time":2501.362821516,"data":"{'loss': '2.157', 'grad_norm': '4.627', 'learning_rate': '5.506e-06', 'epoch': '0.3731'}\n"}
,{"stream_name":"stdout","time":2542.283821682,"data":"{'loss': '1.997', 'grad_norm': '13.11', 'learning_rate': '1.112e-05', 'epoch': '0.7463'}\n"}
,{"stream_name":"stdout","time":2578.547098602,"data":"{'eval_loss': '1.774', 'eval_accuracy': '0.5878', 'eval_macro_f1': '0.4974', 'eval_weighted_f1': '0.553', 'eval_precision_negative': '0.4261', 'eval_recall_negative': '0.126', 'eval_f1_negative': '0.1944', 'eval_precision_neutral': '0.5827', 'eval_recall_neutral': '0.6727', 'eval_f1_neutral': '0.6245', 'eval_precision_positive': '0.6117', 'eval_recall_positive': '0.7487', 'eval_f1_positive': '0.6733', 'eval_runtime': '8.347', 'eval_samples_per_second': '217.7', 'eval_steps_per_second': '1.797', 'epoch': '1'}\n"}
,{"stream_name":"stderr","time":2579.458235906,"data":"\rWriting model shards:   0%|          | 0/1 [00:00\u003c?, ?it/s]\rWriting model shards: 100%|██████████| 1/1 [00:00\u003c00:00,  1.12it/s]\rWriting model shards: 100%|██████████| 1/1 [00:00\u003c00:00,  1.12it/s]\n"}
,{"stream_name":"stderr","time":2581.253882697,"data":"/usr/local/lib/python3.13/dist-packages/torch/autograd/function.py:596: UserWarning: Was asked to gather along dimension 0, but all input tensors were scalars; will instead unsqueeze and return a vector.\n"}
,{"stream_name":"stderr","time":2581.253910504,"data":"  return super().apply(*args, **kwargs)  # type: ignore[misc]\n"}
,{"stream_name":"stdout","time":2594.349894975,"data":"{'loss': '1.869', 'grad_norm': '18.11', 'learning_rate': '1.674e-05', 'epoch': '1.119'}\n"}
,{"stream_name":"stdout","time":2636.308065777,"data":"{'loss': '1.728', 'grad_norm': '23.73', 'learning_rate': '2.236e-05', 'epoch': '1.493'}\n"}
,{"stream_name":"stdout","time":2678.290423363,"data":"{'loss': '1.699', 'grad_norm': '11.1', 'learning_rate': '2.798e-05', 'epoch': '1.866'}\n"}
,{"stream_name":"stdout","time":2700.653531703,"data":"{'eval_loss': '1.636', 'eval_accuracy': '0.65', 'eval_macro_f1': '0.6021', 'eval_weighted_f1': '0.638', 'eval_precision_negative': '0.5282', 'eval_recall_negative': '0.3368', 'eval_f1_negative': '0.4113', 'eval_precision_neutral': '0.6554', 'eval_recall_neutral': '0.6773', 'eval_f1_neutral': '0.6662', 'eval_precision_positive': '0.6798', 'eval_recall_positive': '0.7852', 'eval_f1_positive': '0.7287', 'eval_runtime': '8.117', 'eval_samples_per_second': '223.8', 'eval_steps_per_second': '1.848', 'epoch': '2'}\n"}
,{"stream_name":"stderr","time":2701.551471364,"data":"\rWriting model shards:   0%|          | 0/1 [00:00\u003c?, ?it/s]\rWriting model shards: 100%|██████████| 1/1 [00:00\u003c00:00,  1.13it/s]\rWriting model shards: 100%|██████████| 1/1 [00:00\u003c00:00,  1.13it/s]\n"}
,{"stream_name":"stderr","time":2703.447562473,"data":"/usr/local/lib/python3.13/dist-packages/torch/autograd/function.py:596: UserWarning: Was asked to gather along dimension 0, but all input tensors were scalars; will instead unsqueeze and return a vector.\n"}
,{"stream_name":"stderr","time":2703.447597106,"data":"  return super().apply(*args, **kwargs)  # type: ignore[misc]\n"}
,{"stream_name":"stdout","time":2730.066383809,"data":"{'loss': '1.549', 'grad_norm': '29.67', 'learning_rate': '2.911e-05', 'epoch': '2.239'}\n"}
,{"stream_name":"stdout","time":2772.034257764,"data":"{'loss': '1.512', 'grad_norm': '10.53', 'learning_rate': '2.771e-05', 'epoch': '2.612'}\n"}
,{"stream_name":"stdout","time":2814.116903028,"data":"{'loss': '1.389', 'grad_norm': '16.14', 'learning_rate': '2.631e-05', 'epoch': '2.985'}\n"}
,{"stream_name":"stdout","time":2823.391599032,"data":"{'eval_loss': '1.56', 'eval_accuracy': '0.6549', 'eval_macro_f1': '0.6432', 'eval_weighted_f1': '0.6622', 'eval_precision_negative': '0.4625', 'eval_recall_negative': '0.6504', 'eval_f1_negative': '0.5406', 'eval_precision_neutral': '0.674', 'eval_recall_neutral': '0.6955', 'eval_f1_neutral': '0.6846', 'eval_precision_positive': '0.8115', 'eval_recall_positive': '0.6224', 'eval_f1_positive': '0.7045', 'eval_runtime': '8.221', 'eval_samples_per_second': '221', 'eval_steps_per_second': '1.825', 'epoch': '3'}\n"}
,{"stream_name":"stderr","time":2824.215666999,"data":"\rWriting model shards:   0%|          | 0/1 [00:00\u003c?, ?it/s]\rWriting model shards: 100%|██████████| 1/1 [00:00\u003c00:00,  1.23it/s]\rWriting model shards: 100%|██████████| 1/1 [00:00\u003c00:00,  1.23it/s]\n"}
,{"stream_name":"stderr","time":2826.078732212,"data":"/usr/local/lib/python3.13/dist-packages/torch/autograd/function.py:596: UserWarning: Was asked to gather along dimension 0, but all input tensors were scalars; will instead unsqueeze and return a vector.\n"}
,{"stream_name":"stderr","time":2826.0787577,"data":"  return super().apply(*args, **kwargs)  # type: ignore[misc]\n"}
,{"stream_name":"stdout","time":2866.097538266,"data":"{'loss': '1.262', 'grad_norm': '18.81', 'learning_rate': '2.491e-05', 'epoch': '3.358'}\n"}
,{"stream_name":"stdout","time":2908.175192445,"data":"{'loss': '1.098', 'grad_norm': '13.31', 'learning_rate': '2.351e-05', 'epoch': '3.731'}\n"}
,{"stream_name":"stdout","time":2946.110196598,"data":"{'eval_loss': '1.62', 'eval_accuracy': '0.6846', 'eval_macro_f1': '0.6443', 'eval_weighted_f1': '0.6757', 'eval_precision_negative': '0.5985', 'eval_recall_negative': '0.3985', 'eval_f1_negative': '0.4784', 'eval_precision_neutral': '0.6667', 'eval_recall_neutral': '0.7303', 'eval_f1_neutral': '0.697', 'eval_precision_positive': '0.7269', 'eval_recall_positive': '0.7904', 'eval_f1_positive': '0.7573', 'eval_runtime': '8.135', 'eval_samples_per_second': '223.4', 'eval_steps_per_second': '1.844', 'epoch': '4'}\n"}
,{"stream_name":"stderr","time":2946.916619161,"data":"\rWriting model shards:   0%|          | 0/1 [00:00\u003c?, ?it/s]\rWriting model shards: 100%|██████████| 1/1 [00:00\u003c00:00,  1.26it/s]\rWriting model shards: 100%|██████████| 1/1 [00:00\u003c00:00,  1.26it/s]\n"}
,{"stream_name":"stderr","time":2948.799944531,"data":"/usr/local/lib/python3.13/dist-packages/torch/autograd/function.py:596: UserWarning: Was asked to gather along dimension 0, but all input tensors were scalars; will instead unsqueeze and return a vector.\n"}
,{"stream_name":"stderr","time":2948.799987107,"data":"  return super().apply(*args, **kwargs)  # type: ignore[misc]\n"}
,{"stream_name":"stdout","time":2959.9657753,"data":"{'loss': '1.038', 'grad_norm': '27.07', 'learning_rate': '2.212e-05', 'epoch': '4.104'}\n"}
,{"stream_name":"stdout","time":3001.084912573,"data":"{'loss': '0.8161', 'grad_norm': '27.02', 'learning_rate': '2.072e-05', 'epoch': '4.478'}\n"}
,{"stream_name":"stdout","time":3043.248887931,"data":"{'loss': '0.8204', 'grad_norm': '16.99', 'learning_rate': '1.932e-05', 'epoch': '4.851'}\n"}
,{"stream_name":"stdout","time":3067.754850372,"data":"{'eval_loss': '1.655', 'eval_accuracy': '0.6868', 'eval_macro_f1': '0.6569', 'eval_weighted_f1': '0.682', 'eval_precision_negative': '0.6', 'eval_recall_negative': '0.4704', 'eval_f1_negative': '0.5274', 'eval_precision_neutral': '0.6789', 'eval_recall_neutral': '0.7015', 'eval_f1_neutral': '0.69', 'eval_precision_positive': '0.7253', 'eval_recall_positive': '0.7839', 'eval_f1_positive': '0.7534', 'eval_runtime': '8.142', 'eval_samples_per_second': '223.2', 'eval_steps_per_second': '1.842', 'epoch': '5'}\n"}
,{"stream_name":"stderr","time":3068.662719532,"data":"\rWriting model shards:   0%|          | 0/1 [00:00\u003c?, ?it/s]\rWriting model shards: 100%|██████████| 1/1 [00:00\u003c00:00,  1.12it/s]\rWriting model shards: 100%|██████████| 1/1 [00:00\u003c00:00,  1.12it/s]\n"}
,{"stream_name":"stderr","time":3070.530329038,"data":"/usr/local/lib/python3.13/dist-packages/torch/autograd/function.py:596: UserWarning: Was asked to gather along dimension 0, but all input tensors were scalars; will instead unsqueeze and return a vector.\n"}
,{"stream_name":"stderr","time":3070.530367644,"data":"  return super().apply(*args, **kwargs)  # type: ignore[misc]\n"}
,{"stream_name":"stdout","time":3095.595835232,"data":"{'loss': '0.684', 'grad_norm': '19.16', 'learning_rate': '1.792e-05', 'epoch': '5.224'}\n"}
,{"stream_name":"stdout","time":3137.553988689,"data":"{'loss': '0.608', 'grad_norm': '20.43', 'learning_rate': '1.652e-05', 'epoch': '5.597'}\n"}
,{"stream_name":"stdout","time":3178.472102502,"data":"{'loss': '0.6113', 'grad_norm': '24.87', 'learning_rate': '1.513e-05', 'epoch': '5.97'}\n"}
,{"stream_name":"stdout","time":3189.396657534,"data":"{'eval_loss': '2.087', 'eval_accuracy': '0.6758', 'eval_macro_f1': '0.6441', 'eval_weighted_f1': '0.672', 'eval_precision_negative': '0.55', 'eval_recall_negative': '0.4524', 'eval_f1_negative': '0.4965', 'eval_precision_neutral': '0.6625', 'eval_recall_neutral': '0.7258', 'eval_f1_neutral': '0.6927', 'eval_precision_positive': '0.7403', 'eval_recall_positive': '0.7461', 'eval_f1_positive': '0.7432', 'eval_runtime': '8.202', 'eval_samples_per_second': '221.5', 'eval_steps_per_second': '1.829', 'epoch': '6'}\n"}
,{"stream_name":"stderr","time":3190.171004496,"data":"\rWriting model shards:   0%|          | 0/1 [00:00\u003c?, ?it/s]\rWriting model shards: 100%|██████████| 1/1 [00:00\u003c00:00,  1.31it/s]\rWriting model shards: 100%|██████████| 1/1 [00:00\u003c00:00,  1.31it/s]\n"}
,{"stream_name":"stderr","time":3191.934788186,"data":"/usr/local/lib/python3.13/dist-packages/torch/autograd/function.py:596: UserWarning: Was asked to gather along dimension 0, but all input tensors were scalars; will instead unsqueeze and return a vector.\n"}
,{"stream_name":"stderr","time":3191.934825601,"data":"  return super().apply(*args, **kwargs)  # type: ignore[misc]\n"}
,{"stream_name":"stdout","time":3230.373227343,"data":"{'loss': '0.4498', 'grad_norm': '25.43', 'learning_rate': '1.373e-05', 'epoch': '6.343'}\n"}
,{"stream_name":"stdout","time":3272.40502638,"data":"{'loss': '0.4247', 'grad_norm': '32.99', 'learning_rate': '1.233e-05', 'epoch': '6.716'}\n"}
,{"stream_name":"stdout","time":3310.793905831,"data":"{'eval_loss': '2.313', 'eval_accuracy': '0.6863', 'eval_macro_f1': '0.6542', 'eval_weighted_f1': '0.681', 'eval_precision_negative': '0.5801', 'eval_recall_negative': '0.4653', 'eval_f1_negative': '0.5164', 'eval_precision_neutral': '0.6923', 'eval_recall_neutral': '0.6818', 'eval_f1_neutral': '0.687', 'eval_precision_positive': '0.7205', 'eval_recall_positive': '0.8021', 'eval_f1_positive': '0.7591', 'eval_runtime': '8.07', 'eval_samples_per_second': '225.1', 'eval_steps_per_second': '1.859', 'epoch': '7'}\n"}
,{"stream_name":"stderr","time":3311.559256693,"data":"\rWriting model shards:   0%|          | 0/1 [00:00\u003c?, ?it/s]\rWriting model shards: 100%|██████████| 1/1 [00:00\u003c00:00,  1.33it/s]\rWriting model shards: 100%|██████████| 1/1 [00:00\u003c00:00,  1.33it/s]\n"}
,{"stream_name":"stderr","time":3313.43962002,"data":"/usr/local/lib/python3.13/dist-packages/torch/autograd/function.py:596: UserWarning: Was asked to gather along dimension 0, but all input tensors were scalars; will instead unsqueeze and return a vector.\n"}
,{"stream_name":"stderr","time":3313.439649054,"data":"  return super().apply(*args, **kwargs)  # type: ignore[misc]\n"}
,{"stream_name":"stdout","time":3323.217337664,"data":"{'loss': '0.3629', 'grad_norm': '11.45', 'learning_rate': '1.093e-05', 'epoch': '7.09'}\n"}
,{"stream_name":"stdout","time":3365.34878157,"data":"{'loss': '0.3064', 'grad_norm': '44.22', 'learning_rate': '9.534e-06', 'epoch': '7.463'}\n"}
,{"stream_name":"stdout","time":3407.141747788,"data":"{'loss': '0.2943', 'grad_norm': '24.66', 'learning_rate': '8.136e-06', 'epoch': '7.836'}\n"}
,{"stream_name":"stdout","time":3433.136217873,"data":"{'eval_loss': '2.453', 'eval_accuracy': '0.6929', 'eval_macro_f1': '0.6598', 'eval_weighted_f1': '0.6867', 'eval_precision_negative': '0.5909', 'eval_recall_negative': '0.4679', 'eval_f1_negative': '0.5222', 'eval_precision_neutral': '0.7059', 'eval_recall_neutral': '0.6727', 'eval_f1_neutral': '0.6889', 'eval_precision_positive': '0.7193', 'eval_recall_positive': '0.8242', 'eval_f1_positive': '0.7682', 'eval_runtime': '8.114', 'eval_samples_per_second': '223.9', 'eval_steps_per_second': '1.849', 'epoch': '8'}\n"}
,{"stream_name":"stderr","time":3433.87041846,"data":"\rWriting model shards:   0%|          | 0/1 [00:00\u003c?, ?it/s]\rWriting model shards: 100%|██████████| 1/1 [00:00\u003c00:00,  1.38it/s]\rWriting model shards: 100%|██████████| 1/1 [00:00\u003c00:00,  1.38it/s]\n"}
,{"stream_name":"stderr","time":3435.827703976,"data":"/usr/local/lib/python3.13/dist-packages/torch/autograd/function.py:596: UserWarning: Was asked to gather along dimension 0, but all input tensors were scalars; will instead unsqueeze and return a vector.\n"}
,{"stream_name":"stderr","time":3435.82773556,"data":"  return super().apply(*args, **kwargs)  # type: ignore[misc]\n"}
,{"stream_name":"stdout","time":3459.381458194,"data":"{'loss': '0.231', 'grad_norm': '17.62', 'learning_rate': '6.738e-06', 'epoch': '8.209'}\n"}
,{"stream_name":"stdout","time":3501.247125629,"data":"{'loss': '0.2274', 'grad_norm': '18.99', 'learning_rate': '5.34e-06', 'epoch': '8.582'}\n"}
,{"stream_name":"stdout","time":3542.909522501,"data":"{'loss': '0.1934', 'grad_norm': '26.97', 'learning_rate': '3.942e-06', 'epoch': '8.955'}\n"}
,{"stream_name":"stdout","time":3555.500628259,"data":"{'eval_loss': '2.666', 'eval_accuracy': '0.6879', 'eval_macro_f1': '0.6565', 'eval_weighted_f1': '0.6843', 'eval_precision_negative': '0.5652', 'eval_recall_negative': '0.4679', 'eval_f1_negative': '0.512', 'eval_precision_neutral': '0.6685', 'eval_recall_neutral': '0.7242', 'eval_f1_neutral': '0.6953', 'eval_precision_positive': '0.7564', 'eval_recall_positive': '0.7682', 'eval_f1_positive': '0.7623', 'eval_runtime': '8.176', 'eval_samples_per_second': '222.2', 'eval_steps_per_second': '1.835', 'epoch': '9'}\n"}
,{"stream_name":"stderr","time":3556.262550241,"data":"\rWriting model shards:   0%|          | 0/1 [00:00\u003c?, ?it/s]\rWriting model shards: 100%|██████████| 1/1 [00:00\u003c00:00,  1.33it/s]\rWriting model shards: 100%|██████████| 1/1 [00:00\u003c00:00,  1.33it/s]\n"}
,{"stream_name":"stderr","time":3558.033364368,"data":"/usr/local/lib/python3.13/dist-packages/torch/autograd/function.py:596: UserWarning: Was asked to gather along dimension 0, but all input tensors were scalars; will instead unsqueeze and return a vector.\n"}
,{"stream_name":"stderr","time":3558.033392314,"data":"  return super().apply(*args, **kwargs)  # type: ignore[misc]\n"}
,{"stream_name":"stdout","time":3594.59742361,"data":"{'loss': '0.1731', 'grad_norm': '6.594', 'learning_rate': '2.544e-06', 'epoch': '9.328'}\n"}
,{"stream_name":"stdout","time":3636.410524383,"data":"{'loss': '0.1414', 'grad_norm': '4.697', 'learning_rate': '1.146e-06', 'epoch': '9.701'}\n"}
,{"stream_name":"stdout","time":3676.772122715,"data":"{'eval_loss': '2.773', 'eval_accuracy': '0.6912', 'eval_macro_f1': '0.6573', 'eval_weighted_f1': '0.6856', 'eval_precision_negative': '0.6014', 'eval_recall_negative': '0.4422', 'eval_f1_negative': '0.5096', 'eval_precision_neutral': '0.6586', 'eval_recall_neutral': '0.7455', 'eval_f1_neutral': '0.6994', 'eval_precision_positive': '0.7551', 'eval_recall_positive': '0.7708', 'eval_f1_positive': '0.7629', 'eval_runtime': '8.145', 'eval_samples_per_second': '223.1', 'eval_steps_per_second': '1.842', 'epoch': '10'}\n"}
,{"stream_name":"stderr","time":3677.501521054,"data":"\rWriting model shards:   0%|          | 0/1 [00:00\u003c?, ?it/s]\rWriting model shards: 100%|██████████| 1/1 [00:00\u003c00:00,  1.39it/s]\rWriting model shards: 100%|██████████| 1/1 [00:00\u003c00:00,  1.39it/s]\n"}
,{"stream_name":"stdout","time":3679.22229861,"data":"{'train_runtime': '1223', 'train_samples_per_second': '69.7', 'train_steps_per_second': '1.096', 'train_loss': '0.8866', 'epoch': '10'}\n"}
,{"stream_name":"stderr","time":3679.414908412,"data":"[transformers] There were missing keys in the checkpoint model loaded: ['bert.embeddings.LayerNorm.weight', 'bert.embeddings.LayerNorm.bias', 'bert.encoder.layer.0.attention.output.LayerNorm.weight', 'bert.encoder.layer.0.attention.output.LayerNorm.bias', 'bert.encoder.layer.0.output.LayerNorm.weight', 'bert.encoder.layer.0.output.LayerNorm.bias', 'bert.encoder.layer.1.attention.output.LayerNorm.weight', 'bert.encoder.layer.1.attention.output.LayerNorm.bias', 'bert.encoder.layer.1.output.LayerNorm.weight', 'bert.encoder.layer.1.output.LayerNorm.bias', 'bert.encoder.layer.2.attention.output.LayerNorm.weight', 'bert.encoder.layer.2.attention.output.LayerNorm.bias', 'bert.encoder.layer.2.output.LayerNorm.weight', 'bert.encoder.layer.2.output.LayerNorm.bias', 'bert.encoder.layer.3.attention.output.LayerNorm.weight', 'bert.encoder.layer.3.attention.output.LayerNorm.bias', 'bert.encoder.layer.3.output.LayerNorm.weight', 'bert.encoder.layer.3.output.LayerNorm.bias', 'bert.encoder.layer.4.attention.output.LayerNorm.weight', 'bert.encoder.layer.4.attention.output.LayerNorm.bias', 'bert.encoder.layer.4.output.LayerNorm.weight', 'bert.encoder.layer.4.output.LayerNorm.bias', 'bert.encoder.layer.5.attention.output.LayerNorm.weight', 'bert.encoder.layer.5.attention.output.LayerNorm.bias', 'bert.encoder.layer.5.output.LayerNorm.weight', 'bert.encoder.layer.5.output.LayerNorm.bias', 'bert.encoder.layer.6.attention.output.LayerNorm.weight', 'bert.encoder.layer.6.attention.output.LayerNorm.bias', 'bert.encoder.layer.6.output.LayerNorm.weight', 'bert.encoder.layer.6.output.LayerNorm.bias', 'bert.encoder.layer.7.attention.output.LayerNorm.weight', 'bert.encoder.layer.7.attention.output.LayerNorm.bias', 'bert.encoder.layer.7.output.LayerNorm.weight', 'bert.encoder.layer.7.output.LayerNorm.bias', 'bert.encoder.layer.8.attention.output.LayerNorm.weight', 'bert.encoder.layer.8.attention.output.LayerNorm.bias', 'bert.encoder.layer.8.output.LayerNorm.weight', 'bert.encoder.layer.8.output.LayerNorm.bias', 'bert.encoder.layer.9.attention.output.LayerNorm.weight', 'bert.encoder.layer.9.attention.output.LayerNorm.bias', 'bert.encoder.layer.9.output.LayerNorm.weight', 'bert.encoder.layer.9.output.LayerNorm.bias', 'bert.encoder.layer.10.attention.output.LayerNorm.weight', 'bert.encoder.layer.10.attention.output.LayerNorm.bias', 'bert.encoder.layer.10.output.LayerNorm.weight', 'bert.encoder.layer.10.output.LayerNorm.bias', 'bert.encoder.layer.11.attention.output.LayerNorm.weight', 'bert.encoder.layer.11.attention.output.LayerNorm.bias', 'bert.encoder.layer.11.output.LayerNorm.weight', 'bert.encoder.layer.11.output.LayerNorm.bias'].\n"}
,{"stream_name":"stderr","time":3679.414970294,"data":"[transformers] There were unexpected keys in the checkpoint model loaded: ['bert.embeddings.LayerNorm.beta', 'bert.embeddings.LayerNorm.gamma', 'bert.encoder.layer.0.attention.output.LayerNorm.beta', 'bert.encoder.layer.0.attention.output.LayerNorm.gamma', 'bert.encoder.layer.0.output.LayerNorm.beta', 'bert.encoder.layer.0.output.LayerNorm.gamma', 'bert.encoder.layer.1.attention.output.LayerNorm.beta', 'bert.encoder.layer.1.attention.output.LayerNorm.gamma', 'bert.encoder.layer.1.output.LayerNorm.beta', 'bert.encoder.layer.1.output.LayerNorm.gamma', 'bert.encoder.layer.2.attention.output.LayerNorm.beta', 'bert.encoder.layer.2.attention.output.LayerNorm.gamma', 'bert.encoder.layer.2.output.LayerNorm.beta', 'bert.encoder.layer.2.output.LayerNorm.gamma', 'bert.encoder.layer.3.attention.output.LayerNorm.beta', 'bert.encoder.layer.3.attention.output.LayerNorm.gamma', 'bert.encoder.layer.3.output.LayerNorm.beta', 'bert.encoder.layer.3.output.LayerNorm.gamma', 'bert.encoder.layer.4.attention.output.LayerNorm.beta', 'bert.encoder.layer.4.attention.output.LayerNorm.gamma', 'bert.encoder.layer.4.output.LayerNorm.beta', 'bert.encoder.layer.4.output.LayerNorm.gamma', 'bert.encoder.layer.5.attention.output.LayerNorm.beta', 'bert.encoder.layer.5.attention.output.LayerNorm.gamma', 'bert.encoder.layer.5.output.LayerNorm.beta', 'bert.encoder.layer.5.output.LayerNorm.gamma', 'bert.encoder.layer.6.attention.output.LayerNorm.beta', 'bert.encoder.layer.6.attention.output.LayerNorm.gamma', 'bert.encoder.layer.6.output.LayerNorm.beta', 'bert.encoder.layer.6.output.LayerNorm.gamma', 'bert.encoder.layer.7.attention.output.LayerNorm.beta', 'bert.encoder.layer.7.attention.output.LayerNorm.gamma', 'bert.encoder.layer.7.output.LayerNorm.beta', 'bert.encoder.layer.7.output.LayerNorm.gamma', 'bert.encoder.layer.8.attention.output.LayerNorm.beta', 'bert.encoder.layer.8.attention.output.LayerNorm.gamma', 'bert.encoder.layer.8.output.LayerNorm.beta', 'bert.encoder.layer.8.output.LayerNorm.gamma', 'bert.encoder.layer.9.attention.output.LayerNorm.beta', 'bert.encoder.layer.9.attention.output.LayerNorm.gamma', 'bert.encoder.layer.9.output.LayerNorm.beta', 'bert.encoder.layer.9.output.LayerNorm.gamma', 'bert.encoder.layer.10.attention.output.LayerNorm.beta', 'bert.encoder.layer.10.attention.output.LayerNorm.gamma', 'bert.encoder.layer.10.output.LayerNorm.beta', 'bert.encoder.layer.10.output.LayerNorm.gamma', 'bert.encoder.layer.11.attention.output.LayerNorm.beta', 'bert.encoder.layer.11.attention.output.LayerNorm.gamma', 'bert.encoder.layer.11.output.LayerNorm.beta', 'bert.encoder.layer.11.output.LayerNorm.gamma'].\n"}
,{"stream_name":"stderr","time":3680.504510004,"data":"/usr/local/lib/python3.13/dist-packages/torch/autograd/function.py:596: UserWarning: Was asked to gather along dimension 0, but all input tensors were scalars; will instead unsqueeze and return a vector.\n"}
,{"stream_name":"stderr","time":3680.504543803,"data":"  return super().apply(*args, **kwargs)  # type: ignore[misc]\n"}
,{"stream_name":"stdout","time":3689.894271999,"data":"[dev/original/all] macro-F1 0.6970  weighted-F1 0.7212\n"}
,{"stream_name":"stdout","time":3689.894310227,"data":"[dev/original/clean] macro-F1 0.6598  weighted-F1 0.6867\n"}
,{"stream_name":"stderr","time":3690.872098086,"data":"/usr/local/lib/python3.13/dist-packages/torch/autograd/function.py:596: UserWarning: Was asked to gather along dimension 0, but all input tensors were scalars; will instead unsqueeze and return a vector.\n"}
,{"stream_name":"stderr","time":3690.872131768,"data":"  return super().apply(*args, **kwargs)  # type: ignore[misc]\n"}
,{"stream_name":"stdout","time":3699.078862359,"data":"[dev/no_tones/all] macro-F1 0.6138  weighted-F1 0.6456\n"}
,{"stream_name":"stdout","time":3699.078910119,"data":"[dev/no_tones/clean] macro-F1 0.5854  weighted-F1 0.6199\n"}
,{"stream_name":"stderr","time":3700.046735732,"data":"/usr/local/lib/python3.13/dist-packages/torch/autograd/function.py:596: UserWarning: Was asked to gather along dimension 0, but all input tensors were scalars; will instead unsqueeze and return a vector.\n"}
,{"stream_name":"stderr","time":3700.046769984,"data":"  return super().apply(*args, **kwargs)  # type: ignore[misc]\n"}
,{"stream_name":"stdout","time":3707.140622621,"data":"[dev/no_diacritics/all] macro-F1 0.6066  weighted-F1 0.6351\n"}
,{"stream_name":"stdout","time":3707.14065707,"data":"[dev/no_diacritics/clean] macro-F1 0.5791  weighted-F1 0.6096\n"}
,{"stream_name":"stderr","time":3711.253653937,"data":"/usr/local/lib/python3.13/dist-packages/mistune.py:435: SyntaxWarning: invalid escape sequence '\\|'\n"}
,{"stream_name":"stderr","time":3711.253685962,"data":"  cells[i][c] = re.sub('\\\\\\\\\\|', '|', cell)\n"}
,{"stream_name":"stderr","time":3711.475343897,"data":"/usr/local/lib/python3.13/dist-packages/nbconvert/filters/filter_links.py:36: SyntaxWarning: invalid escape sequence '\\_'\n"}
,{"stream_name":"stderr","time":3711.475377432,"data":"  text = re.sub(r'_', '\\_', text) # Escape underscores in display text\n"}
,{"stream_name":"stderr","time":3712.280666138,"data":"[NbConvertApp] Converting notebook __script__.ipynb to html\n"}
,{"stream_name":"stderr","time":3713.255245793,"data":"[NbConvertApp] Writing 315502 bytes to __results__.html\n"}
]